7:41:42 AM [vite] warning: `optimizeDeps.esbuildOptions` option was specified by "vite:react-swc" plugin. This option is deprecated, please use `optimizeDeps.rolldownOptions` instead.

 RUN  v4.1.3 /Users/amauricia/Documents/GitHub/sumo-manager-pro

 ❯ src/contexts/__tests__/financeSlice.test.ts (0 test)
 ❯ src/contexts/__tests__/gameReducer.test.ts (0 test)
 ❯ src/test/engine/utils/string.test.ts (9 tests | 3 failed) 21ms
       ✓ should capitalize the first letter of a string 2ms
       ✓ should return an empty string if given an empty string 0ms
       ✓ should return an empty string for falsy values 0ms
       × should format a number as Japanese Yen 16ms
       × should format 0 as Japanese Yen 1ms
       × should format negative numbers as Japanese Yen 0ms
       ✓ should return the shikona if present 0ms
       ✓ should return the name if shikona is not present 0ms
       ✓ should return "Unknown Rikishi" if neither are present 0ms
 ❯ src/engine/__tests__/h2h.test.ts (14 tests | 1 failed) 11ms
     ✓ returns zeroed report when neither has faced the other 2ms
     ✓ counts wins for A correctly 0ms
     ✓ counts wins for B when B dominates 0ms
     ✓ ignores history entries against unrelated opponents 0ms
     ✓ returns recent meetings sorted newest-first by year then day 0ms
     ✓ caps recent meetings at 5 entries 0ms
     ✓ sets winnerId correctly for each meeting 0ms
     ✓ records kimarite from MatchResultLog 0ms
     ✓ increments winner.h2h[loser.id].wins and sets lastMatch 0ms
     ✓ increments loser.h2h[winner.id].losses 0ms
     ✓ accumulates on repeated calls 0ms
     ✓ returns a non-empty string for first meeting 1ms
     ✓ returns a non-empty string for established rivalry 0ms
     × is deterministic for identical inputs 5ms
 ❯ src/__tests__/routes.test.tsx (0 test)
stderr | src/engine/__tests__/governance/GovernanceService.test.ts > reportScandal — score bumps > adds 5 for minor severity
BardEngine: No options found at path "events.governance.title" (Intensity: 2)
BardEngine: No options found at path "events.governance.summary" (Intensity: 2)

stderr | src/engine/__tests__/governance/GovernanceService.test.ts > reportScandal — score bumps > adds 15 for major severity
BardEngine: No options found at path "events.governance.title" (Intensity: 2)
BardEngine: No options found at path "events.governance.summary" (Intensity: 2)

stderr | src/engine/__tests__/governance/GovernanceService.test.ts > reportScandal — score bumps > adds 30 for critical severity
BardEngine: No options found at path "events.governance.title" (Intensity: 2)
BardEngine: No options found at path "events.governance.summary" (Intensity: 2)

stderr | src/engine/__tests__/governance/GovernanceService.test.ts > reportScandal — score bumps > accumulates across multiple scandals
BardEngine: No options found at path "events.governance.title" (Intensity: 2)
BardEngine: No options found at path "events.governance.summary" (Intensity: 2)

stderr | src/engine/__tests__/governance/GovernanceService.test.ts > reportScandal — governance log > creates a ruling entry in world.governanceLog
BardEngine: No options found at path "events.governance.title" (Intensity: 2)
BardEngine: No options found at path "events.governance.summary" (Intensity: 2)

stderr | src/engine/__tests__/governance/GovernanceService.test.ts > reportScandal — governance log > ruling records the correct scandalScoreDelta
BardEngine: No options found at path "events.governance.title" (Intensity: 2)
BardEngine: No options found at path "events.governance.summary" (Intensity: 2)

stderr | src/engine/__tests__/governance/GovernanceService.test.ts > reportScandal — governance log > ruling severity maps: critical→high, major→medium, minor→low
BardEngine: No options found at path "events.governance.title" (Intensity: 2)
BardEngine: No options found at path "events.governance.summary" (Intensity: 2)

stderr | src/engine/__tests__/governance/GovernanceService.test.ts > tickWeekGovernance — status threshold transitions > transitions to 'warning' when post-decay score is exactly 15
BardEngine: No options found at path "events.governance.title" (Intensity: 2)
BardEngine: No options found at path "events.governance.summary" (Intensity: 2)

stderr | src/engine/__tests__/governance/GovernanceService.test.ts > tickWeekGovernance — status threshold transitions > transitions to 'probation' when post-decay score is 30
BardEngine: No options found at path "events.governance.title" (Intensity: 2)
BardEngine: No options found at path "events.governance.summary" (Intensity: 2)
BardEngine: No options found at path "events.governance.title" (Intensity: 2)
BardEngine: No options found at path "events.governance.summary" (Intensity: 2)

stderr | src/engine/__tests__/governance/GovernanceService.test.ts > tickWeekGovernance — status threshold transitions > transitions to 'sanctioned' when post-decay score is 60
BardEngine: No options found at path "events.governance.title" (Intensity: 2)
BardEngine: No options found at path "events.governance.summary" (Intensity: 2)
BardEngine: No options found at path "events.governance.title" (Intensity: 2)
BardEngine: No options found at path "events.governance.summary" (Intensity: 2)

stderr | src/engine/__tests__/governance/GovernanceService.test.ts > tickWeekGovernance — status threshold transitions > handles multiple heyas independently
BardEngine: No options found at path "events.governance.title" (Intensity: 2)
BardEngine: No options found at path "events.governance.summary" (Intensity: 2)
BardEngine: No options found at path "events.governance.title" (Intensity: 2)
BardEngine: No options found at path "events.governance.summary" (Intensity: 2)

 ❯ src/engine/__tests__/governance/GovernanceService.test.ts (17 tests | 10 failed) 15ms
     × adds 5 for minor severity 7ms
     × adds 15 for major severity 1ms
     × adds 30 for critical severity 1ms
     × accumulates across multiple scandals 1ms
     ✓ is a no-op for a non-existent heya 1ms
     × creates a ruling entry in world.governanceLog 1ms
     × ruling records the correct scandalScoreDelta 0ms
     × ruling severity maps: critical→high, major→medium, minor→low 0ms
     ✓ decays by 1 per week 1ms
     ✓ does not decay below 0 0ms
     ✓ handles score of 1 correctly (floors at 0) 0ms
     ✓ remains 'good_standing' when post-decay score is 14 (< 15) 0ms
     ✓ transitions to 'warning' when post-decay score is exactly 15 0ms
     × transitions to 'probation' when post-decay score is 30 0ms
     × transitions to 'sanctioned' when post-decay score is 60 0ms
     ✓ does not change status when score remains in same band 0ms
     × handles multiple heyas independently 0ms
 ❯ src/presenters/__tests__/rikishiUI.test.ts (15 tests | 1 failed) 8ms
     ✓ should calculate correct score for yokozuna 1 east 1ms
     ✓ should calculate correct score for yokozuna 1 west 0ms
     ✓ should calculate correct score for ozeki 1 east 0ms
     ✓ should calculate correct score for maegashira 5 west 0ms
     ✓ should handle missing side (defaults to 0.5) 0ms
     ✓ should handle missing rankNumber (defaults to 0) 0ms
     ✓ should handle missing rankNumber and side 0ms
     ✓ should handle unknown ranks (defaults to tier 99) 0ms
     ✓ should return lowest score (highest rank) for yokozuna 1 east 1ms
     × should map base rikishi properties correctly 4ms
     ✓ should resolve heya ownership correctly when world state is provided 0ms
     ✓ should default heya ownership to false if world state is omitted or heya not found 0ms
     ✓ should calculate rankDelta correctly based on prevScore 1ms
     ✓ should set rankDelta to "new" if no prevScore but world history exists 0ms
     ✓ should not set rankDelta if no prevScore and no world history 0ms
 ❯ src/presenters/__tests__/selectors.test.ts (0 test)
 ❯ src/presenters/__tests__/uiDigest.test.ts (0 test)
 ❯ src/engine/__tests__/events.test.ts (0 test)
 ✓ src/presenters/__tests__/uiModels.test.ts (7 tests) 97ms
 ✓ src/engine/__tests__/engine_restoration.test.ts (5 tests) 68ms
 ✓ src/presenters/__tests__/PerceptionPresenter.test.ts (13 tests) 5ms
 ✓ src/test/engine/utils/math.test.ts (18 tests) 28ms
 ✓ src/engine/bout/__tests__/boutPhysics.test.ts (11 tests) 11ms
 ✓ src/test/engine/utils/formatters.test.ts (13 tests) 21ms
stderr | src/engine/bout/__tests__/boutResolver.test.ts > resolveBout — henka momentum penalty > winner's momentum decreases after successful henka
BardEngine Warning: Missing token {KIMARITE} in context for template: "%WINNER% executing by %KIMARITE%."

stderr | src/engine/bout/__tests__/boutResolver.test.ts > resolveBout — henka momentum penalty > no momentum change when STANDARD tactic is used
BardEngine Warning: Missing token {KIMARITE} in context for template: "%WINNER% drives through with a textbook %KIMARITE%!"

 ✓ src/engine/bout/__tests__/boutResolver.test.ts (9 tests) 14ms
 ✓ src/engine/systems/economics/__tests__/KenshoService.test.ts (13 tests) 22ms
 ✓ src/engine/__tests__/oyakataStylePreferences.test.ts (3 tests) 5ms
stderr | src/test/engine/storage/opfsArchive.test.ts > Stable Lords: OPFS Archival System > Suite 5: Fallback & Quota Management > Test 5.1: Graceful degradation on QuotaExceededError
[OPFS] Storage quota exceeded. Archiving skipped.

 ✓ src/test/engine/storage/opfsArchive.test.ts (10 tests) 8ms
stderr | src/engine/prestige/__tests__/prestigeSystem.test.ts > Prestige System > runPrestigeDecay > increases prestige for yusho
BardEngine: No options found at path "events.governance.title" (Intensity: 2)
BardEngine: No options found at path "events.governance.summary" (Intensity: 2)

stderr | src/engine/prestige/__tests__/prestigeSystem.test.ts > Prestige System > runPrestigeDecay > increases prestige for jun-yusho
BardEngine: No options found at path "events.governance.title" (Intensity: 2)
BardEngine: No options found at path "events.governance.summary" (Intensity: 2)
BardEngine: No options found at path "events.governance.title" (Intensity: 2)
BardEngine: No options found at path "events.governance.summary" (Intensity: 2)

stderr | src/engine/prestige/__tests__/prestigeSystem.test.ts > Prestige System > runPrestigeDecay > decreases prestige for terrible basho (<0.3 win rate)
BardEngine: No options found at path "events.governance.title" (Intensity: 2)
BardEngine: No options found at path "events.governance.summary" (Intensity: 2)

stderr | src/engine/prestige/__tests__/prestigeSystem.test.ts > Prestige System > runPrestigeDecay > erodes elite prestige for average performance without titles
BardEngine: No options found at path "events.governance.title" (Intensity: 2)
BardEngine: No options found at path "events.governance.summary" (Intensity: 2)

stderr | src/engine/prestige/__tests__/prestigeSystem.test.ts > Prestige System > runPrestigeDecay > severely erodes elite prestige if no sekitori
BardEngine: No options found at path "events.governance.title" (Intensity: 2)
BardEngine: No options found at path "events.governance.summary" (Intensity: 2)

stderr | src/engine/prestige/__tests__/prestigeSystem.test.ts > Prestige System > runPrestigeDecay > penalizes small rosters
BardEngine: No options found at path "events.governance.title" (Intensity: 2)
BardEngine: No options found at path "events.governance.summary" (Intensity: 2)

 ✓ src/engine/prestige/__tests__/prestigeSystem.test.ts (14 tests) 8ms
 ✓ src/engine/core/__tests__/EntityCollection.test.ts (10 tests) 6ms
 ✓ src/engine/__tests__/schedule.test.ts (22 tests) 9ms
stderr | src/engine/systems/economics/__tests__/SponsorshipService.test.ts > SponsorshipService > processSponsorChurn > evaluates satisfaction and updates koenkai band
BardEngine: No options found at path "events.economy.title" (Intensity: 2)
BardEngine: No options found at path "events.economy.summary" (Intensity: 2)
BardEngine: No options found at path "events.economy.title" (Intensity: 2)
BardEngine: No options found at path "events.economy.summary" (Intensity: 2)

stderr | src/engine/systems/economics/__tests__/SponsorshipService.test.ts > SponsorshipService > processSponsorChurn > retains sponsors if satisfaction is high enough
BardEngine: No options found at path "events.economy.title" (Intensity: 2)
BardEngine: No options found at path "events.economy.summary" (Intensity: 2)

 ✓ src/engine/systems/economics/__tests__/SponsorshipService.test.ts (12 tests) 10ms
 ✓ src/engine/__tests__/banzuke/promotionLogic.test.ts (32 tests) 13ms
 ✓ src/engine/tick/phases/__tests__/phase03_progression.test.ts (4 tests) 10ms
stderr | src/engine/__tests__/simulationDeterminism.test.ts > Simulation determinism > produces identical checksum at day 50 on two independent runs
BardEngine: No options found at path "events.basho.status_title" (Intensity: 2)
BardEngine: No options found at path "events.basho.status_summary" (Intensity: 2)
BardEngine: No options found at path "events.basho.status_title" (Intensity: 2)
BardEngine: No options found at path "events.basho.status_summary" (Intensity: 2)
BardEngine: No options found at path "events.lifecycle.title" (Intensity: 2)
BardEngine: No options found at path "events.lifecycle.summary" (Intensity: 2)
BardEngine: No options found at path "events.lifecycle.title" (Intensity: 2)
BardEngine: No options found at path "events.lifecycle.summary" (Intensity: 2)
[PIPELINE FATAL ERROR] in phase: "phase01_week_npc_ai" TypeError: object is not iterable (cannot read property Symbol(Symbol.iterator))
    at new Map (<anonymous>)
    at phase (/Users/amauricia/Documents/GitHub/sumo-manager-pro/src/engine/tick/phases/phase01_week_npc_ai.ts:29:30)
    at reduce (/Users/amauricia/Documents/GitHub/sumo-manager-pro/src/engine/tick/pipelineRunner.ts:37:25)
    at Array.reduce (<anonymous>)
    at runPipeline (/Users/amauricia/Documents/GitHub/sumo-manager-pro/src/engine/tick/pipelineRunner.ts:35:17)
    at advanceOneDay (/Users/amauricia/Documents/GitHub/sumo-manager-pro/src/engine/tick/tickDaily.ts:127:19)
    at simDays (/Users/amauricia/Documents/GitHub/sumo-manager-pro/src/engine/__tests__/simulationDeterminism.test.ts:63:13)
    at /Users/amauricia/Documents/GitHub/sumo-manager-pro/src/engine/__tests__/simulationDeterminism.test.ts:74:19
    at file:///Users/amauricia/Documents/GitHub/sumo-manager-pro/node_modules/@vitest/runner/dist/chunk-artifact.js:302:11
    at file:///Users/amauricia/Documents/GitHub/sumo-manager-pro/node_modules/@vitest/runner/dist/chunk-artifact.js:1903:26
BardEngine: No options found at path "events.basho.status_title" (Intensity: 2)
BardEngine: No options found at path "events.basho.status_summary" (Intensity: 2)
BardEngine: No options found at path "events.basho.status_title" (Intensity: 2)
BardEngine: No options found at path "events.basho.status_summary" (Intensity: 2)
BardEngine: No options found at path "events.training.title" (Intensity: 2)
BardEngine: No options found at path "events.training.summary" (Intensity: 2)
BardEngine: No options found at path "events.training.title" (Intensity: 2)
BardEngine: No options found at path "events.training.summary" (Intensity: 2)
BardEngine: No options found at path "events.training.title" (Intensity: 2)
BardEngine: No options found at path "events.training.summary" (Intensity: 2)
BardEngine: No options found at path "events.training.title" (Intensity: 2)
BardEngine: No options found at path "events.training.summary" (Intensity: 2)
BardEngine: No options found at path "events.training.title" (Intensity: 2)
BardEngine: No options found at path "events.training.summary" (Intensity: 2)
BardEngine: No options found at path "events.training.title" (Intensity: 2)
BardEngine: No options found at path "events.training.summary" (Intensity: 2)
BardEngine: No options found at path "events.training.title" (Intensity: 2)
BardEngine: No options found at path "events.training.summary" (Intensity: 2)
BardEngine: No options found at path "events.training.title" (Intensity: 2)
BardEngine: No options found at path "events.training.summary" (Intensity: 2)
BardEngine: No options found at path "events.training.title" (Intensity: 2)
BardEngine: No options found at path "events.training.summary" (Intensity: 2)
BardEngine: No options found at path "events.training.title" (Intensity: 2)
BardEngine: No options found at path "events.training.summary" (Intensity: 2)
BardEngine: No options found at path "events.training.title" (Intensity: 2)
BardEngine: No options found at path "events.training.summary" (Intensity: 2)
BardEngine: No options found at path "events.training.title" (Intensity: 2)
BardEngine: No options found at path "events.training.summary" (Intensity: 2)
BardEngine: No options found at path "events.training.title" (Intensity: 2)
BardEngine: No options found at path "events.training.summary" (Intensity: 2)
BardEngine: No options found at path "events.training.title" (Intensity: 2)
BardEngine: No options found at path "events.training.summary" (Intensity: 2)
BardEngine: No options found at path "events.training.title" (Intensity: 2)
BardEngine: No options found at path "events.training.summary" (Intensity: 2)
BardEngine: No options found at path "events.training.title" (Intensity: 2)
BardEngine: No options found at path "events.training.summary" (Intensity: 2)
BardEngine: No options found at path "events.training.title" (Intensity: 2)
BardEngine: No options found at path "events.training.summary" (Intensity: 2)
BardEngine: No options found at path "events.training.title" (Intensity: 2)
BardEngine: No options found at path "events.training.summary" (Intensity: 2)
BardEngine: No options found at path "events.training.title" (Intensity: 2)
BardEngine: No options found at path "events.training.summary" (Intensity: 2)
BardEngine: No options found at path "events.training.title" (Intensity: 2)
BardEngine: No options found at path "events.training.summary" (Intensity: 2)
BardEngine: No options found at path "events.training.title" (Intensity: 2)
BardEngine: No options found at path "events.training.summary" (Intensity: 2)
BardEngine: No options found at path "events.training.title" (Intensity: 2)
BardEngine: No options found at path "events.training.summary" (Intensity: 2)
BardEngine: No options found at path "events.training.title" (Intensity: 2)
BardEngine: No options found at path "events.training.summary" (Intensity: 2)
BardEngine: No options found at path "events.training.title" (Intensity: 2)
BardEngine: No options found at path "events.training.summary" (Intensity: 2)
BardEngine: No options found at path "events.training.title" (Intensity: 2)
BardEngine: No options found at path "events.training.summary" (Intensity: 2)
BardEngine: No options found at path "events.training.title" (Intensity: 2)
BardEngine: No options found at path "events.training.summary" (Intensity: 2)
BardEngine: No options found at path "events.training.title" (Intensity: 2)
BardEngine: No options found at path "events.training.summary" (Intensity: 2)
BardEngine: No options found at path "events.training.title" (Intensity: 2)
BardEngine: No options found at path "events.training.summary" (Intensity: 2)
BardEngine: No options found at path "events.training.title" (Intensity: 2)
BardEngine: No options found at path "events.training.summary" (Intensity: 2)
BardEngine: No options found at path "events.training.title" (Intensity: 2)
BardEngine: No options found at path "events.training.summary" (Intensity: 2)
BardEngine: No options found at path "events.training.title" (Intensity: 2)
BardEngine: No options found at path "events.training.summary" (Intensity: 2)
BardEngine: No options found at path "events.training.title" (Intensity: 2)
BardEngine: No options found at path "events.training.summary" (Intensity: 2)
BardEngine: No options found at path "events.training.title" (Intensity: 2)
BardEngine: No options found at path "events.training.summary" (Intensity: 2)
BardEngine: No options found at path "events.training.title" (Intensity: 2)
BardEngine: No options found at path "events.training.summary" (Intensity: 2)
BardEngine: No options found at path "events.training.title" (Intensity: 2)
BardEngine: No options found at path "events.training.summary" (Intensity: 2)
BardEngine: No options found at path "events.training.title" (Intensity: 2)
BardEngine: No options found at path "events.training.summary" (Intensity: 2)
BardEngine: No options found at path "events.training.title" (Intensity: 2)
BardEngine: No options found at path "events.training.summary" (Intensity: 2)
BardEngine: No options found at path "events.training.title" (Intensity: 2)
BardEngine: No options found at path "events.training.summary" (Intensity: 2)
BardEngine: No options found at path "events.training.title" (Intensity: 2)
BardEngine: No options found at path "events.training.summary" (Intensity: 2)
BardEngine: No options found at path "events.training.title" (Intensity: 2)
BardEngine: No options found at path "events.training.summary" (Intensity: 2)
BardEngine: No options found at path "events.training.title" (Intensity: 2)
BardEngine: No options found at path "events.training.summary" (Intensity: 2)
BardEngine: No options found at path "events.training.title" (Intensity: 2)
BardEngine: No options found at path "events.training.summary" (Intensity: 2)
BardEngine: No options found at path "events.training.title" (Intensity: 2)
BardEngine: No options found at path "events.training.summary" (Intensity: 2)
BardEngine: No options found at path "events.training.title" (Intensity: 2)
BardEngine: No options found at path "events.training.summary" (Intensity: 2)
BardEngine: No options found at path "events.training.title" (Intensity: 2)
BardEngine: No options found at path "events.training.summary" (Intensity: 2)
BardEngine: No options found at path "events.training.title" (Intensity: 2)
BardEngine: No options found at path "events.training.summary" (Intensity: 2)
BardEngine: No options found at path "events.training.title" (Intensity: 2)
BardEngine: No options found at path "events.training.summary" (Intensity: 2)
BardEngine: No options found at path "events.training.title" (Intensity: 2)
BardEngine: No options found at path "events.training.summary" (Intensity: 2)
BardEngine: No options found at path "events.training.title" (Intensity: 2)
BardEngine: No options found at path "events.training.summary" (Intensity: 2)
BardEngine: No options found at path "events.training.title" (Intensity: 2)
BardEngine: No options found at path "events.training.summary" (Intensity: 2)
BardEngine: No options found at path "events.training.title" (Intensity: 2)
BardEngine: No options found at path "events.training.summary" (Intensity: 2)
BardEngine: No options found at path "events.training.title" (Intensity: 2)
BardEngine: No options found at path "events.training.summary" (Intensity: 2)
BardEngine: No options found at path "events.training.title" (Intensity: 2)
BardEngine: No options found at path "events.training.summary" (Intensity: 2)
BardEngine: No options found at path "events.training.title" (Intensity: 2)
BardEngine: No options found at path "events.training.summary" (Intensity: 2)
BardEngine: No options found at path "events.training.title" (Intensity: 2)
BardEngine: No options found at path "events.training.summary" (Intensity: 2)
BardEngine: No options found at path "events.training.title" (Intensity: 2)
BardEngine: No options found at path "events.training.summary" (Intensity: 2)
BardEngine: No options found at path "events.training.title" (Intensity: 2)
BardEngine: No options found at path "events.training.summary" (Intensity: 2)
BardEngine: No options found at path "events.training.title" (Intensity: 2)
BardEngine: No options found at path "events.training.summary" (Intensity: 2)
BardEngine: No options found at path "events.training.title" (Intensity: 2)
BardEngine: No options found at path "events.training.summary" (Intensity: 2)
BardEngine: No options found at path "events.training.title" (Intensity: 2)
BardEngine: No options found at path "events.training.summary" (Intensity: 2)
BardEngine: No options found at path "events.training.title" (Intensity: 2)
BardEngine: No options found at path "events.training.summary" (Intensity: 2)
BardEngine: No options found at path "events.training.title" (Intensity: 2)
BardEngine: No options found at path "events.training.summary" (Intensity: 2)
BardEngine: No options found at path "events.training.title" (Intensity: 2)
BardEngine: No options found at path "events.training.summary" (Intensity: 2)
BardEngine: No options found at path "events.training.title" (Intensity: 2)
BardEngine: No options found at path "events.training.summary" (Intensity: 2)
BardEngine: No options found at path "events.training.title" (Intensity: 2)
BardEngine: No options found at path "events.training.summary" (Intensity: 2)
BardEngine: No options found at path "events.training.title" (Intensity: 2)
BardEngine: No options found at path "events.training.summary" (Intensity: 2)
BardEngine: No options found at path "events.training.title" (Intensity: 2)
BardEngine: No options found at path "events.training.summary" (Intensity: 2)
BardEngine: No options found at path "events.training.title" (Intensity: 2)
BardEngine: No options found at path "events.training.summary" (Intensity: 2)
BardEngine: No options found at path "events.training.title" (Intensity: 2)
BardEngine: No options found at path "events.training.summary" (Intensity: 2)
BardEngine: No options found at path "events.training.title" (Intensity: 2)
BardEngine: No options found at path "events.training.summary" (Intensity: 2)
BardEngine: No options found at path "events.training.title" (Intensity: 2)
BardEngine: No options found at path "events.training.summary" (Intensity: 2)
BardEngine: No options found at path "events.training.title" (Intensity: 2)
BardEngine: No options found at path "events.training.summary" (Intensity: 2)
BardEngine: No options found at path "events.training.title" (Intensity: 2)
BardEngine: No options found at path "events.training.summary" (Intensity: 2)
BardEngine: No options found at path "events.training.title" (Intensity: 2)
BardEngine: No options found at path "events.training.summary" (Intensity: 2)
BardEngine: No options found at path "events.training.title" (Intensity: 2)
BardEngine: No options found at path "events.training.summary" (Intensity: 2)
BardEngine: No options found at path "events.training.title" (Intensity: 2)
BardEngine: No options found at path "events.training.summary" (Intensity: 2)
BardEngine: No options found at path "events.training.title" (Intensity: 2)
BardEngine: No options found at path "events.training.summary" (Intensity: 2)
BardEngine: No options found at path "events.training.title" (Intensity: 2)
BardEngine: No options found at path "events.training.summary" (Intensity: 2)
BardEngine: No options found at path "events.training.title" (Intensity: 2)
BardEngine: No options found at path "events.training.summary" (Intensity: 2)
BardEngine: No options found at path "events.training.title" (Intensity: 2)
BardEngine: No options found at path "events.training.summary" (Intensity: 2)
BardEngine: No options found at path "events.lifecycle.title" (Intensity: 2)
BardEngine: No options found at path "events.lifecycle.summary" (Intensity: 2)
BardEngine: No options found at path "events.lifecycle.title" (Intensity: 2)
BardEngine: No options found at path "events.lifecycle.summary" (Intensity: 2)
[PIPELINE FATAL ERROR] in phase: "phase01_week_npc_ai" TypeError: object is not iterable (cannot read property Symbol(Symbol.iterator))
    at new Map (<anonymous>)
    at phase (/Users/amauricia/Documents/GitHub/sumo-manager-pro/src/engine/tick/phases/phase01_week_npc_ai.ts:29:30)
    at reduce (/Users/amauricia/Documents/GitHub/sumo-manager-pro/src/engine/tick/pipelineRunner.ts:37:25)
    at Array.reduce (<anonymous>)
    at runPipeline (/Users/amauricia/Documents/GitHub/sumo-manager-pro/src/engine/tick/pipelineRunner.ts:35:17)
    at advanceOneDay (/Users/amauricia/Documents/GitHub/sumo-manager-pro/src/engine/tick/tickDaily.ts:127:19)
    at simDays (/Users/amauricia/Documents/GitHub/sumo-manager-pro/src/engine/__tests__/simulationDeterminism.test.ts:63:13)
    at /Users/amauricia/Documents/GitHub/sumo-manager-pro/src/engine/__tests__/simulationDeterminism.test.ts:74:19
    at file:///Users/amauricia/Documents/GitHub/sumo-manager-pro/node_modules/@vitest/runner/dist/chunk-artifact.js:302:11
    at file:///Users/amauricia/Documents/GitHub/sumo-manager-pro/node_modules/@vitest/runner/dist/chunk-artifact.js:1903:26
[PIPELINE FATAL ERROR] in phase: "phase01_week_npc_ai" TypeError: object is not iterable (cannot read property Symbol(Symbol.iterator))
    at new Map (<anonymous>)
    at phase (/Users/amauricia/Documents/GitHub/sumo-manager-pro/src/engine/tick/phases/phase01_week_npc_ai.ts:29:30)
    at reduce (/Users/amauricia/Documents/GitHub/sumo-manager-pro/src/engine/tick/pipelineRunner.ts:37:25)
    at Array.reduce (<anonymous>)
    at runPipeline (/Users/amauricia/Documents/GitHub/sumo-manager-pro/src/engine/tick/pipelineRunner.ts:35:17)
    at advanceOneDay (/Users/amauricia/Documents/GitHub/sumo-manager-pro/src/engine/tick/tickDaily.ts:127:19)
    at simDays (/Users/amauricia/Documents/GitHub/sumo-manager-pro/src/engine/__tests__/simulationDeterminism.test.ts:63:13)
    at /Users/amauricia/Documents/GitHub/sumo-manager-pro/src/engine/__tests__/simulationDeterminism.test.ts:74:19
    at file:///Users/amauricia/Documents/GitHub/sumo-manager-pro/node_modules/@vitest/runner/dist/chunk-artifact.js:302:11
    at file:///Users/amauricia/Documents/GitHub/sumo-manager-pro/node_modules/@vitest/runner/dist/chunk-artifact.js:1903:26
[PIPELINE FATAL ERROR] in phase: "phase01_week_npc_ai" TypeError: object is not iterable (cannot read property Symbol(Symbol.iterator))
    at new Map (<anonymous>)
    at phase (/Users/amauricia/Documents/GitHub/sumo-manager-pro/src/engine/tick/phases/phase01_week_npc_ai.ts:29:30)
    at reduce (/Users/amauricia/Documents/GitHub/sumo-manager-pro/src/engine/tick/pipelineRunner.ts:37:25)
    at Array.reduce (<anonymous>)
    at runPipeline (/Users/amauricia/Documents/GitHub/sumo-manager-pro/src/engine/tick/pipelineRunner.ts:35:17)
    at advanceOneDay (/Users/amauricia/Documents/GitHub/sumo-manager-pro/src/engine/tick/tickDaily.ts:127:19)
    at simDays (/Users/amauricia/Documents/GitHub/sumo-manager-pro/src/engine/__tests__/simulationDeterminism.test.ts:63:13)
    at /Users/amauricia/Documents/GitHub/sumo-manager-pro/src/engine/__tests__/simulationDeterminism.test.ts:74:19
    at file:///Users/amauricia/Documents/GitHub/sumo-manager-pro/node_modules/@vitest/runner/dist/chunk-artifact.js:302:11
    at file:///Users/amauricia/Documents/GitHub/sumo-manager-pro/node_modules/@vitest/runner/dist/chunk-artifact.js:1903:26
[PIPELINE FATAL ERROR] in phase: "phase01_week_npc_ai" TypeError: object is not iterable (cannot read property Symbol(Symbol.iterator))
    at new Map (<anonymous>)
    at phase (/Users/amauricia/Documents/GitHub/sumo-manager-pro/src/engine/tick/phases/phase01_week_npc_ai.ts:29:30)
    at reduce (/Users/amauricia/Documents/GitHub/sumo-manager-pro/src/engine/tick/pipelineRunner.ts:37:25)
    at Array.reduce (<anonymous>)
    at runPipeline (/Users/amauricia/Documents/GitHub/sumo-manager-pro/src/engine/tick/pipelineRunner.ts:35:17)
    at advanceOneDay (/Users/amauricia/Documents/GitHub/sumo-manager-pro/src/engine/tick/tickDaily.ts:127:19)
    at simDays (/Users/amauricia/Documents/GitHub/sumo-manager-pro/src/engine/__tests__/simulationDeterminism.test.ts:63:13)
    at /Users/amauricia/Documents/GitHub/sumo-manager-pro/src/engine/__tests__/simulationDeterminism.test.ts:74:19
    at file:///Users/amauricia/Documents/GitHub/sumo-manager-pro/node_modules/@vitest/runner/dist/chunk-artifact.js:302:11
    at file:///Users/amauricia/Documents/GitHub/sumo-manager-pro/node_modules/@vitest/runner/dist/chunk-artifact.js:1903:26
[PIPELINE FATAL ERROR] in phase: "phase01_week_npc_ai" TypeError: object is not iterable (cannot read property Symbol(Symbol.iterator))
    at new Map (<anonymous>)
    at phase (/Users/amauricia/Documents/GitHub/sumo-manager-pro/src/engine/tick/phases/phase01_week_npc_ai.ts:29:30)
    at reduce (/Users/amauricia/Documents/GitHub/sumo-manager-pro/src/engine/tick/pipelineRunner.ts:37:25)
    at Array.reduce (<anonymous>)
    at runPipeline (/Users/amauricia/Documents/GitHub/sumo-manager-pro/src/engine/tick/pipelineRunner.ts:35:17)
    at advanceOneDay (/Users/amauricia/Documents/GitHub/sumo-manager-pro/src/engine/tick/tickDaily.ts:127:19)
    at simDays (/Users/amauricia/Documents/GitHub/sumo-manager-pro/src/engine/__tests__/simulationDeterminism.test.ts:63:13)
    at /Users/amauricia/Documents/GitHub/sumo-manager-pro/src/engine/__tests__/simulationDeterminism.test.ts:74:19
    at file:///Users/amauricia/Documents/GitHub/sumo-manager-pro/node_modules/@vitest/runner/dist/chunk-artifact.js:302:11
    at file:///Users/amauricia/Documents/GitHub/sumo-manager-pro/node_modules/@vitest/runner/dist/chunk-artifact.js:1903:26
BardEngine: No options found at path "events.basho.status_title" (Intensity: 2)
BardEngine: No options found at path "events.basho.status_summary" (Intensity: 2)
[PIPELINE FATAL ERROR] in phase: "phase01_week_npc_ai" TypeError: object is not iterable (cannot read property Symbol(Symbol.iterator))
    at new Map (<anonymous>)
    at phase (/Users/amauricia/Documents/GitHub/sumo-manager-pro/src/engine/tick/phases/phase01_week_npc_ai.ts:29:30)
    at reduce (/Users/amauricia/Documents/GitHub/sumo-manager-pro/src/engine/tick/pipelineRunner.ts:37:25)
    at Array.reduce (<anonymous>)
    at runPipeline (/Users/amauricia/Documents/GitHub/sumo-manager-pro/src/engine/tick/pipelineRunner.ts:35:17)
    at advanceOneDay (/Users/amauricia/Documents/GitHub/sumo-manager-pro/src/engine/tick/tickDaily.ts:127:19)
    at simDays (/Users/amauricia/Documents/GitHub/sumo-manager-pro/src/engine/__tests__/simulationDeterminism.test.ts:63:13)
    at /Users/amauricia/Documents/GitHub/sumo-manager-pro/src/engine/__tests__/simulationDeterminism.test.ts:74:19
    at file:///Users/amauricia/Documents/GitHub/sumo-manager-pro/node_modules/@vitest/runner/dist/chunk-artifact.js:302:11
    at file:///Users/amauricia/Documents/GitHub/sumo-manager-pro/node_modules/@vitest/runner/dist/chunk-artifact.js:1903:26
[PIPELINE FATAL ERROR] in phase: "phase01_week_npc_ai" TypeError: object is not iterable (cannot read property Symbol(Symbol.iterator))
    at new Map (<anonymous>)
    at phase (/Users/amauricia/Documents/GitHub/sumo-manager-pro/src/engine/tick/phases/phase01_week_npc_ai.ts:29:30)
    at reduce (/Users/amauricia/Documents/GitHub/sumo-manager-pro/src/engine/tick/pipelineRunner.ts:37:25)
    at Array.reduce (<anonymous>)
    at runPipeline (/Users/amauricia/Documents/GitHub/sumo-manager-pro/src/engine/tick/pipelineRunner.ts:35:17)
    at advanceOneDay (/Users/amauricia/Documents/GitHub/sumo-manager-pro/src/engine/tick/tickDaily.ts:127:19)
    at simDays (/Users/amauricia/Documents/GitHub/sumo-manager-pro/src/engine/__tests__/simulationDeterminism.test.ts:63:13)
    at /Users/amauricia/Documents/GitHub/sumo-manager-pro/src/engine/__tests__/simulationDeterminism.test.ts:74:19
    at file:///Users/amauricia/Documents/GitHub/sumo-manager-pro/node_modules/@vitest/runner/dist/chunk-artifact.js:302:11
    at file:///Users/amauricia/Documents/GitHub/sumo-manager-pro/node_modules/@vitest/runner/dist/chunk-artifact.js:1903:26
BardEngine: No options found at path "events.basho.status_title" (Intensity: 2)
BardEngine: No options found at path "events.basho.status_summary" (Intensity: 2)
BardEngine: No options found at path "events.basho.status_title" (Intensity: 2)
BardEngine: No options found at path "events.basho.status_summary" (Intensity: 2)
BardEngine: No options found at path "events.lifecycle.title" (Intensity: 2)
BardEngine: No options found at path "events.lifecycle.summary" (Intensity: 2)
BardEngine: No options found at path "events.lifecycle.title" (Intensity: 2)
BardEngine: No options found at path "events.lifecycle.summary" (Intensity: 2)
[PIPELINE FATAL ERROR] in phase: "phase01_week_npc_ai" TypeError: object is not iterable (cannot read property Symbol(Symbol.iterator))
    at new Map (<anonymous>)
    at phase (/Users/amauricia/Documents/GitHub/sumo-manager-pro/src/engine/tick/phases/phase01_week_npc_ai.ts:29:30)
    at reduce (/Users/amauricia/Documents/GitHub/sumo-manager-pro/src/engine/tick/pipelineRunner.ts:37:25)
    at Array.reduce (<anonymous>)
    at runPipeline (/Users/amauricia/Documents/GitHub/sumo-manager-pro/src/engine/tick/pipelineRunner.ts:35:17)
    at advanceOneDay (/Users/amauricia/Documents/GitHub/sumo-manager-pro/src/engine/tick/tickDaily.ts:127:19)
    at simDays (/Users/amauricia/Documents/GitHub/sumo-manager-pro/src/engine/__tests__/simulationDeterminism.test.ts:63:13)
    at /Users/amauricia/Documents/GitHub/sumo-manager-pro/src/engine/__tests__/simulationDeterminism.test.ts:75:19
    at file:///Users/amauricia/Documents/GitHub/sumo-manager-pro/node_modules/@vitest/runner/dist/chunk-artifact.js:302:11
    at file:///Users/amauricia/Documents/GitHub/sumo-manager-pro/node_modules/@vitest/runner/dist/chunk-artifact.js:1903:26
BardEngine: No options found at path "events.basho.status_title" (Intensity: 2)
BardEngine: No options found at path "events.basho.status_summary" (Intensity: 2)
BardEngine: No options found at path "events.basho.status_title" (Intensity: 2)
BardEngine: No options found at path "events.basho.status_summary" (Intensity: 2)
BardEngine: No options found at path "events.training.title" (Intensity: 2)
BardEngine: No options found at path "events.training.summary" (Intensity: 2)
BardEngine: No options found at path "events.training.title" (Intensity: 2)
BardEngine: No options found at path "events.training.summary" (Intensity: 2)
BardEngine: No options found at path "events.training.title" (Intensity: 2)
BardEngine: No options found at path "events.training.summary" (Intensity: 2)
BardEngine: No options found at path "events.training.title" (Intensity: 2)
BardEngine: No options found at path "events.training.summary" (Intensity: 2)
BardEngine: No options found at path "events.training.title" (Intensity: 2)
BardEngine: No options found at path "events.training.summary" (Intensity: 2)
BardEngine: No options found at path "events.training.title" (Intensity: 2)
BardEngine: No options found at path "events.training.summary" (Intensity: 2)
BardEngine: No options found at path "events.training.title" (Intensity: 2)
BardEngine: No options found at path "events.training.summary" (Intensity: 2)
BardEngine: No options found at path "events.training.title" (Intensity: 2)
BardEngine: No options found at path "events.training.summary" (Intensity: 2)
BardEngine: No options found at path "events.training.title" (Intensity: 2)
BardEngine: No options found at path "events.training.summary" (Intensity: 2)
BardEngine: No options found at path "events.training.title" (Intensity: 2)
BardEngine: No options found at path "events.training.summary" (Intensity: 2)
BardEngine: No options found at path "events.training.title" (Intensity: 2)
BardEngine: No options found at path "events.training.summary" (Intensity: 2)
BardEngine: No options found at path "events.training.title" (Intensity: 2)
BardEngine: No options found at path "events.training.summary" (Intensity: 2)
BardEngine: No options found at path "events.training.title" (Intensity: 2)
BardEngine: No options found at path "events.training.summary" (Intensity: 2)
BardEngine: No options found at path "events.training.title" (Intensity: 2)
BardEngine: No options found at path "events.training.summary" (Intensity: 2)
BardEngine: No options found at path "events.training.title" (Intensity: 2)
BardEngine: No options found at path "events.training.summary" (Intensity: 2)
BardEngine: No options found at path "events.training.title" (Intensity: 2)
BardEngine: No options found at path "events.training.summary" (Intensity: 2)
BardEngine: No options found at path "events.training.title" (Intensity: 2)
BardEngine: No options found at path "events.training.summary" (Intensity: 2)
BardEngine: No options found at path "events.training.title" (Intensity: 2)
BardEngine: No options found at path "events.training.summary" (Intensity: 2)
BardEngine: No options found at path "events.training.title" (Intensity: 2)
BardEngine: No options found at path "events.training.summary" (Intensity: 2)
BardEngine: No options found at path "events.training.title" (Intensity: 2)
BardEngine: No options found at path "events.training.summary" (Intensity: 2)
BardEngine: No options found at path "events.training.title" (Intensity: 2)
BardEngine: No options found at path "events.training.summary" (Intensity: 2)
BardEngine: No options found at path "events.training.title" (Intensity: 2)
BardEngine: No options found at path "events.training.summary" (Intensity: 2)
BardEngine: No options found at path "events.training.title" (Intensity: 2)
BardEngine: No options found at path "events.training.summary" (Intensity: 2)
BardEngine: No options found at path "events.training.title" (Intensity: 2)
BardEngine: No options found at path "events.training.summary" (Intensity: 2)
BardEngine: No options found at path "events.training.title" (Intensity: 2)
BardEngine: No options found at path "events.training.summary" (Intensity: 2)
BardEngine: No options found at path "events.training.title" (Intensity: 2)
BardEngine: No options found at path "events.training.summary" (Intensity: 2)
BardEngine: No options found at path "events.training.title" (Intensity: 2)
BardEngine: No options found at path "events.training.summary" (Intensity: 2)
BardEngine: No options found at path "events.training.title" (Intensity: 2)
BardEngine: No options found at path "events.training.summary" (Intensity: 2)
BardEngine: No options found at path "events.training.title" (Intensity: 2)
BardEngine: No options found at path "events.training.summary" (Intensity: 2)
BardEngine: No options found at path "events.training.title" (Intensity: 2)
BardEngine: No options found at path "events.training.summary" (Intensity: 2)
BardEngine: No options found at path "events.training.title" (Intensity: 2)
BardEngine: No options found at path "events.training.summary" (Intensity: 2)
BardEngine: No options found at path "events.training.title" (Intensity: 2)
BardEngine: No options found at path "events.training.summary" (Intensity: 2)
BardEngine: No options found at path "events.training.title" (Intensity: 2)
BardEngine: No options found at path "events.training.summary" (Intensity: 2)
BardEngine: No options found at path "events.training.title" (Intensity: 2)
BardEngine: No options found at path "events.training.summary" (Intensity: 2)
BardEngine: No options found at path "events.training.title" (Intensity: 2)
BardEngine: No options found at path "events.training.summary" (Intensity: 2)
BardEngine: No options found at path "events.training.title" (Intensity: 2)
BardEngine: No options found at path "events.training.summary" (Intensity: 2)
BardEngine: No options found at path "events.training.title" (Intensity: 2)
BardEngine: No options found at path "events.training.summary" (Intensity: 2)
BardEngine: No options found at path "events.training.title" (Intensity: 2)
BardEngine: No options found at path "events.training.summary" (Intensity: 2)
BardEngine: No options found at path "events.training.title" (Intensity: 2)
BardEngine: No options found at path "events.training.summary" (Intensity: 2)
BardEngine: No options found at path "events.training.title" (Intensity: 2)
BardEngine: No options found at path "events.training.summary" (Intensity: 2)
BardEngine: No options found at path "events.training.title" (Intensity: 2)
BardEngine: No options found at path "events.training.summary" (Intensity: 2)
BardEngine: No options found at path "events.training.title" (Intensity: 2)
BardEngine: No options found at path "events.training.summary" (Intensity: 2)
BardEngine: No options found at path "events.training.title" (Intensity: 2)
BardEngine: No options found at path "events.training.summary" (Intensity: 2)
BardEngine: No options found at path "events.training.title" (Intensity: 2)
BardEngine: No options found at path "events.training.summary" (Intensity: 2)
BardEngine: No options found at path "events.training.title" (Intensity: 2)
BardEngine: No options found at path "events.training.summary" (Intensity: 2)
BardEngine: No options found at path "events.training.title" (Intensity: 2)
BardEngine: No options found at path "events.training.summary" (Intensity: 2)
BardEngine: No options found at path "events.training.title" (Intensity: 2)
BardEngine: No options found at path "events.training.summary" (Intensity: 2)
BardEngine: No options found at path "events.training.title" (Intensity: 2)
BardEngine: No options found at path "events.training.summary" (Intensity: 2)
BardEngine: No options found at path "events.training.title" (Intensity: 2)
BardEngine: No options found at path "events.training.summary" (Intensity: 2)
BardEngine: No options found at path "events.training.title" (Intensity: 2)
BardEngine: No options found at path "events.training.summary" (Intensity: 2)
BardEngine: No options found at path "events.training.title" (Intensity: 2)
BardEngine: No options found at path "events.training.summary" (Intensity: 2)
BardEngine: No options found at path "events.training.title" (Intensity: 2)
BardEngine: No options found at path "events.training.summary" (Intensity: 2)
BardEngine: No options found at path "events.training.title" (Intensity: 2)
BardEngine: No options found at path "events.training.summary" (Intensity: 2)
BardEngine: No options found at path "events.training.title" (Intensity: 2)
BardEngine: No options found at path "events.training.summary" (Intensity: 2)
BardEngine: No options found at path "events.training.title" (Intensity: 2)
BardEngine: No options found at path "events.training.summary" (Intensity: 2)
BardEngine: No options found at path "events.training.title" (Intensity: 2)
BardEngine: No options found at path "events.training.summary" (Intensity: 2)
BardEngine: No options found at path "events.training.title" (Intensity: 2)
BardEngine: No options found at path "events.training.summary" (Intensity: 2)
BardEngine: No options found at path "events.training.title" (Intensity: 2)
BardEngine: No options found at path "events.training.summary" (Intensity: 2)
BardEngine: No options found at path "events.training.title" (Intensity: 2)
BardEngine: No options found at path "events.training.summary" (Intensity: 2)
BardEngine: No options found at path "events.training.title" (Intensity: 2)
BardEngine: No options found at path "events.training.summary" (Intensity: 2)
BardEngine: No options found at path "events.training.title" (Intensity: 2)
BardEngine: No options found at path "events.training.summary" (Intensity: 2)
BardEngine: No options found at path "events.training.title" (Intensity: 2)
BardEngine: No options found at path "events.training.summary" (Intensity: 2)
BardEngine: No options found at path "events.training.title" (Intensity: 2)
BardEngine: No options found at path "events.training.summary" (Intensity: 2)
BardEngine: No options found at path "events.training.title" (Intensity: 2)
BardEngine: No options found at path "events.training.summary" (Intensity: 2)
BardEngine: No options found at path "events.training.title" (Intensity: 2)
BardEngine: No options found at path "events.training.summary" (Intensity: 2)
BardEngine: No options found at path "events.training.title" (Intensity: 2)
BardEngine: No options found at path "events.training.summary" (Intensity: 2)
BardEngine: No options found at path "events.training.title" (Intensity: 2)
BardEngine: No options found at path "events.training.summary" (Intensity: 2)
BardEngine: No options found at path "events.training.title" (Intensity: 2)
BardEngine: No options found at path "events.training.summary" (Intensity: 2)
BardEngine: No options found at path "events.training.title" (Intensity: 2)
BardEngine: No options found at path "events.training.summary" (Intensity: 2)
BardEngine: No options found at path "events.training.title" (Intensity: 2)
BardEngine: No options found at path "events.training.summary" (Intensity: 2)
BardEngine: No options found at path "events.training.title" (Intensity: 2)
BardEngine: No options found at path "events.training.summary" (Intensity: 2)
BardEngine: No options found at path "events.training.title" (Intensity: 2)
BardEngine: No options found at path "events.training.summary" (Intensity: 2)
BardEngine: No options found at path "events.training.title" (Intensity: 2)
BardEngine: No options found at path "events.training.summary" (Intensity: 2)
BardEngine: No options found at path "events.training.title" (Intensity: 2)
BardEngine: No options found at path "events.training.summary" (Intensity: 2)
BardEngine: No options found at path "events.training.title" (Intensity: 2)
BardEngine: No options found at path "events.training.summary" (Intensity: 2)
BardEngine: No options found at path "events.training.title" (Intensity: 2)
BardEngine: No options found at path "events.training.summary" (Intensity: 2)
BardEngine: No options found at path "events.training.title" (Intensity: 2)
BardEngine: No options found at path "events.training.summary" (Intensity: 2)
BardEngine: No options found at path "events.training.title" (Intensity: 2)
BardEngine: No options found at path "events.training.summary" (Intensity: 2)
BardEngine: No options found at path "events.training.title" (Intensity: 2)
BardEngine: No options found at path "events.training.summary" (Intensity: 2)
BardEngine: No options found at path "events.training.title" (Intensity: 2)
BardEngine: No options found at path "events.training.summary" (Intensity: 2)
BardEngine: No options found at path "events.lifecycle.title" (Intensity: 2)
BardEngine: No options found at path "events.lifecycle.summary" (Intensity: 2)
BardEngine: No options found at path "events.lifecycle.title" (Intensity: 2)
BardEngine: No options found at path "events.lifecycle.summary" (Intensity: 2)
[PIPELINE FATAL ERROR] in phase: "phase01_week_npc_ai" TypeError: object is not iterable (cannot read property Symbol(Symbol.iterator))
    at new Map (<anonymous>)
    at phase (/Users/amauricia/Documents/GitHub/sumo-manager-pro/src/engine/tick/phases/phase01_week_npc_ai.ts:29:30)
    at reduce (/Users/amauricia/Documents/GitHub/sumo-manager-pro/src/engine/tick/pipelineRunner.ts:37:25)
    at Array.reduce (<anonymous>)
    at runPipeline (/Users/amauricia/Documents/GitHub/sumo-manager-pro/src/engine/tick/pipelineRunner.ts:35:17)
    at advanceOneDay (/Users/amauricia/Documents/GitHub/sumo-manager-pro/src/engine/tick/tickDaily.ts:127:19)
    at simDays (/Users/amauricia/Documents/GitHub/sumo-manager-pro/src/engine/__tests__/simulationDeterminism.test.ts:63:13)
    at /Users/amauricia/Documents/GitHub/sumo-manager-pro/src/engine/__tests__/simulationDeterminism.test.ts:75:19
    at file:///Users/amauricia/Documents/GitHub/sumo-manager-pro/node_modules/@vitest/runner/dist/chunk-artifact.js:302:11
    at file:///Users/amauricia/Documents/GitHub/sumo-manager-pro/node_modules/@vitest/runner/dist/chunk-artifact.js:1903:26
[PIPELINE FATAL ERROR] in phase: "phase01_week_npc_ai" TypeError: object is not iterable (cannot read property Symbol(Symbol.iterator))
    at new Map (<anonymous>)
    at phase (/Users/amauricia/Documents/GitHub/sumo-manager-pro/src/engine/tick/phases/phase01_week_npc_ai.ts:29:30)
    at reduce (/Users/amauricia/Documents/GitHub/sumo-manager-pro/src/engine/tick/pipelineRunner.ts:37:25)
    at Array.reduce (<anonymous>)
    at runPipeline (/Users/amauricia/Documents/GitHub/sumo-manager-pro/src/engine/tick/pipelineRunner.ts:35:17)
    at advanceOneDay (/Users/amauricia/Documents/GitHub/sumo-manager-pro/src/engine/tick/tickDaily.ts:127:19)
    at simDays (/Users/amauricia/Documents/GitHub/sumo-manager-pro/src/engine/__tests__/simulationDeterminism.test.ts:63:13)
    at /Users/amauricia/Documents/GitHub/sumo-manager-pro/src/engine/__tests__/simulationDeterminism.test.ts:75:19
    at file:///Users/amauricia/Documents/GitHub/sumo-manager-pro/node_modules/@vitest/runner/dist/chunk-artifact.js:302:11
    at file:///Users/amauricia/Documents/GitHub/sumo-manager-pro/node_modules/@vitest/runner/dist/chunk-artifact.js:1903:26
[PIPELINE FATAL ERROR] in phase: "phase01_week_npc_ai" TypeError: object is not iterable (cannot read property Symbol(Symbol.iterator))
    at new Map (<anonymous>)
    at phase (/Users/amauricia/Documents/GitHub/sumo-manager-pro/src/engine/tick/phases/phase01_week_npc_ai.ts:29:30)
    at reduce (/Users/amauricia/Documents/GitHub/sumo-manager-pro/src/engine/tick/pipelineRunner.ts:37:25)
    at Array.reduce (<anonymous>)
    at runPipeline (/Users/amauricia/Documents/GitHub/sumo-manager-pro/src/engine/tick/pipelineRunner.ts:35:17)
    at advanceOneDay (/Users/amauricia/Documents/GitHub/sumo-manager-pro/src/engine/tick/tickDaily.ts:127:19)
    at simDays (/Users/amauricia/Documents/GitHub/sumo-manager-pro/src/engine/__tests__/simulationDeterminism.test.ts:63:13)
    at /Users/amauricia/Documents/GitHub/sumo-manager-pro/src/engine/__tests__/simulationDeterminism.test.ts:75:19
    at file:///Users/amauricia/Documents/GitHub/sumo-manager-pro/node_modules/@vitest/runner/dist/chunk-artifact.js:302:11
    at file:///Users/amauricia/Documents/GitHub/sumo-manager-pro/node_modules/@vitest/runner/dist/chunk-artifact.js:1903:26
[PIPELINE FATAL ERROR] in phase: "phase01_week_npc_ai" TypeError: object is not iterable (cannot read property Symbol(Symbol.iterator))
    at new Map (<anonymous>)
    at phase (/Users/amauricia/Documents/GitHub/sumo-manager-pro/src/engine/tick/phases/phase01_week_npc_ai.ts:29:30)
    at reduce (/Users/amauricia/Documents/GitHub/sumo-manager-pro/src/engine/tick/pipelineRunner.ts:37:25)
    at Array.reduce (<anonymous>)
    at runPipeline (/Users/amauricia/Documents/GitHub/sumo-manager-pro/src/engine/tick/pipelineRunner.ts:35:17)
    at advanceOneDay (/Users/amauricia/Documents/GitHub/sumo-manager-pro/src/engine/tick/tickDaily.ts:127:19)
    at simDays (/Users/amauricia/Documents/GitHub/sumo-manager-pro/src/engine/__tests__/simulationDeterminism.test.ts:63:13)
    at /Users/amauricia/Documents/GitHub/sumo-manager-pro/src/engine/__tests__/simulationDeterminism.test.ts:75:19
    at file:///Users/amauricia/Documents/GitHub/sumo-manager-pro/node_modules/@vitest/runner/dist/chunk-artifact.js:302:11
    at file:///Users/amauricia/Documents/GitHub/sumo-manager-pro/node_modules/@vitest/runner/dist/chunk-artifact.js:1903:26
[PIPELINE FATAL ERROR] in phase: "phase01_week_npc_ai" TypeError: object is not iterable (cannot read property Symbol(Symbol.iterator))
    at new Map (<anonymous>)
    at phase (/Users/amauricia/Documents/GitHub/sumo-manager-pro/src/engine/tick/phases/phase01_week_npc_ai.ts:29:30)
    at reduce (/Users/amauricia/Documents/GitHub/sumo-manager-pro/src/engine/tick/pipelineRunner.ts:37:25)
    at Array.reduce (<anonymous>)
    at runPipeline (/Users/amauricia/Documents/GitHub/sumo-manager-pro/src/engine/tick/pipelineRunner.ts:35:17)
    at advanceOneDay (/Users/amauricia/Documents/GitHub/sumo-manager-pro/src/engine/tick/tickDaily.ts:127:19)
    at simDays (/Users/amauricia/Documents/GitHub/sumo-manager-pro/src/engine/__tests__/simulationDeterminism.test.ts:63:13)
    at /Users/amauricia/Documents/GitHub/sumo-manager-pro/src/engine/__tests__/simulationDeterminism.test.ts:75:19
    at file:///Users/amauricia/Documents/GitHub/sumo-manager-pro/node_modules/@vitest/runner/dist/chunk-artifact.js:302:11
    at file:///Users/amauricia/Documents/GitHub/sumo-manager-pro/node_modules/@vitest/runner/dist/chunk-artifact.js:1903:26
BardEngine: No options found at path "events.basho.status_title" (Intensity: 2)
BardEngine: No options found at path "events.basho.status_summary" (Intensity: 2)
[PIPELINE FATAL ERROR] in phase: "phase01_week_npc_ai" TypeError: object is not iterable (cannot read property Symbol(Symbol.iterator))
    at new Map (<anonymous>)
    at phase (/Users/amauricia/Documents/GitHub/sumo-manager-pro/src/engine/tick/phases/phase01_week_npc_ai.ts:29:30)
    at reduce (/Users/amauricia/Documents/GitHub/sumo-manager-pro/src/engine/tick/pipelineRunner.ts:37:25)
    at Array.reduce (<anonymous>)
    at runPipeline (/Users/amauricia/Documents/GitHub/sumo-manager-pro/src/engine/tick/pipelineRunner.ts:35:17)
    at advanceOneDay (/Users/amauricia/Documents/GitHub/sumo-manager-pro/src/engine/tick/tickDaily.ts:127:19)
    at simDays (/Users/amauricia/Documents/GitHub/sumo-manager-pro/src/engine/__tests__/simulationDeterminism.test.ts:63:13)
    at /Users/amauricia/Documents/GitHub/sumo-manager-pro/src/engine/__tests__/simulationDeterminism.test.ts:75:19
    at file:///Users/amauricia/Documents/GitHub/sumo-manager-pro/node_modules/@vitest/runner/dist/chunk-artifact.js:302:11
    at file:///Users/amauricia/Documents/GitHub/sumo-manager-pro/node_modules/@vitest/runner/dist/chunk-artifact.js:1903:26
[PIPELINE FATAL ERROR] in phase: "phase01_week_npc_ai" TypeError: object is not iterable (cannot read property Symbol(Symbol.iterator))
    at new Map (<anonymous>)
    at phase (/Users/amauricia/Documents/GitHub/sumo-manager-pro/src/engine/tick/phases/phase01_week_npc_ai.ts:29:30)
    at reduce (/Users/amauricia/Documents/GitHub/sumo-manager-pro/src/engine/tick/pipelineRunner.ts:37:25)
    at Array.reduce (<anonymous>)
    at runPipeline (/Users/amauricia/Documents/GitHub/sumo-manager-pro/src/engine/tick/pipelineRunner.ts:35:17)
    at advanceOneDay (/Users/amauricia/Documents/GitHub/sumo-manager-pro/src/engine/tick/tickDaily.ts:127:19)
    at simDays (/Users/amauricia/Documents/GitHub/sumo-manager-pro/src/engine/__tests__/simulationDeterminism.test.ts:63:13)
    at /Users/amauricia/Documents/GitHub/sumo-manager-pro/src/engine/__tests__/simulationDeterminism.test.ts:75:19
    at file:///Users/amauricia/Documents/GitHub/sumo-manager-pro/node_modules/@vitest/runner/dist/chunk-artifact.js:302:11
    at file:///Users/amauricia/Documents/GitHub/sumo-manager-pro/node_modules/@vitest/runner/dist/chunk-artifact.js:1903:26

 ✓ src/engine/core/__tests__/SimulationRunner.test.ts (2 tests) 6ms
 ✓ src/engine/tick/phases/__tests__/phase06_narrative.test.ts (5 tests) 7ms
 ✓ src/engine/__tests__/matchmaking.test.ts (18 tests) 9ms
stderr | src/hooks/__tests__/useDashboardLayout.test.ts > useDashboardLayout: loadSavedOrder > should handle prototype pollution attempts via destr
[destr] Dropping "__proto__" key to prevent prototype pollution.

 ✓ src/hooks/__tests__/useDashboardLayout.test.ts (6 tests) 5ms
 ✓ src/engine/__tests__/bardIntegration.test.ts (3 tests) 5ms
 ✓ src/engine/systems/training/__tests__/TrainingMath.test.ts (16 tests) 11ms
 ✓ src/engine/__tests__/npcAI_agentic.test.ts (4 tests) 6ms
 ✓ src/test/engine/utils/random.test.ts (7 tests) 4ms
 ✓ src/engine/core/__tests__/EntityService.test.ts (5 tests) 11ms
 ✓ src/test/engine/utils/safe.test.ts (2 tests) 5ms
 ✓ src/engine/storage/__tests__/OPFSFileSystem.test.ts (9 tests) 20ms
 ✓ src/engine/tick/phases/__tests__/phase02_context.test.ts (5 tests) 6ms
 ✓ src/engine/tick/phases/__tests__/phase04_welfare.test.ts (5 tests) 5ms
 ✓ src/engine/core/__tests__/SimulationConfig.test.ts (5 tests) 3ms
 ✓ src/presenters/__tests__/banzukeUI.test.ts (12 tests) 6ms
 ✓ src/engine/systems/welfare/__tests__/WelfareCalculations.test.ts (11 tests) 6ms
 ✓ src/test/engine/utils/sort.test.ts (6 tests) 3ms
 ✓ src/engine/tick/__tests__/advanceWeek.test.ts (5 tests) 4ms
 ✓ src/presenters/__tests__/bashoUI.test.ts (6 tests) 8ms
stderr | src/engine/__tests__/simulationDeterminism.test.ts > Simulation determinism > produces identical checksum at day 100 on two independent runs
BardEngine: No options found at path "events.basho.status_title" (Intensity: 2)
BardEngine: No options found at path "events.basho.status_summary" (Intensity: 2)
BardEngine: No options found at path "events.basho.status_title" (Intensity: 2)
BardEngine: No options found at path "events.basho.status_summary" (Intensity: 2)
BardEngine: No options found at path "events.lifecycle.title" (Intensity: 2)
BardEngine: No options found at path "events.lifecycle.summary" (Intensity: 2)
BardEngine: No options found at path "events.lifecycle.title" (Intensity: 2)
BardEngine: No options found at path "events.lifecycle.summary" (Intensity: 2)
[PIPELINE FATAL ERROR] in phase: "phase01_week_npc_ai" TypeError: object is not iterable (cannot read property Symbol(Symbol.iterator))
    at new Map (<anonymous>)
    at phase (/Users/amauricia/Documents/GitHub/sumo-manager-pro/src/engine/tick/phases/phase01_week_npc_ai.ts:29:30)
    at reduce (/Users/amauricia/Documents/GitHub/sumo-manager-pro/src/engine/tick/pipelineRunner.ts:37:25)
    at Array.reduce (<anonymous>)
    at runPipeline (/Users/amauricia/Documents/GitHub/sumo-manager-pro/src/engine/tick/pipelineRunner.ts:35:17)
    at advanceOneDay (/Users/amauricia/Documents/GitHub/sumo-manager-pro/src/engine/tick/tickDaily.ts:127:19)
    at simDays (/Users/amauricia/Documents/GitHub/sumo-manager-pro/src/engine/__tests__/simulationDeterminism.test.ts:63:13)
    at /Users/amauricia/Documents/GitHub/sumo-manager-pro/src/engine/__tests__/simulationDeterminism.test.ts:80:19
    at file:///Users/amauricia/Documents/GitHub/sumo-manager-pro/node_modules/@vitest/runner/dist/chunk-artifact.js:302:11
    at file:///Users/amauricia/Documents/GitHub/sumo-manager-pro/node_modules/@vitest/runner/dist/chunk-artifact.js:1903:26
BardEngine: No options found at path "events.basho.status_title" (Intensity: 2)
BardEngine: No options found at path "events.basho.status_summary" (Intensity: 2)
BardEngine: No options found at path "events.basho.status_title" (Intensity: 2)
BardEngine: No options found at path "events.basho.status_summary" (Intensity: 2)
BardEngine: No options found at path "events.training.title" (Intensity: 2)
BardEngine: No options found at path "events.training.summary" (Intensity: 2)
BardEngine: No options found at path "events.training.title" (Intensity: 2)
BardEngine: No options found at path "events.training.summary" (Intensity: 2)
BardEngine: No options found at path "events.training.title" (Intensity: 2)
BardEngine: No options found at path "events.training.summary" (Intensity: 2)
BardEngine: No options found at path "events.training.title" (Intensity: 2)
BardEngine: No options found at path "events.training.summary" (Intensity: 2)
BardEngine: No options found at path "events.training.title" (Intensity: 2)
BardEngine: No options found at path "events.training.summary" (Intensity: 2)
BardEngine: No options found at path "events.training.title" (Intensity: 2)
BardEngine: No options found at path "events.training.summary" (Intensity: 2)
BardEngine: No options found at path "events.training.title" (Intensity: 2)
BardEngine: No options found at path "events.training.summary" (Intensity: 2)
BardEngine: No options found at path "events.training.title" (Intensity: 2)
BardEngine: No options found at path "events.training.summary" (Intensity: 2)
BardEngine: No options found at path "events.training.title" (Intensity: 2)
BardEngine: No options found at path "events.training.summary" (Intensity: 2)
BardEngine: No options found at path "events.training.title" (Intensity: 2)
BardEngine: No options found at path "events.training.summary" (Intensity: 2)
BardEngine: No options found at path "events.training.title" (Intensity: 2)
BardEngine: No options found at path "events.training.summary" (Intensity: 2)
BardEngine: No options found at path "events.training.title" (Intensity: 2)
BardEngine: No options found at path "events.training.summary" (Intensity: 2)
BardEngine: No options found at path "events.training.title" (Intensity: 2)
BardEngine: No options found at path "events.training.summary" (Intensity: 2)
BardEngine: No options found at path "events.training.title" (Intensity: 2)
BardEngine: No options found at path "events.training.summary" (Intensity: 2)
BardEngine: No options found at path "events.training.title" (Intensity: 2)
BardEngine: No options found at path "events.training.summary" (Intensity: 2)
BardEngine: No options found at path "events.training.title" (Intensity: 2)
BardEngine: No options found at path "events.training.summary" (Intensity: 2)
BardEngine: No options found at path "events.training.title" (Intensity: 2)
BardEngine: No options found at path "events.training.summary" (Intensity: 2)
BardEngine: No options found at path "events.training.title" (Intensity: 2)
BardEngine: No options found at path "events.training.summary" (Intensity: 2)
BardEngine: No options found at path "events.training.title" (Intensity: 2)
BardEngine: No options found at path "events.training.summary" (Intensity: 2)
BardEngine: No options found at path "events.training.title" (Intensity: 2)
BardEngine: No options found at path "events.training.summary" (Intensity: 2)
BardEngine: No options found at path "events.training.title" (Intensity: 2)
BardEngine: No options found at path "events.training.summary" (Intensity: 2)
BardEngine: No options found at path "events.training.title" (Intensity: 2)
BardEngine: No options found at path "events.training.summary" (Intensity: 2)
BardEngine: No options found at path "events.training.title" (Intensity: 2)
BardEngine: No options found at path "events.training.summary" (Intensity: 2)
BardEngine: No options found at path "events.training.title" (Intensity: 2)
BardEngine: No options found at path "events.training.summary" (Intensity: 2)
BardEngine: No options found at path "events.training.title" (Intensity: 2)
BardEngine: No options found at path "events.training.summary" (Intensity: 2)
BardEngine: No options found at path "events.training.title" (Intensity: 2)
BardEngine: No options found at path "events.training.summary" (Intensity: 2)
BardEngine: No options found at path "events.training.title" (Intensity: 2)
BardEngine: No options found at path "events.training.summary" (Intensity: 2)
BardEngine: No options found at path "events.training.title" (Intensity: 2)
BardEngine: No options found at path "events.training.summary" (Intensity: 2)
BardEngine: No options found at path "events.training.title" (Intensity: 2)
BardEngine: No options found at path "events.training.summary" (Intensity: 2)
BardEngine: No options found at path "events.training.title" (Intensity: 2)
BardEngine: No options found at path "events.training.summary" (Intensity: 2)
BardEngine: No options found at path "events.training.title" (Intensity: 2)
BardEngine: No options found at path "events.training.summary" (Intensity: 2)
BardEngine: No options found at path "events.training.title" (Intensity: 2)
BardEngine: No options found at path "events.training.summary" (Intensity: 2)
BardEngine: No options found at path "events.training.title" (Intensity: 2)
BardEngine: No options found at path "events.training.summary" (Intensity: 2)
BardEngine: No options found at path "events.training.title" (Intensity: 2)
BardEngine: No options found at path "events.training.summary" (Intensity: 2)
BardEngine: No options found at path "events.training.title" (Intensity: 2)
BardEngine: No options found at path "events.training.summary" (Intensity: 2)
BardEngine: No options found at path "events.training.title" (Intensity: 2)
BardEngine: No options found at path "events.training.summary" (Intensity: 2)
BardEngine: No options found at path "events.training.title" (Intensity: 2)
BardEngine: No options found at path "events.training.summary" (Intensity: 2)
BardEngine: No options found at path "events.training.title" (Intensity: 2)
BardEngine: No options found at path "events.training.summary" (Intensity: 2)
BardEngine: No options found at path "events.training.title" (Intensity: 2)
BardEngine: No options found at path "events.training.summary" (Intensity: 2)
BardEngine: No options found at path "events.training.title" (Intensity: 2)
BardEngine: No options found at path "events.training.summary" (Intensity: 2)
BardEngine: No options found at path "events.training.title" (Intensity: 2)
BardEngine: No options found at path "events.training.summary" (Intensity: 2)
BardEngine: No options found at path "events.training.title" (Intensity: 2)
BardEngine: No options found at path "events.training.summary" (Intensity: 2)
BardEngine: No options found at path "events.training.title" (Intensity: 2)
BardEngine: No options found at path "events.training.summary" (Intensity: 2)
BardEngine: No options found at path "events.training.title" (Intensity: 2)
BardEngine: No options found at path "events.training.summary" (Intensity: 2)
BardEngine: No options found at path "events.training.title" (Intensity: 2)
BardEngine: No options found at path "events.training.summary" (Intensity: 2)
BardEngine: No options found at path "events.training.title" (Intensity: 2)
BardEngine: No options found at path "events.training.summary" (Intensity: 2)
BardEngine: No options found at path "events.training.title" (Intensity: 2)
BardEngine: No options found at path "events.training.summary" (Intensity: 2)
BardEngine: No options found at path "events.training.title" (Intensity: 2)
BardEngine: No options found at path "events.training.summary" (Intensity: 2)
BardEngine: No options found at path "events.training.title" (Intensity: 2)
BardEngine: No options found at path "events.training.summary" (Intensity: 2)
BardEngine: No options found at path "events.training.title" (Intensity: 2)
BardEngine: No options found at path "events.training.summary" (Intensity: 2)
BardEngine: No options found at path "events.training.title" (Intensity: 2)
BardEngine: No options found at path "events.training.summary" (Intensity: 2)
BardEngine: No options found at path "events.training.title" (Intensity: 2)
BardEngine: No options found at path "events.training.summary" (Intensity: 2)
BardEngine: No options found at path "events.training.title" (Intensity: 2)
BardEngine: No options found at path "events.training.summary" (Intensity: 2)
BardEngine: No options found at path "events.training.title" (Intensity: 2)
BardEngine: No options found at path "events.training.summary" (Intensity: 2)
BardEngine: No options found at path "events.training.title" (Intensity: 2)
BardEngine: No options found at path "events.training.summary" (Intensity: 2)
BardEngine: No options found at path "events.training.title" (Intensity: 2)
BardEngine: No options found at path "events.training.summary" (Intensity: 2)
BardEngine: No options found at path "events.training.title" (Intensity: 2)
BardEngine: No options found at path "events.training.summary" (Intensity: 2)
BardEngine: No options found at path "events.training.title" (Intensity: 2)
BardEngine: No options found at path "events.training.summary" (Intensity: 2)
BardEngine: No options found at path "events.training.title" (Intensity: 2)
BardEngine: No options found at path "events.training.summary" (Intensity: 2)
BardEngine: No options found at path "events.training.title" (Intensity: 2)
BardEngine: No options found at path "events.training.summary" (Intensity: 2)
BardEngine: No options found at path "events.training.title" (Intensity: 2)
BardEngine: No options found at path "events.training.summary" (Intensity: 2)
BardEngine: No options found at path "events.training.title" (Intensity: 2)
BardEngine: No options found at path "events.training.summary" (Intensity: 2)
BardEngine: No options found at path "events.training.title" (Intensity: 2)
BardEngine: No options found at path "events.training.summary" (Intensity: 2)
BardEngine: No options found at path "events.training.title" (Intensity: 2)
BardEngine: No options found at path "events.training.summary" (Intensity: 2)
BardEngine: No options found at path "events.training.title" (Intensity: 2)
BardEngine: No options found at path "events.training.summary" (Intensity: 2)
BardEngine: No options found at path "events.training.title" (Intensity: 2)
BardEngine: No options found at path "events.training.summary" (Intensity: 2)
BardEngine: No options found at path "events.training.title" (Intensity: 2)
BardEngine: No options found at path "events.training.summary" (Intensity: 2)
BardEngine: No options found at path "events.training.title" (Intensity: 2)
BardEngine: No options found at path "events.training.summary" (Intensity: 2)
BardEngine: No options found at path "events.training.title" (Intensity: 2)
BardEngine: No options found at path "events.training.summary" (Intensity: 2)
BardEngine: No options found at path "events.training.title" (Intensity: 2)
BardEngine: No options found at path "events.training.summary" (Intensity: 2)
BardEngine: No options found at path "events.training.title" (Intensity: 2)
BardEngine: No options found at path "events.training.summary" (Intensity: 2)
BardEngine: No options found at path "events.training.title" (Intensity: 2)
BardEngine: No options found at path "events.training.summary" (Intensity: 2)
BardEngine: No options found at path "events.training.title" (Intensity: 2)
BardEngine: No options found at path "events.training.summary" (Intensity: 2)
BardEngine: No options found at path "events.training.title" (Intensity: 2)
BardEngine: No options found at path "events.training.summary" (Intensity: 2)
BardEngine: No options found at path "events.training.title" (Intensity: 2)
BardEngine: No options found at path "events.training.summary" (Intensity: 2)
BardEngine: No options found at path "events.training.title" (Intensity: 2)
BardEngine: No options found at path "events.training.summary" (Intensity: 2)
BardEngine: No options found at path "events.training.title" (Intensity: 2)
BardEngine: No options found at path "events.training.summary" (Intensity: 2)
BardEngine: No options found at path "events.training.title" (Intensity: 2)
BardEngine: No options found at path "events.training.summary" (Intensity: 2)
BardEngine: No options found at path "events.training.title" (Intensity: 2)
BardEngine: No options found at path "events.training.summary" (Intensity: 2)
BardEngine: No options found at path "events.training.title" (Intensity: 2)
BardEngine: No options found at path "events.training.summary" (Intensity: 2)
BardEngine: No options found at path "events.lifecycle.title" (Intensity: 2)
BardEngine: No options found at path "events.lifecycle.summary" (Intensity: 2)
BardEngine: No options found at path "events.lifecycle.title" (Intensity: 2)
BardEngine: No options found at path "events.lifecycle.summary" (Intensity: 2)
[PIPELINE FATAL ERROR] in phase: "phase01_week_npc_ai" TypeError: object is not iterable (cannot read property Symbol(Symbol.iterator))
    at new Map (<anonymous>)
    at phase (/Users/amauricia/Documents/GitHub/sumo-manager-pro/src/engine/tick/phases/phase01_week_npc_ai.ts:29:30)
    at reduce (/Users/amauricia/Documents/GitHub/sumo-manager-pro/src/engine/tick/pipelineRunner.ts:37:25)
    at Array.reduce (<anonymous>)
    at runPipeline (/Users/amauricia/Documents/GitHub/sumo-manager-pro/src/engine/tick/pipelineRunner.ts:35:17)
    at advanceOneDay (/Users/amauricia/Documents/GitHub/sumo-manager-pro/src/engine/tick/tickDaily.ts:127:19)
    at simDays (/Users/amauricia/Documents/GitHub/sumo-manager-pro/src/engine/__tests__/simulationDeterminism.test.ts:63:13)
    at /Users/amauricia/Documents/GitHub/sumo-manager-pro/src/engine/__tests__/simulationDeterminism.test.ts:80:19
    at file:///Users/amauricia/Documents/GitHub/sumo-manager-pro/node_modules/@vitest/runner/dist/chunk-artifact.js:302:11
    at file:///Users/amauricia/Documents/GitHub/sumo-manager-pro/node_modules/@vitest/runner/dist/chunk-artifact.js:1903:26
[PIPELINE FATAL ERROR] in phase: "phase01_week_npc_ai" TypeError: object is not iterable (cannot read property Symbol(Symbol.iterator))
    at new Map (<anonymous>)
    at phase (/Users/amauricia/Documents/GitHub/sumo-manager-pro/src/engine/tick/phases/phase01_week_npc_ai.ts:29:30)
    at reduce (/Users/amauricia/Documents/GitHub/sumo-manager-pro/src/engine/tick/pipelineRunner.ts:37:25)
    at Array.reduce (<anonymous>)
    at runPipeline (/Users/amauricia/Documents/GitHub/sumo-manager-pro/src/engine/tick/pipelineRunner.ts:35:17)
    at advanceOneDay (/Users/amauricia/Documents/GitHub/sumo-manager-pro/src/engine/tick/tickDaily.ts:127:19)
    at simDays (/Users/amauricia/Documents/GitHub/sumo-manager-pro/src/engine/__tests__/simulationDeterminism.test.ts:63:13)
    at /Users/amauricia/Documents/GitHub/sumo-manager-pro/src/engine/__tests__/simulationDeterminism.test.ts:80:19
    at file:///Users/amauricia/Documents/GitHub/sumo-manager-pro/node_modules/@vitest/runner/dist/chunk-artifact.js:302:11
    at file:///Users/amauricia/Documents/GitHub/sumo-manager-pro/node_modules/@vitest/runner/dist/chunk-artifact.js:1903:26
[PIPELINE FATAL ERROR] in phase: "phase01_week_npc_ai" TypeError: object is not iterable (cannot read property Symbol(Symbol.iterator))
    at new Map (<anonymous>)
    at phase (/Users/amauricia/Documents/GitHub/sumo-manager-pro/src/engine/tick/phases/phase01_week_npc_ai.ts:29:30)
    at reduce (/Users/amauricia/Documents/GitHub/sumo-manager-pro/src/engine/tick/pipelineRunner.ts:37:25)
    at Array.reduce (<anonymous>)
    at runPipeline (/Users/amauricia/Documents/GitHub/sumo-manager-pro/src/engine/tick/pipelineRunner.ts:35:17)
    at advanceOneDay (/Users/amauricia/Documents/GitHub/sumo-manager-pro/src/engine/tick/tickDaily.ts:127:19)
    at simDays (/Users/amauricia/Documents/GitHub/sumo-manager-pro/src/engine/__tests__/simulationDeterminism.test.ts:63:13)
    at /Users/amauricia/Documents/GitHub/sumo-manager-pro/src/engine/__tests__/simulationDeterminism.test.ts:80:19
    at file:///Users/amauricia/Documents/GitHub/sumo-manager-pro/node_modules/@vitest/runner/dist/chunk-artifact.js:302:11
    at file:///Users/amauricia/Documents/GitHub/sumo-manager-pro/node_modules/@vitest/runner/dist/chunk-artifact.js:1903:26
[PIPELINE FATAL ERROR] in phase: "phase01_week_npc_ai" TypeError: object is not iterable (cannot read property Symbol(Symbol.iterator))
    at new Map (<anonymous>)
    at phase (/Users/amauricia/Documents/GitHub/sumo-manager-pro/src/engine/tick/phases/phase01_week_npc_ai.ts:29:30)
    at reduce (/Users/amauricia/Documents/GitHub/sumo-manager-pro/src/engine/tick/pipelineRunner.ts:37:25)
    at Array.reduce (<anonymous>)
    at runPipeline (/Users/amauricia/Documents/GitHub/sumo-manager-pro/src/engine/tick/pipelineRunner.ts:35:17)
    at advanceOneDay (/Users/amauricia/Documents/GitHub/sumo-manager-pro/src/engine/tick/tickDaily.ts:127:19)
    at simDays (/Users/amauricia/Documents/GitHub/sumo-manager-pro/src/engine/__tests__/simulationDeterminism.test.ts:63:13)
    at /Users/amauricia/Documents/GitHub/sumo-manager-pro/src/engine/__tests__/simulationDeterminism.test.ts:80:19
    at file:///Users/amauricia/Documents/GitHub/sumo-manager-pro/node_modules/@vitest/runner/dist/chunk-artifact.js:302:11
    at file:///Users/amauricia/Documents/GitHub/sumo-manager-pro/node_modules/@vitest/runner/dist/chunk-artifact.js:1903:26
[PIPELINE FATAL ERROR] in phase: "phase01_week_npc_ai" TypeError: object is not iterable (cannot read property Symbol(Symbol.iterator))
    at new Map (<anonymous>)
    at phase (/Users/amauricia/Documents/GitHub/sumo-manager-pro/src/engine/tick/phases/phase01_week_npc_ai.ts:29:30)
    at reduce (/Users/amauricia/Documents/GitHub/sumo-manager-pro/src/engine/tick/pipelineRunner.ts:37:25)
    at Array.reduce (<anonymous>)
    at runPipeline (/Users/amauricia/Documents/GitHub/sumo-manager-pro/src/engine/tick/pipelineRunner.ts:35:17)
    at advanceOneDay (/Users/amauricia/Documents/GitHub/sumo-manager-pro/src/engine/tick/tickDaily.ts:127:19)
    at simDays (/Users/amauricia/Documents/GitHub/sumo-manager-pro/src/engine/__tests__/simulationDeterminism.test.ts:63:13)
    at /Users/amauricia/Documents/GitHub/sumo-manager-pro/src/engine/__tests__/simulationDeterminism.test.ts:80:19
    at file:///Users/amauricia/Documents/GitHub/sumo-manager-pro/node_modules/@vitest/runner/dist/chunk-artifact.js:302:11
    at file:///Users/amauricia/Documents/GitHub/sumo-manager-pro/node_modules/@vitest/runner/dist/chunk-artifact.js:1903:26
BardEngine: No options found at path "events.basho.status_title" (Intensity: 2)
BardEngine: No options found at path "events.basho.status_summary" (Intensity: 2)
[PIPELINE FATAL ERROR] in phase: "phase01_week_npc_ai" TypeError: object is not iterable (cannot read property Symbol(Symbol.iterator))
    at new Map (<anonymous>)
    at phase (/Users/amauricia/Documents/GitHub/sumo-manager-pro/src/engine/tick/phases/phase01_week_npc_ai.ts:29:30)
    at reduce (/Users/amauricia/Documents/GitHub/sumo-manager-pro/src/engine/tick/pipelineRunner.ts:37:25)
    at Array.reduce (<anonymous>)
    at runPipeline (/Users/amauricia/Documents/GitHub/sumo-manager-pro/src/engine/tick/pipelineRunner.ts:35:17)
    at advanceOneDay (/Users/amauricia/Documents/GitHub/sumo-manager-pro/src/engine/tick/tickDaily.ts:127:19)
    at simDays (/Users/amauricia/Documents/GitHub/sumo-manager-pro/src/engine/__tests__/simulationDeterminism.test.ts:63:13)
    at /Users/amauricia/Documents/GitHub/sumo-manager-pro/src/engine/__tests__/simulationDeterminism.test.ts:80:19
    at file:///Users/amauricia/Documents/GitHub/sumo-manager-pro/node_modules/@vitest/runner/dist/chunk-artifact.js:302:11
    at file:///Users/amauricia/Documents/GitHub/sumo-manager-pro/node_modules/@vitest/runner/dist/chunk-artifact.js:1903:26
[PIPELINE FATAL ERROR] in phase: "phase01_week_npc_ai" TypeError: object is not iterable (cannot read property Symbol(Symbol.iterator))
    at new Map (<anonymous>)
    at phase (/Users/amauricia/Documents/GitHub/sumo-manager-pro/src/engine/tick/phases/phase01_week_npc_ai.ts:29:30)
    at reduce (/Users/amauricia/Documents/GitHub/sumo-manager-pro/src/engine/tick/pipelineRunner.ts:37:25)
    at Array.reduce (<anonymous>)
    at runPipeline (/Users/amauricia/Documents/GitHub/sumo-manager-pro/src/engine/tick/pipelineRunner.ts:35:17)
    at advanceOneDay (/Users/amauricia/Documents/GitHub/sumo-manager-pro/src/engine/tick/tickDaily.ts:127:19)
    at simDays (/Users/amauricia/Documents/GitHub/sumo-manager-pro/src/engine/__tests__/simulationDeterminism.test.ts:63:13)
    at /Users/amauricia/Documents/GitHub/sumo-manager-pro/src/engine/__tests__/simulationDeterminism.test.ts:80:19
    at file:///Users/amauricia/Documents/GitHub/sumo-manager-pro/node_modules/@vitest/runner/dist/chunk-artifact.js:302:11
    at file:///Users/amauricia/Documents/GitHub/sumo-manager-pro/node_modules/@vitest/runner/dist/chunk-artifact.js:1903:26
[PIPELINE FATAL ERROR] in phase: "phase01_week_npc_ai" TypeError: object is not iterable (cannot read property Symbol(Symbol.iterator))
    at new Map (<anonymous>)
    at phase (/Users/amauricia/Documents/GitHub/sumo-manager-pro/src/engine/tick/phases/phase01_week_npc_ai.ts:29:30)
    at reduce (/Users/amauricia/Documents/GitHub/sumo-manager-pro/src/engine/tick/pipelineRunner.ts:37:25)
    at Array.reduce (<anonymous>)
    at runPipeline (/Users/amauricia/Documents/GitHub/sumo-manager-pro/src/engine/tick/pipelineRunner.ts:35:17)
    at advanceOneDay (/Users/amauricia/Documents/GitHub/sumo-manager-pro/src/engine/tick/tickDaily.ts:127:19)
    at simDays (/Users/amauricia/Documents/GitHub/sumo-manager-pro/src/engine/__tests__/simulationDeterminism.test.ts:63:13)
    at /Users/amauricia/Documents/GitHub/sumo-manager-pro/src/engine/__tests__/simulationDeterminism.test.ts:80:19
    at file:///Users/amauricia/Documents/GitHub/sumo-manager-pro/node_modules/@vitest/runner/dist/chunk-artifact.js:302:11
    at file:///Users/amauricia/Documents/GitHub/sumo-manager-pro/node_modules/@vitest/runner/dist/chunk-artifact.js:1903:26
[PIPELINE FATAL ERROR] in phase: "phase01_week_npc_ai" TypeError: object is not iterable (cannot read property Symbol(Symbol.iterator))
    at new Map (<anonymous>)
    at phase (/Users/amauricia/Documents/GitHub/sumo-manager-pro/src/engine/tick/phases/phase01_week_npc_ai.ts:29:30)
    at reduce (/Users/amauricia/Documents/GitHub/sumo-manager-pro/src/engine/tick/pipelineRunner.ts:37:25)
    at Array.reduce (<anonymous>)
    at runPipeline (/Users/amauricia/Documents/GitHub/sumo-manager-pro/src/engine/tick/pipelineRunner.ts:35:17)
    at advanceOneDay (/Users/amauricia/Documents/GitHub/sumo-manager-pro/src/engine/tick/tickDaily.ts:127:19)
    at simDays (/Users/amauricia/Documents/GitHub/sumo-manager-pro/src/engine/__tests__/simulationDeterminism.test.ts:63:13)
    at /Users/amauricia/Documents/GitHub/sumo-manager-pro/src/engine/__tests__/simulationDeterminism.test.ts:80:19
    at file:///Users/amauricia/Documents/GitHub/sumo-manager-pro/node_modules/@vitest/runner/dist/chunk-artifact.js:302:11
    at file:///Users/amauricia/Documents/GitHub/sumo-manager-pro/node_modules/@vitest/runner/dist/chunk-artifact.js:1903:26
BardEngine: No options found at path "events.basho.status_title" (Intensity: 2)
BardEngine: No options found at path "events.basho.status_summary" (Intensity: 2)
[PIPELINE FATAL ERROR] in phase: "phase01_week_npc_ai" TypeError: object is not iterable (cannot read property Symbol(Symbol.iterator))
    at new Map (<anonymous>)
    at phase (/Users/amauricia/Documents/GitHub/sumo-manager-pro/src/engine/tick/phases/phase01_week_npc_ai.ts:29:30)
    at reduce (/Users/amauricia/Documents/GitHub/sumo-manager-pro/src/engine/tick/pipelineRunner.ts:37:25)
    at Array.reduce (<anonymous>)
    at runPipeline (/Users/amauricia/Documents/GitHub/sumo-manager-pro/src/engine/tick/pipelineRunner.ts:35:17)
    at advanceOneDay (/Users/amauricia/Documents/GitHub/sumo-manager-pro/src/engine/tick/tickDaily.ts:127:19)
    at simDays (/Users/amauricia/Documents/GitHub/sumo-manager-pro/src/engine/__tests__/simulationDeterminism.test.ts:63:13)
    at /Users/amauricia/Documents/GitHub/sumo-manager-pro/src/engine/__tests__/simulationDeterminism.test.ts:80:19
    at file:///Users/amauricia/Documents/GitHub/sumo-manager-pro/node_modules/@vitest/runner/dist/chunk-artifact.js:302:11
    at file:///Users/amauricia/Documents/GitHub/sumo-manager-pro/node_modules/@vitest/runner/dist/chunk-artifact.js:1903:26
[PIPELINE FATAL ERROR] in phase: "phase01_week_npc_ai" TypeError: object is not iterable (cannot read property Symbol(Symbol.iterator))
    at new Map (<anonymous>)
    at phase (/Users/amauricia/Documents/GitHub/sumo-manager-pro/src/engine/tick/phases/phase01_week_npc_ai.ts:29:30)
    at reduce (/Users/amauricia/Documents/GitHub/sumo-manager-pro/src/engine/tick/pipelineRunner.ts:37:25)
    at Array.reduce (<anonymous>)
    at runPipeline (/Users/amauricia/Documents/GitHub/sumo-manager-pro/src/engine/tick/pipelineRunner.ts:35:17)
    at advanceOneDay (/Users/amauricia/Documents/GitHub/sumo-manager-pro/src/engine/tick/tickDaily.ts:127:19)
    at simDays (/Users/amauricia/Documents/GitHub/sumo-manager-pro/src/engine/__tests__/simulationDeterminism.test.ts:63:13)
    at /Users/amauricia/Documents/GitHub/sumo-manager-pro/src/engine/__tests__/simulationDeterminism.test.ts:80:19
    at file:///Users/amauricia/Documents/GitHub/sumo-manager-pro/node_modules/@vitest/runner/dist/chunk-artifact.js:302:11
    at file:///Users/amauricia/Documents/GitHub/sumo-manager-pro/node_modules/@vitest/runner/dist/chunk-artifact.js:1903:26
[PIPELINE FATAL ERROR] in phase: "phase01_week_npc_ai" TypeError: object is not iterable (cannot read property Symbol(Symbol.iterator))
    at new Map (<anonymous>)
    at phase (/Users/amauricia/Documents/GitHub/sumo-manager-pro/src/engine/tick/phases/phase01_week_npc_ai.ts:29:30)
    at reduce (/Users/amauricia/Documents/GitHub/sumo-manager-pro/src/engine/tick/pipelineRunner.ts:37:25)
    at Array.reduce (<anonymous>)
    at runPipeline (/Users/amauricia/Documents/GitHub/sumo-manager-pro/src/engine/tick/pipelineRunner.ts:35:17)
    at advanceOneDay (/Users/amauricia/Documents/GitHub/sumo-manager-pro/src/engine/tick/tickDaily.ts:127:19)
    at simDays (/Users/amauricia/Documents/GitHub/sumo-manager-pro/src/engine/__tests__/simulationDeterminism.test.ts:63:13)
    at /Users/amauricia/Documents/GitHub/sumo-manager-pro/src/engine/__tests__/simulationDeterminism.test.ts:80:19
    at file:///Users/amauricia/Documents/GitHub/sumo-manager-pro/node_modules/@vitest/runner/dist/chunk-artifact.js:302:11
    at file:///Users/amauricia/Documents/GitHub/sumo-manager-pro/node_modules/@vitest/runner/dist/chunk-artifact.js:1903:26
[PIPELINE FATAL ERROR] in phase: "phase01_week_npc_ai" TypeError: object is not iterable (cannot read property Symbol(Symbol.iterator))
    at new Map (<anonymous>)
    at phase (/Users/amauricia/Documents/GitHub/sumo-manager-pro/src/engine/tick/phases/phase01_week_npc_ai.ts:29:30)
    at reduce (/Users/amauricia/Documents/GitHub/sumo-manager-pro/src/engine/tick/pipelineRunner.ts:37:25)
    at Array.reduce (<anonymous>)
    at runPipeline (/Users/amauricia/Documents/GitHub/sumo-manager-pro/src/engine/tick/pipelineRunner.ts:35:17)
    at advanceOneDay (/Users/amauricia/Documents/GitHub/sumo-manager-pro/src/engine/tick/tickDaily.ts:127:19)
    at simDays (/Users/amauricia/Documents/GitHub/sumo-manager-pro/src/engine/__tests__/simulationDeterminism.test.ts:63:13)
    at /Users/amauricia/Documents/GitHub/sumo-manager-pro/src/engine/__tests__/simulationDeterminism.test.ts:80:19
    at file:///Users/amauricia/Documents/GitHub/sumo-manager-pro/node_modules/@vitest/runner/dist/chunk-artifact.js:302:11
    at file:///Users/amauricia/Documents/GitHub/sumo-manager-pro/node_modules/@vitest/runner/dist/chunk-artifact.js:1903:26
BardEngine: No options found at path "events.basho.status_title" (Intensity: 2)
BardEngine: No options found at path "events.basho.status_summary" (Intensity: 2)
[PIPELINE FATAL ERROR] in phase: "phase01_week_npc_ai" TypeError: object is not iterable (cannot read property Symbol(Symbol.iterator))
    at new Map (<anonymous>)
    at phase (/Users/amauricia/Documents/GitHub/sumo-manager-pro/src/engine/tick/phases/phase01_week_npc_ai.ts:29:30)
    at reduce (/Users/amauricia/Documents/GitHub/sumo-manager-pro/src/engine/tick/pipelineRunner.ts:37:25)
    at Array.reduce (<anonymous>)
    at runPipeline (/Users/amauricia/Documents/GitHub/sumo-manager-pro/src/engine/tick/pipelineRunner.ts:35:17)
    at advanceOneDay (/Users/amauricia/Documents/GitHub/sumo-manager-pro/src/engine/tick/tickDaily.ts:127:19)
    at simDays (/Users/amauricia/Documents/GitHub/sumo-manager-pro/src/engine/__tests__/simulationDeterminism.test.ts:63:13)
    at /Users/amauricia/Documents/GitHub/sumo-manager-pro/src/engine/__tests__/simulationDeterminism.test.ts:80:19
    at file:///Users/amauricia/Documents/GitHub/sumo-manager-pro/node_modules/@vitest/runner/dist/chunk-artifact.js:302:11
    at file:///Users/amauricia/Documents/GitHub/sumo-manager-pro/node_modules/@vitest/runner/dist/chunk-artifact.js:1903:26
BardEngine: No options found at path "events.basho.status_title" (Intensity: 2)
BardEngine: No options found at path "events.basho.status_summary" (Intensity: 2)
BardEngine: No options found at path "events.basho.status_title" (Intensity: 2)
BardEngine: No options found at path "events.basho.status_summary" (Intensity: 2)
BardEngine: No options found at path "events.lifecycle.title" (Intensity: 2)
BardEngine: No options found at path "events.lifecycle.summary" (Intensity: 2)
BardEngine: No options found at path "events.lifecycle.title" (Intensity: 2)
BardEngine: No options found at path "events.lifecycle.summary" (Intensity: 2)
[PIPELINE FATAL ERROR] in phase: "phase01_week_npc_ai" TypeError: object is not iterable (cannot read property Symbol(Symbol.iterator))
    at new Map (<anonymous>)
    at phase (/Users/amauricia/Documents/GitHub/sumo-manager-pro/src/engine/tick/phases/phase01_week_npc_ai.ts:29:30)
    at reduce (/Users/amauricia/Documents/GitHub/sumo-manager-pro/src/engine/tick/pipelineRunner.ts:37:25)
    at Array.reduce (<anonymous>)
    at runPipeline (/Users/amauricia/Documents/GitHub/sumo-manager-pro/src/engine/tick/pipelineRunner.ts:35:17)
    at advanceOneDay (/Users/amauricia/Documents/GitHub/sumo-manager-pro/src/engine/tick/tickDaily.ts:127:19)
    at simDays (/Users/amauricia/Documents/GitHub/sumo-manager-pro/src/engine/__tests__/simulationDeterminism.test.ts:63:13)
    at /Users/amauricia/Documents/GitHub/sumo-manager-pro/src/engine/__tests__/simulationDeterminism.test.ts:81:19
    at file:///Users/amauricia/Documents/GitHub/sumo-manager-pro/node_modules/@vitest/runner/dist/chunk-artifact.js:302:11
    at file:///Users/amauricia/Documents/GitHub/sumo-manager-pro/node_modules/@vitest/runner/dist/chunk-artifact.js:1903:26
BardEngine: No options found at path "events.basho.status_title" (Intensity: 2)
BardEngine: No options found at path "events.basho.status_summary" (Intensity: 2)
BardEngine: No options found at path "events.basho.status_title" (Intensity: 2)
BardEngine: No options found at path "events.basho.status_summary" (Intensity: 2)
BardEngine: No options found at path "events.training.title" (Intensity: 2)
BardEngine: No options found at path "events.training.summary" (Intensity: 2)
BardEngine: No options found at path "events.training.title" (Intensity: 2)
BardEngine: No options found at path "events.training.summary" (Intensity: 2)
BardEngine: No options found at path "events.training.title" (Intensity: 2)
BardEngine: No options found at path "events.training.summary" (Intensity: 2)
BardEngine: No options found at path "events.training.title" (Intensity: 2)
BardEngine: No options found at path "events.training.summary" (Intensity: 2)
BardEngine: No options found at path "events.training.title" (Intensity: 2)
BardEngine: No options found at path "events.training.summary" (Intensity: 2)
BardEngine: No options found at path "events.training.title" (Intensity: 2)
BardEngine: No options found at path "events.training.summary" (Intensity: 2)
BardEngine: No options found at path "events.training.title" (Intensity: 2)
BardEngine: No options found at path "events.training.summary" (Intensity: 2)
BardEngine: No options found at path "events.training.title" (Intensity: 2)
BardEngine: No options found at path "events.training.summary" (Intensity: 2)
BardEngine: No options found at path "events.training.title" (Intensity: 2)
BardEngine: No options found at path "events.training.summary" (Intensity: 2)
BardEngine: No options found at path "events.training.title" (Intensity: 2)
BardEngine: No options found at path "events.training.summary" (Intensity: 2)
BardEngine: No options found at path "events.training.title" (Intensity: 2)
BardEngine: No options found at path "events.training.summary" (Intensity: 2)
BardEngine: No options found at path "events.training.title" (Intensity: 2)
BardEngine: No options found at path "events.training.summary" (Intensity: 2)
BardEngine: No options found at path "events.training.title" (Intensity: 2)
BardEngine: No options found at path "events.training.summary" (Intensity: 2)
BardEngine: No options found at path "events.training.title" (Intensity: 2)
BardEngine: No options found at path "events.training.summary" (Intensity: 2)
BardEngine: No options found at path "events.training.title" (Intensity: 2)
BardEngine: No options found at path "events.training.summary" (Intensity: 2)
BardEngine: No options found at path "events.training.title" (Intensity: 2)
BardEngine: No options found at path "events.training.summary" (Intensity: 2)
BardEngine: No options found at path "events.training.title" (Intensity: 2)
BardEngine: No options found at path "events.training.summary" (Intensity: 2)
BardEngine: No options found at path "events.training.title" (Intensity: 2)
BardEngine: No options found at path "events.training.summary" (Intensity: 2)
BardEngine: No options found at path "events.training.title" (Intensity: 2)
BardEngine: No options found at path "events.training.summary" (Intensity: 2)
BardEngine: No options found at path "events.training.title" (Intensity: 2)
BardEngine: No options found at path "events.training.summary" (Intensity: 2)
BardEngine: No options found at path "events.training.title" (Intensity: 2)
BardEngine: No options found at path "events.training.summary" (Intensity: 2)
BardEngine: No options found at path "events.training.title" (Intensity: 2)
BardEngine: No options found at path "events.training.summary" (Intensity: 2)
BardEngine: No options found at path "events.training.title" (Intensity: 2)
BardEngine: No options found at path "events.training.summary" (Intensity: 2)
BardEngine: No options found at path "events.training.title" (Intensity: 2)
BardEngine: No options found at path "events.training.summary" (Intensity: 2)
BardEngine: No options found at path "events.training.title" (Intensity: 2)
BardEngine: No options found at path "events.training.summary" (Intensity: 2)
BardEngine: No options found at path "events.training.title" (Intensity: 2)
BardEngine: No options found at path "events.training.summary" (Intensity: 2)
BardEngine: No options found at path "events.training.title" (Intensity: 2)
BardEngine: No options found at path "events.training.summary" (Intensity: 2)
BardEngine: No options found at path "events.training.title" (Intensity: 2)
BardEngine: No options found at path "events.training.summary" (Intensity: 2)
BardEngine: No options found at path "events.training.title" (Intensity: 2)
BardEngine: No options found at path "events.training.summary" (Intensity: 2)
BardEngine: No options found at path "events.training.title" (Intensity: 2)
BardEngine: No options found at path "events.training.summary" (Intensity: 2)
BardEngine: No options found at path "events.training.title" (Intensity: 2)
BardEngine: No options found at path "events.training.summary" (Intensity: 2)
BardEngine: No options found at path "events.training.title" (Intensity: 2)
BardEngine: No options found at path "events.training.summary" (Intensity: 2)
BardEngine: No options found at path "events.training.title" (Intensity: 2)
BardEngine: No options found at path "events.training.summary" (Intensity: 2)
BardEngine: No options found at path "events.training.title" (Intensity: 2)
BardEngine: No options found at path "events.training.summary" (Intensity: 2)
BardEngine: No options found at path "events.training.title" (Intensity: 2)
BardEngine: No options found at path "events.training.summary" (Intensity: 2)
BardEngine: No options found at path "events.training.title" (Intensity: 2)
BardEngine: No options found at path "events.training.summary" (Intensity: 2)
BardEngine: No options found at path "events.training.title" (Intensity: 2)
BardEngine: No options found at path "events.training.summary" (Intensity: 2)
BardEngine: No options found at path "events.training.title" (Intensity: 2)
BardEngine: No options found at path "events.training.summary" (Intensity: 2)
BardEngine: No options found at path "events.training.title" (Intensity: 2)
BardEngine: No options found at path "events.training.summary" (Intensity: 2)
BardEngine: No options found at path "events.training.title" (Intensity: 2)
BardEngine: No options found at path "events.training.summary" (Intensity: 2)
BardEngine: No options found at path "events.training.title" (Intensity: 2)
BardEngine: No options found at path "events.training.summary" (Intensity: 2)
BardEngine: No options found at path "events.training.title" (Intensity: 2)
BardEngine: No options found at path "events.training.summary" (Intensity: 2)
BardEngine: No options found at path "events.training.title" (Intensity: 2)
BardEngine: No options found at path "events.training.summary" (Intensity: 2)
BardEngine: No options found at path "events.training.title" (Intensity: 2)
BardEngine: No options found at path "events.training.summary" (Intensity: 2)
BardEngine: No options found at path "events.training.title" (Intensity: 2)
BardEngine: No options found at path "events.training.summary" (Intensity: 2)
BardEngine: No options found at path "events.training.title" (Intensity: 2)
BardEngine: No options found at path "events.training.summary" (Intensity: 2)
BardEngine: No options found at path "events.training.title" (Intensity: 2)
BardEngine: No options found at path "events.training.summary" (Intensity: 2)
BardEngine: No options found at path "events.training.title" (Intensity: 2)
BardEngine: No options found at path "events.training.summary" (Intensity: 2)
BardEngine: No options found at path "events.training.title" (Intensity: 2)
BardEngine: No options found at path "events.training.summary" (Intensity: 2)
BardEngine: No options found at path "events.training.title" (Intensity: 2)
BardEngine: No options found at path "events.training.summary" (Intensity: 2)
BardEngine: No options found at path "events.training.title" (Intensity: 2)
BardEngine: No options found at path "events.training.summary" (Intensity: 2)
BardEngine: No options found at path "events.training.title" (Intensity: 2)
BardEngine: No options found at path "events.training.summary" (Intensity: 2)
BardEngine: No options found at path "events.training.title" (Intensity: 2)
BardEngine: No options found at path "events.training.summary" (Intensity: 2)
BardEngine: No options found at path "events.training.title" (Intensity: 2)
BardEngine: No options found at path "events.training.summary" (Intensity: 2)
BardEngine: No options found at path "events.training.title" (Intensity: 2)
BardEngine: No options found at path "events.training.summary" (Intensity: 2)
BardEngine: No options found at path "events.training.title" (Intensity: 2)
BardEngine: No options found at path "events.training.summary" (Intensity: 2)
BardEngine: No options found at path "events.training.title" (Intensity: 2)
BardEngine: No options found at path "events.training.summary" (Intensity: 2)
BardEngine: No options found at path "events.training.title" (Intensity: 2)
BardEngine: No options found at path "events.training.summary" (Intensity: 2)
BardEngine: No options found at path "events.training.title" (Intensity: 2)
BardEngine: No options found at path "events.training.summary" (Intensity: 2)
BardEngine: No options found at path "events.training.title" (Intensity: 2)
BardEngine: No options found at path "events.training.summary" (Intensity: 2)
BardEngine: No options found at path "events.training.title" (Intensity: 2)
BardEngine: No options found at path "events.training.summary" (Intensity: 2)
BardEngine: No options found at path "events.training.title" (Intensity: 2)
BardEngine: No options found at path "events.training.summary" (Intensity: 2)
BardEngine: No options found at path "events.training.title" (Intensity: 2)
BardEngine: No options found at path "events.training.summary" (Intensity: 2)
BardEngine: No options found at path "events.training.title" (Intensity: 2)
BardEngine: No options found at path "events.training.summary" (Intensity: 2)
BardEngine: No options found at path "events.training.title" (Intensity: 2)
BardEngine: No options found at path "events.training.summary" (Intensity: 2)
BardEngine: No options found at path "events.training.title" (Intensity: 2)
BardEngine: No options found at path "events.training.summary" (Intensity: 2)
BardEngine: No options found at path "events.training.title" (Intensity: 2)
BardEngine: No options found at path "events.training.summary" (Intensity: 2)
BardEngine: No options found at path "events.training.title" (Intensity: 2)
BardEngine: No options found at path "events.training.summary" (Intensity: 2)
BardEngine: No options found at path "events.training.title" (Intensity: 2)
BardEngine: No options found at path "events.training.summary" (Intensity: 2)
BardEngine: No options found at path "events.training.title" (Intensity: 2)
BardEngine: No options found at path "events.training.summary" (Intensity: 2)
BardEngine: No options found at path "events.training.title" (Intensity: 2)
BardEngine: No options found at path "events.training.summary" (Intensity: 2)
BardEngine: No options found at path "events.training.title" (Intensity: 2)
BardEngine: No options found at path "events.training.summary" (Intensity: 2)
BardEngine: No options found at path "events.training.title" (Intensity: 2)
BardEngine: No options found at path "events.training.summary" (Intensity: 2)
BardEngine: No options found at path "events.training.title" (Intensity: 2)
BardEngine: No options found at path "events.training.summary" (Intensity: 2)
BardEngine: No options found at path "events.training.title" (Intensity: 2)
BardEngine: No options found at path "events.training.summary" (Intensity: 2)
BardEngine: No options found at path "events.training.title" (Intensity: 2)
BardEngine: No options found at path "events.training.summary" (Intensity: 2)
BardEngine: No options found at path "events.training.title" (Intensity: 2)
BardEngine: No options found at path "events.training.summary" (Intensity: 2)
BardEngine: No options found at path "events.training.title" (Intensity: 2)
BardEngine: No options found at path "events.training.summary" (Intensity: 2)
BardEngine: No options found at path "events.training.title" (Intensity: 2)
BardEngine: No options found at path "events.training.summary" (Intensity: 2)
BardEngine: No options found at path "events.training.title" (Intensity: 2)
BardEngine: No options found at path "events.training.summary" (Intensity: 2)
BardEngine: No options found at path "events.lifecycle.title" (Intensity: 2)
BardEngine: No options found at path "events.lifecycle.summary" (Intensity: 2)
BardEngine: No options found at path "events.lifecycle.title" (Intensity: 2)
BardEngine: No options found at path "events.lifecycle.summary" (Intensity: 2)
[PIPELINE FATAL ERROR] in phase: "phase01_week_npc_ai" TypeError: object is not iterable (cannot read property Symbol(Symbol.iterator))
    at new Map (<anonymous>)
    at phase (/Users/amauricia/Documents/GitHub/sumo-manager-pro/src/engine/tick/phases/phase01_week_npc_ai.ts:29:30)
    at reduce (/Users/amauricia/Documents/GitHub/sumo-manager-pro/src/engine/tick/pipelineRunner.ts:37:25)
    at Array.reduce (<anonymous>)
    at runPipeline (/Users/amauricia/Documents/GitHub/sumo-manager-pro/src/engine/tick/pipelineRunner.ts:35:17)
    at advanceOneDay (/Users/amauricia/Documents/GitHub/sumo-manager-pro/src/engine/tick/tickDaily.ts:127:19)
    at simDays (/Users/amauricia/Documents/GitHub/sumo-manager-pro/src/engine/__tests__/simulationDeterminism.test.ts:63:13)
    at /Users/amauricia/Documents/GitHub/sumo-manager-pro/src/engine/__tests__/simulationDeterminism.test.ts:81:19
    at file:///Users/amauricia/Documents/GitHub/sumo-manager-pro/node_modules/@vitest/runner/dist/chunk-artifact.js:302:11
    at file:///Users/amauricia/Documents/GitHub/sumo-manager-pro/node_modules/@vitest/runner/dist/chunk-artifact.js:1903:26
[PIPELINE FATAL ERROR] in phase: "phase01_week_npc_ai" TypeError: object is not iterable (cannot read property Symbol(Symbol.iterator))
    at new Map (<anonymous>)
    at phase (/Users/amauricia/Documents/GitHub/sumo-manager-pro/src/engine/tick/phases/phase01_week_npc_ai.ts:29:30)
    at reduce (/Users/amauricia/Documents/GitHub/sumo-manager-pro/src/engine/tick/pipelineRunner.ts:37:25)
    at Array.reduce (<anonymous>)
    at runPipeline (/Users/amauricia/Documents/GitHub/sumo-manager-pro/src/engine/tick/pipelineRunner.ts:35:17)
    at advanceOneDay (/Users/amauricia/Documents/GitHub/sumo-manager-pro/src/engine/tick/tickDaily.ts:127:19)
    at simDays (/Users/amauricia/Documents/GitHub/sumo-manager-pro/src/engine/__tests__/simulationDeterminism.test.ts:63:13)
    at /Users/amauricia/Documents/GitHub/sumo-manager-pro/src/engine/__tests__/simulationDeterminism.test.ts:81:19
    at file:///Users/amauricia/Documents/GitHub/sumo-manager-pro/node_modules/@vitest/runner/dist/chunk-artifact.js:302:11
    at file:///Users/amauricia/Documents/GitHub/sumo-manager-pro/node_modules/@vitest/runner/dist/chunk-artifact.js:1903:26
[PIPELINE FATAL ERROR] in phase: "phase01_week_npc_ai" TypeError: object is not iterable (cannot read property Symbol(Symbol.iterator))
    at new Map (<anonymous>)
    at phase (/Users/amauricia/Documents/GitHub/sumo-manager-pro/src/engine/tick/phases/phase01_week_npc_ai.ts:29:30)
    at reduce (/Users/amauricia/Documents/GitHub/sumo-manager-pro/src/engine/tick/pipelineRunner.ts:37:25)
    at Array.reduce (<anonymous>)
    at runPipeline (/Users/amauricia/Documents/GitHub/sumo-manager-pro/src/engine/tick/pipelineRunner.ts:35:17)
    at advanceOneDay (/Users/amauricia/Documents/GitHub/sumo-manager-pro/src/engine/tick/tickDaily.ts:127:19)
    at simDays (/Users/amauricia/Documents/GitHub/sumo-manager-pro/src/engine/__tests__/simulationDeterminism.test.ts:63:13)
    at /Users/amauricia/Documents/GitHub/sumo-manager-pro/src/engine/__tests__/simulationDeterminism.test.ts:81:19
    at file:///Users/amauricia/Documents/GitHub/sumo-manager-pro/node_modules/@vitest/runner/dist/chunk-artifact.js:302:11
    at file:///Users/amauricia/Documents/GitHub/sumo-manager-pro/node_modules/@vitest/runner/dist/chunk-artifact.js:1903:26
[PIPELINE FATAL ERROR] in phase: "phase01_week_npc_ai" TypeError: object is not iterable (cannot read property Symbol(Symbol.iterator))
    at new Map (<anonymous>)
    at phase (/Users/amauricia/Documents/GitHub/sumo-manager-pro/src/engine/tick/phases/phase01_week_npc_ai.ts:29:30)
    at reduce (/Users/amauricia/Documents/GitHub/sumo-manager-pro/src/engine/tick/pipelineRunner.ts:37:25)
    at Array.reduce (<anonymous>)
    at runPipeline (/Users/amauricia/Documents/GitHub/sumo-manager-pro/src/engine/tick/pipelineRunner.ts:35:17)
    at advanceOneDay (/Users/amauricia/Documents/GitHub/sumo-manager-pro/src/engine/tick/tickDaily.ts:127:19)
    at simDays (/Users/amauricia/Documents/GitHub/sumo-manager-pro/src/engine/__tests__/simulationDeterminism.test.ts:63:13)
    at /Users/amauricia/Documents/GitHub/sumo-manager-pro/src/engine/__tests__/simulationDeterminism.test.ts:81:19
    at file:///Users/amauricia/Documents/GitHub/sumo-manager-pro/node_modules/@vitest/runner/dist/chunk-artifact.js:302:11
    at file:///Users/amauricia/Documents/GitHub/sumo-manager-pro/node_modules/@vitest/runner/dist/chunk-artifact.js:1903:26
[PIPELINE FATAL ERROR] in phase: "phase01_week_npc_ai" TypeError: object is not iterable (cannot read property Symbol(Symbol.iterator))
    at new Map (<anonymous>)
    at phase (/Users/amauricia/Documents/GitHub/sumo-manager-pro/src/engine/tick/phases/phase01_week_npc_ai.ts:29:30)
    at reduce (/Users/amauricia/Documents/GitHub/sumo-manager-pro/src/engine/tick/pipelineRunner.ts:37:25)
    at Array.reduce (<anonymous>)
    at runPipeline (/Users/amauricia/Documents/GitHub/sumo-manager-pro/src/engine/tick/pipelineRunner.ts:35:17)
    at advanceOneDay (/Users/amauricia/Documents/GitHub/sumo-manager-pro/src/engine/tick/tickDaily.ts:127:19)
    at simDays (/Users/amauricia/Documents/GitHub/sumo-manager-pro/src/engine/__tests__/simulationDeterminism.test.ts:63:13)
    at /Users/amauricia/Documents/GitHub/sumo-manager-pro/src/engine/__tests__/simulationDeterminism.test.ts:81:19
    at file:///Users/amauricia/Documents/GitHub/sumo-manager-pro/node_modules/@vitest/runner/dist/chunk-artifact.js:302:11
    at file:///Users/amauricia/Documents/GitHub/sumo-manager-pro/node_modules/@vitest/runner/dist/chunk-artifact.js:1903:26
BardEngine: No options found at path "events.basho.status_title" (Intensity: 2)
BardEngine: No options found at path "events.basho.status_summary" (Intensity: 2)
[PIPELINE FATAL ERROR] in phase: "phase01_week_npc_ai" TypeError: object is not iterable (cannot read property Symbol(Symbol.iterator))
    at new Map (<anonymous>)
    at phase (/Users/amauricia/Documents/GitHub/sumo-manager-pro/src/engine/tick/phases/phase01_week_npc_ai.ts:29:30)
    at reduce (/Users/amauricia/Documents/GitHub/sumo-manager-pro/src/engine/tick/pipelineRunner.ts:37:25)
    at Array.reduce (<anonymous>)
    at runPipeline (/Users/amauricia/Documents/GitHub/sumo-manager-pro/src/engine/tick/pipelineRunner.ts:35:17)
    at advanceOneDay (/Users/amauricia/Documents/GitHub/sumo-manager-pro/src/engine/tick/tickDaily.ts:127:19)
    at simDays (/Users/amauricia/Documents/GitHub/sumo-manager-pro/src/engine/__tests__/simulationDeterminism.test.ts:63:13)
    at /Users/amauricia/Documents/GitHub/sumo-manager-pro/src/engine/__tests__/simulationDeterminism.test.ts:81:19
    at file:///Users/amauricia/Documents/GitHub/sumo-manager-pro/node_modules/@vitest/runner/dist/chunk-artifact.js:302:11
    at file:///Users/amauricia/Documents/GitHub/sumo-manager-pro/node_modules/@vitest/runner/dist/chunk-artifact.js:1903:26
[PIPELINE FATAL ERROR] in phase: "phase01_week_npc_ai" TypeError: object is not iterable (cannot read property Symbol(Symbol.iterator))
    at new Map (<anonymous>)
    at phase (/Users/amauricia/Documents/GitHub/sumo-manager-pro/src/engine/tick/phases/phase01_week_npc_ai.ts:29:30)
    at reduce (/Users/amauricia/Documents/GitHub/sumo-manager-pro/src/engine/tick/pipelineRunner.ts:37:25)
    at Array.reduce (<anonymous>)
    at runPipeline (/Users/amauricia/Documents/GitHub/sumo-manager-pro/src/engine/tick/pipelineRunner.ts:35:17)
    at advanceOneDay (/Users/amauricia/Documents/GitHub/sumo-manager-pro/src/engine/tick/tickDaily.ts:127:19)
    at simDays (/Users/amauricia/Documents/GitHub/sumo-manager-pro/src/engine/__tests__/simulationDeterminism.test.ts:63:13)
    at /Users/amauricia/Documents/GitHub/sumo-manager-pro/src/engine/__tests__/simulationDeterminism.test.ts:81:19
    at file:///Users/amauricia/Documents/GitHub/sumo-manager-pro/node_modules/@vitest/runner/dist/chunk-artifact.js:302:11
    at file:///Users/amauricia/Documents/GitHub/sumo-manager-pro/node_modules/@vitest/runner/dist/chunk-artifact.js:1903:26
[PIPELINE FATAL ERROR] in phase: "phase01_week_npc_ai" TypeError: object is not iterable (cannot read property Symbol(Symbol.iterator))
    at new Map (<anonymous>)
    at phase (/Users/amauricia/Documents/GitHub/sumo-manager-pro/src/engine/tick/phases/phase01_week_npc_ai.ts:29:30)
    at reduce (/Users/amauricia/Documents/GitHub/sumo-manager-pro/src/engine/tick/pipelineRunner.ts:37:25)
    at Array.reduce (<anonymous>)
    at runPipeline (/Users/amauricia/Documents/GitHub/sumo-manager-pro/src/engine/tick/pipelineRunner.ts:35:17)
    at advanceOneDay (/Users/amauricia/Documents/GitHub/sumo-manager-pro/src/engine/tick/tickDaily.ts:127:19)
    at simDays (/Users/amauricia/Documents/GitHub/sumo-manager-pro/src/engine/__tests__/simulationDeterminism.test.ts:63:13)
    at /Users/amauricia/Documents/GitHub/sumo-manager-pro/src/engine/__tests__/simulationDeterminism.test.ts:81:19
    at file:///Users/amauricia/Documents/GitHub/sumo-manager-pro/node_modules/@vitest/runner/dist/chunk-artifact.js:302:11
    at file:///Users/amauricia/Documents/GitHub/sumo-manager-pro/node_modules/@vitest/runner/dist/chunk-artifact.js:1903:26
[PIPELINE FATAL ERROR] in phase: "phase01_week_npc_ai" TypeError: object is not iterable (cannot read property Symbol(Symbol.iterator))
    at new Map (<anonymous>)
    at phase (/Users/amauricia/Documents/GitHub/sumo-manager-pro/src/engine/tick/phases/phase01_week_npc_ai.ts:29:30)
    at reduce (/Users/amauricia/Documents/GitHub/sumo-manager-pro/src/engine/tick/pipelineRunner.ts:37:25)
    at Array.reduce (<anonymous>)
    at runPipeline (/Users/amauricia/Documents/GitHub/sumo-manager-pro/src/engine/tick/pipelineRunner.ts:35:17)
    at advanceOneDay (/Users/amauricia/Documents/GitHub/sumo-manager-pro/src/engine/tick/tickDaily.ts:127:19)
    at simDays (/Users/amauricia/Documents/GitHub/sumo-manager-pro/src/engine/__tests__/simulationDeterminism.test.ts:63:13)
    at /Users/amauricia/Documents/GitHub/sumo-manager-pro/src/engine/__tests__/simulationDeterminism.test.ts:81:19
    at file:///Users/amauricia/Documents/GitHub/sumo-manager-pro/node_modules/@vitest/runner/dist/chunk-artifact.js:302:11
    at file:///Users/amauricia/Documents/GitHub/sumo-manager-pro/node_modules/@vitest/runner/dist/chunk-artifact.js:1903:26
BardEngine: No options found at path "events.basho.status_title" (Intensity: 2)
BardEngine: No options found at path "events.basho.status_summary" (Intensity: 2)
[PIPELINE FATAL ERROR] in phase: "phase01_week_npc_ai" TypeError: object is not iterable (cannot read property Symbol(Symbol.iterator))
    at new Map (<anonymous>)
    at phase (/Users/amauricia/Documents/GitHub/sumo-manager-pro/src/engine/tick/phases/phase01_week_npc_ai.ts:29:30)
    at reduce (/Users/amauricia/Documents/GitHub/sumo-manager-pro/src/engine/tick/pipelineRunner.ts:37:25)
    at Array.reduce (<anonymous>)
    at runPipeline (/Users/amauricia/Documents/GitHub/sumo-manager-pro/src/engine/tick/pipelineRunner.ts:35:17)
    at advanceOneDay (/Users/amauricia/Documents/GitHub/sumo-manager-pro/src/engine/tick/tickDaily.ts:127:19)
    at simDays (/Users/amauricia/Documents/GitHub/sumo-manager-pro/src/engine/__tests__/simulationDeterminism.test.ts:63:13)
    at /Users/amauricia/Documents/GitHub/sumo-manager-pro/src/engine/__tests__/simulationDeterminism.test.ts:81:19
    at file:///Users/amauricia/Documents/GitHub/sumo-manager-pro/node_modules/@vitest/runner/dist/chunk-artifact.js:302:11
    at file:///Users/amauricia/Documents/GitHub/sumo-manager-pro/node_modules/@vitest/runner/dist/chunk-artifact.js:1903:26
[PIPELINE FATAL ERROR] in phase: "phase01_week_npc_ai" TypeError: object is not iterable (cannot read property Symbol(Symbol.iterator))
    at new Map (<anonymous>)
    at phase (/Users/amauricia/Documents/GitHub/sumo-manager-pro/src/engine/tick/phases/phase01_week_npc_ai.ts:29:30)
    at reduce (/Users/amauricia/Documents/GitHub/sumo-manager-pro/src/engine/tick/pipelineRunner.ts:37:25)
    at Array.reduce (<anonymous>)
    at runPipeline (/Users/amauricia/Documents/GitHub/sumo-manager-pro/src/engine/tick/pipelineRunner.ts:35:17)
    at advanceOneDay (/Users/amauricia/Documents/GitHub/sumo-manager-pro/src/engine/tick/tickDaily.ts:127:19)
    at simDays (/Users/amauricia/Documents/GitHub/sumo-manager-pro/src/engine/__tests__/simulationDeterminism.test.ts:63:13)
    at /Users/amauricia/Documents/GitHub/sumo-manager-pro/src/engine/__tests__/simulationDeterminism.test.ts:81:19
    at file:///Users/amauricia/Documents/GitHub/sumo-manager-pro/node_modules/@vitest/runner/dist/chunk-artifact.js:302:11
    at file:///Users/amauricia/Documents/GitHub/sumo-manager-pro/node_modules/@vitest/runner/dist/chunk-artifact.js:1903:26
[PIPELINE FATAL ERROR] in phase: "phase01_week_npc_ai" TypeError: object is not iterable (cannot read property Symbol(Symbol.iterator))
    at new Map (<anonymous>)
    at phase (/Users/amauricia/Documents/GitHub/sumo-manager-pro/src/engine/tick/phases/phase01_week_npc_ai.ts:29:30)
    at reduce (/Users/amauricia/Documents/GitHub/sumo-manager-pro/src/engine/tick/pipelineRunner.ts:37:25)
    at Array.reduce (<anonymous>)
    at runPipeline (/Users/amauricia/Documents/GitHub/sumo-manager-pro/src/engine/tick/pipelineRunner.ts:35:17)
    at advanceOneDay (/Users/amauricia/Documents/GitHub/sumo-manager-pro/src/engine/tick/tickDaily.ts:127:19)
    at simDays (/Users/amauricia/Documents/GitHub/sumo-manager-pro/src/engine/__tests__/simulationDeterminism.test.ts:63:13)
    at /Users/amauricia/Documents/GitHub/sumo-manager-pro/src/engine/__tests__/simulationDeterminism.test.ts:81:19
    at file:///Users/amauricia/Documents/GitHub/sumo-manager-pro/node_modules/@vitest/runner/dist/chunk-artifact.js:302:11
    at file:///Users/amauricia/Documents/GitHub/sumo-manager-pro/node_modules/@vitest/runner/dist/chunk-artifact.js:1903:26
[PIPELINE FATAL ERROR] in phase: "phase01_week_npc_ai" TypeError: object is not iterable (cannot read property Symbol(Symbol.iterator))
    at new Map (<anonymous>)
    at phase (/Users/amauricia/Documents/GitHub/sumo-manager-pro/src/engine/tick/phases/phase01_week_npc_ai.ts:29:30)
    at reduce (/Users/amauricia/Documents/GitHub/sumo-manager-pro/src/engine/tick/pipelineRunner.ts:37:25)
    at Array.reduce (<anonymous>)
    at runPipeline (/Users/amauricia/Documents/GitHub/sumo-manager-pro/src/engine/tick/pipelineRunner.ts:35:17)
    at advanceOneDay (/Users/amauricia/Documents/GitHub/sumo-manager-pro/src/engine/tick/tickDaily.ts:127:19)
    at simDays (/Users/amauricia/Documents/GitHub/sumo-manager-pro/src/engine/__tests__/simulationDeterminism.test.ts:63:13)
    at /Users/amauricia/Documents/GitHub/sumo-manager-pro/src/engine/__tests__/simulationDeterminism.test.ts:81:19
    at file:///Users/amauricia/Documents/GitHub/sumo-manager-pro/node_modules/@vitest/runner/dist/chunk-artifact.js:302:11
    at file:///Users/amauricia/Documents/GitHub/sumo-manager-pro/node_modules/@vitest/runner/dist/chunk-artifact.js:1903:26
BardEngine: No options found at path "events.basho.status_title" (Intensity: 2)
BardEngine: No options found at path "events.basho.status_summary" (Intensity: 2)
[PIPELINE FATAL ERROR] in phase: "phase01_week_npc_ai" TypeError: object is not iterable (cannot read property Symbol(Symbol.iterator))
    at new Map (<anonymous>)
    at phase (/Users/amauricia/Documents/GitHub/sumo-manager-pro/src/engine/tick/phases/phase01_week_npc_ai.ts:29:30)
    at reduce (/Users/amauricia/Documents/GitHub/sumo-manager-pro/src/engine/tick/pipelineRunner.ts:37:25)
    at Array.reduce (<anonymous>)
    at runPipeline (/Users/amauricia/Documents/GitHub/sumo-manager-pro/src/engine/tick/pipelineRunner.ts:35:17)
    at advanceOneDay (/Users/amauricia/Documents/GitHub/sumo-manager-pro/src/engine/tick/tickDaily.ts:127:19)
    at simDays (/Users/amauricia/Documents/GitHub/sumo-manager-pro/src/engine/__tests__/simulationDeterminism.test.ts:63:13)
    at /Users/amauricia/Documents/GitHub/sumo-manager-pro/src/engine/__tests__/simulationDeterminism.test.ts:81:19
    at file:///Users/amauricia/Documents/GitHub/sumo-manager-pro/node_modules/@vitest/runner/dist/chunk-artifact.js:302:11
    at file:///Users/amauricia/Documents/GitHub/sumo-manager-pro/node_modules/@vitest/runner/dist/chunk-artifact.js:1903:26

 ✓ src/engine/tick/__tests__/pipelineRunner.test.ts (3 tests) 5ms
 ✓ src/engine/core/__tests__/RNGRegistry.test.ts (5 tests) 10ms
 ✓ src/engine/tick/phases/__tests__/phase05_npcAI.test.ts (1 test) 3ms
 ✓ src/engine/__tests__/staff_impact.test.ts (2 tests) 2ms
 ✓ src/engine/utils/__tests__/seed.test.ts (3 tests) 2ms
 ✓ src/test/engine/utils/identity.test.ts (6 tests) 3ms
 ✓ src/engine/tick/phases/__tests__/phase01_economy.test.ts (2 tests) 3ms
stderr | src/engine/__tests__/simulationDeterminism.test.ts > Simulation determinism > day-50 checkpoint in a 100-day run matches standalone 50-day run
BardEngine: No options found at path "events.basho.status_title" (Intensity: 2)
BardEngine: No options found at path "events.basho.status_summary" (Intensity: 2)
BardEngine: No options found at path "events.basho.status_title" (Intensity: 2)
BardEngine: No options found at path "events.basho.status_summary" (Intensity: 2)
BardEngine: No options found at path "events.lifecycle.title" (Intensity: 2)
BardEngine: No options found at path "events.lifecycle.summary" (Intensity: 2)
BardEngine: No options found at path "events.lifecycle.title" (Intensity: 2)
BardEngine: No options found at path "events.lifecycle.summary" (Intensity: 2)
[PIPELINE FATAL ERROR] in phase: "phase01_week_npc_ai" TypeError: object is not iterable (cannot read property Symbol(Symbol.iterator))
    at new Map (<anonymous>)
    at phase (/Users/amauricia/Documents/GitHub/sumo-manager-pro/src/engine/tick/phases/phase01_week_npc_ai.ts:29:30)
    at reduce (/Users/amauricia/Documents/GitHub/sumo-manager-pro/src/engine/tick/pipelineRunner.ts:37:25)
    at Array.reduce (<anonymous>)
    at runPipeline (/Users/amauricia/Documents/GitHub/sumo-manager-pro/src/engine/tick/pipelineRunner.ts:35:17)
    at advanceOneDay (/Users/amauricia/Documents/GitHub/sumo-manager-pro/src/engine/tick/tickDaily.ts:127:19)
    at simDays (/Users/amauricia/Documents/GitHub/sumo-manager-pro/src/engine/__tests__/simulationDeterminism.test.ts:63:13)
    at /Users/amauricia/Documents/GitHub/sumo-manager-pro/src/engine/__tests__/simulationDeterminism.test.ts:87:26
    at file:///Users/amauricia/Documents/GitHub/sumo-manager-pro/node_modules/@vitest/runner/dist/chunk-artifact.js:302:11
    at file:///Users/amauricia/Documents/GitHub/sumo-manager-pro/node_modules/@vitest/runner/dist/chunk-artifact.js:1903:26
BardEngine: No options found at path "events.basho.status_title" (Intensity: 2)
BardEngine: No options found at path "events.basho.status_summary" (Intensity: 2)
BardEngine: No options found at path "events.basho.status_title" (Intensity: 2)
BardEngine: No options found at path "events.basho.status_summary" (Intensity: 2)
BardEngine: No options found at path "events.training.title" (Intensity: 2)
BardEngine: No options found at path "events.training.summary" (Intensity: 2)
BardEngine: No options found at path "events.training.title" (Intensity: 2)
BardEngine: No options found at path "events.training.summary" (Intensity: 2)
BardEngine: No options found at path "events.training.title" (Intensity: 2)
BardEngine: No options found at path "events.training.summary" (Intensity: 2)
BardEngine: No options found at path "events.training.title" (Intensity: 2)
BardEngine: No options found at path "events.training.summary" (Intensity: 2)
BardEngine: No options found at path "events.training.title" (Intensity: 2)
BardEngine: No options found at path "events.training.summary" (Intensity: 2)
BardEngine: No options found at path "events.training.title" (Intensity: 2)
BardEngine: No options found at path "events.training.summary" (Intensity: 2)
BardEngine: No options found at path "events.training.title" (Intensity: 2)
BardEngine: No options found at path "events.training.summary" (Intensity: 2)
BardEngine: No options found at path "events.training.title" (Intensity: 2)
BardEngine: No options found at path "events.training.summary" (Intensity: 2)
BardEngine: No options found at path "events.training.title" (Intensity: 2)
BardEngine: No options found at path "events.training.summary" (Intensity: 2)
BardEngine: No options found at path "events.training.title" (Intensity: 2)
BardEngine: No options found at path "events.training.summary" (Intensity: 2)
BardEngine: No options found at path "events.training.title" (Intensity: 2)
BardEngine: No options found at path "events.training.summary" (Intensity: 2)
BardEngine: No options found at path "events.training.title" (Intensity: 2)
BardEngine: No options found at path "events.training.summary" (Intensity: 2)
BardEngine: No options found at path "events.training.title" (Intensity: 2)
BardEngine: No options found at path "events.training.summary" (Intensity: 2)
BardEngine: No options found at path "events.training.title" (Intensity: 2)
BardEngine: No options found at path "events.training.summary" (Intensity: 2)
BardEngine: No options found at path "events.training.title" (Intensity: 2)
BardEngine: No options found at path "events.training.summary" (Intensity: 2)
BardEngine: No options found at path "events.training.title" (Intensity: 2)
BardEngine: No options found at path "events.training.summary" (Intensity: 2)
BardEngine: No options found at path "events.training.title" (Intensity: 2)
BardEngine: No options found at path "events.training.summary" (Intensity: 2)
BardEngine: No options found at path "events.training.title" (Intensity: 2)
BardEngine: No options found at path "events.training.summary" (Intensity: 2)
BardEngine: No options found at path "events.training.title" (Intensity: 2)
BardEngine: No options found at path "events.training.summary" (Intensity: 2)
BardEngine: No options found at path "events.training.title" (Intensity: 2)
BardEngine: No options found at path "events.training.summary" (Intensity: 2)
BardEngine: No options found at path "events.training.title" (Intensity: 2)
BardEngine: No options found at path "events.training.summary" (Intensity: 2)
BardEngine: No options found at path "events.training.title" (Intensity: 2)
BardEngine: No options found at path "events.training.summary" (Intensity: 2)
BardEngine: No options found at path "events.training.title" (Intensity: 2)
BardEngine: No options found at path "events.training.summary" (Intensity: 2)
BardEngine: No options found at path "events.training.title" (Intensity: 2)
BardEngine: No options found at path "events.training.summary" (Intensity: 2)
BardEngine: No options found at path "events.training.title" (Intensity: 2)
BardEngine: No options found at path "events.training.summary" (Intensity: 2)
BardEngine: No options found at path "events.training.title" (Intensity: 2)
BardEngine: No options found at path "events.training.summary" (Intensity: 2)
BardEngine: No options found at path "events.training.title" (Intensity: 2)
BardEngine: No options found at path "events.training.summary" (Intensity: 2)
BardEngine: No options found at path "events.training.title" (Intensity: 2)
BardEngine: No options found at path "events.training.summary" (Intensity: 2)
BardEngine: No options found at path "events.training.title" (Intensity: 2)
BardEngine: No options found at path "events.training.summary" (Intensity: 2)
BardEngine: No options found at path "events.training.title" (Intensity: 2)
BardEngine: No options found at path "events.training.summary" (Intensity: 2)
BardEngine: No options found at path "events.training.title" (Intensity: 2)
BardEngine: No options found at path "events.training.summary" (Intensity: 2)
BardEngine: No options found at path "events.training.title" (Intensity: 2)
BardEngine: No options found at path "events.training.summary" (Intensity: 2)
BardEngine: No options found at path "events.training.title" (Intensity: 2)
BardEngine: No options found at path "events.training.summary" (Intensity: 2)
BardEngine: No options found at path "events.training.title" (Intensity: 2)
BardEngine: No options found at path "events.training.summary" (Intensity: 2)
BardEngine: No options found at path "events.training.title" (Intensity: 2)
BardEngine: No options found at path "events.training.summary" (Intensity: 2)
BardEngine: No options found at path "events.training.title" (Intensity: 2)
BardEngine: No options found at path "events.training.summary" (Intensity: 2)
BardEngine: No options found at path "events.training.title" (Intensity: 2)
BardEngine: No options found at path "events.training.summary" (Intensity: 2)
BardEngine: No options found at path "events.training.title" (Intensity: 2)
BardEngine: No options found at path "events.training.summary" (Intensity: 2)
BardEngine: No options found at path "events.training.title" (Intensity: 2)
BardEngine: No options found at path "events.training.summary" (Intensity: 2)
BardEngine: No options found at path "events.training.title" (Intensity: 2)
BardEngine: No options found at path "events.training.summary" (Intensity: 2)
BardEngine: No options found at path "events.training.title" (Intensity: 2)
BardEngine: No options found at path "events.training.summary" (Intensity: 2)
BardEngine: No options found at path "events.training.title" (Intensity: 2)
BardEngine: No options found at path "events.training.summary" (Intensity: 2)
BardEngine: No options found at path "events.training.title" (Intensity: 2)
BardEngine: No options found at path "events.training.summary" (Intensity: 2)
BardEngine: No options found at path "events.training.title" (Intensity: 2)
BardEngine: No options found at path "events.training.summary" (Intensity: 2)
BardEngine: No options found at path "events.training.title" (Intensity: 2)
BardEngine: No options found at path "events.training.summary" (Intensity: 2)
BardEngine: No options found at path "events.training.title" (Intensity: 2)
BardEngine: No options found at path "events.training.summary" (Intensity: 2)
BardEngine: No options found at path "events.training.title" (Intensity: 2)
BardEngine: No options found at path "events.training.summary" (Intensity: 2)
BardEngine: No options found at path "events.training.title" (Intensity: 2)
BardEngine: No options found at path "events.training.summary" (Intensity: 2)
BardEngine: No options found at path "events.training.title" (Intensity: 2)
BardEngine: No options found at path "events.training.summary" (Intensity: 2)
BardEngine: No options found at path "events.training.title" (Intensity: 2)
BardEngine: No options found at path "events.training.summary" (Intensity: 2)
BardEngine: No options found at path "events.training.title" (Intensity: 2)
BardEngine: No options found at path "events.training.summary" (Intensity: 2)
BardEngine: No options found at path "events.training.title" (Intensity: 2)
BardEngine: No options found at path "events.training.summary" (Intensity: 2)
BardEngine: No options found at path "events.training.title" (Intensity: 2)
BardEngine: No options found at path "events.training.summary" (Intensity: 2)
BardEngine: No options found at path "events.training.title" (Intensity: 2)
BardEngine: No options found at path "events.training.summary" (Intensity: 2)
BardEngine: No options found at path "events.training.title" (Intensity: 2)
BardEngine: No options found at path "events.training.summary" (Intensity: 2)
BardEngine: No options found at path "events.training.title" (Intensity: 2)
BardEngine: No options found at path "events.training.summary" (Intensity: 2)
BardEngine: No options found at path "events.training.title" (Intensity: 2)
BardEngine: No options found at path "events.training.summary" (Intensity: 2)
BardEngine: No options found at path "events.training.title" (Intensity: 2)
BardEngine: No options found at path "events.training.summary" (Intensity: 2)
BardEngine: No options found at path "events.training.title" (Intensity: 2)
BardEngine: No options found at path "events.training.summary" (Intensity: 2)
BardEngine: No options found at path "events.training.title" (Intensity: 2)
BardEngine: No options found at path "events.training.summary" (Intensity: 2)
BardEngine: No options found at path "events.training.title" (Intensity: 2)
BardEngine: No options found at path "events.training.summary" (Intensity: 2)
BardEngine: No options found at path "events.training.title" (Intensity: 2)
BardEngine: No options found at path "events.training.summary" (Intensity: 2)
BardEngine: No options found at path "events.training.title" (Intensity: 2)
BardEngine: No options found at path "events.training.summary" (Intensity: 2)
BardEngine: No options found at path "events.training.title" (Intensity: 2)
BardEngine: No options found at path "events.training.summary" (Intensity: 2)
BardEngine: No options found at path "events.training.title" (Intensity: 2)
BardEngine: No options found at path "events.training.summary" (Intensity: 2)
BardEngine: No options found at path "events.training.title" (Intensity: 2)
BardEngine: No options found at path "events.training.summary" (Intensity: 2)
BardEngine: No options found at path "events.training.title" (Intensity: 2)
BardEngine: No options found at path "events.training.summary" (Intensity: 2)
BardEngine: No options found at path "events.training.title" (Intensity: 2)
BardEngine: No options found at path "events.training.summary" (Intensity: 2)
BardEngine: No options found at path "events.training.title" (Intensity: 2)
BardEngine: No options found at path "events.training.summary" (Intensity: 2)
BardEngine: No options found at path "events.training.title" (Intensity: 2)
BardEngine: No options found at path "events.training.summary" (Intensity: 2)
BardEngine: No options found at path "events.training.title" (Intensity: 2)
BardEngine: No options found at path "events.training.summary" (Intensity: 2)
BardEngine: No options found at path "events.training.title" (Intensity: 2)
BardEngine: No options found at path "events.training.summary" (Intensity: 2)
BardEngine: No options found at path "events.training.title" (Intensity: 2)
BardEngine: No options found at path "events.training.summary" (Intensity: 2)
BardEngine: No options found at path "events.training.title" (Intensity: 2)
BardEngine: No options found at path "events.training.summary" (Intensity: 2)
BardEngine: No options found at path "events.training.title" (Intensity: 2)
BardEngine: No options found at path "events.training.summary" (Intensity: 2)
BardEngine: No options found at path "events.training.title" (Intensity: 2)
BardEngine: No options found at path "events.training.summary" (Intensity: 2)
BardEngine: No options found at path "events.training.title" (Intensity: 2)
BardEngine: No options found at path "events.training.summary" (Intensity: 2)
BardEngine: No options found at path "events.training.title" (Intensity: 2)
BardEngine: No options found at path "events.training.summary" (Intensity: 2)
BardEngine: No options found at path "events.training.title" (Intensity: 2)
BardEngine: No options found at path "events.training.summary" (Intensity: 2)
BardEngine: No options found at path "events.training.title" (Intensity: 2)
BardEngine: No options found at path "events.training.summary" (Intensity: 2)
BardEngine: No options found at path "events.lifecycle.title" (Intensity: 2)
BardEngine: No options found at path "events.lifecycle.summary" (Intensity: 2)
BardEngine: No options found at path "events.lifecycle.title" (Intensity: 2)
BardEngine: No options found at path "events.lifecycle.summary" (Intensity: 2)
[PIPELINE FATAL ERROR] in phase: "phase01_week_npc_ai" TypeError: object is not iterable (cannot read property Symbol(Symbol.iterator))
    at new Map (<anonymous>)
    at phase (/Users/amauricia/Documents/GitHub/sumo-manager-pro/src/engine/tick/phases/phase01_week_npc_ai.ts:29:30)
    at reduce (/Users/amauricia/Documents/GitHub/sumo-manager-pro/src/engine/tick/pipelineRunner.ts:37:25)
    at Array.reduce (<anonymous>)
    at runPipeline (/Users/amauricia/Documents/GitHub/sumo-manager-pro/src/engine/tick/pipelineRunner.ts:35:17)
    at advanceOneDay (/Users/amauricia/Documents/GitHub/sumo-manager-pro/src/engine/tick/tickDaily.ts:127:19)
    at simDays (/Users/amauricia/Documents/GitHub/sumo-manager-pro/src/engine/__tests__/simulationDeterminism.test.ts:63:13)
    at /Users/amauricia/Documents/GitHub/sumo-manager-pro/src/engine/__tests__/simulationDeterminism.test.ts:87:26
    at file:///Users/amauricia/Documents/GitHub/sumo-manager-pro/node_modules/@vitest/runner/dist/chunk-artifact.js:302:11
    at file:///Users/amauricia/Documents/GitHub/sumo-manager-pro/node_modules/@vitest/runner/dist/chunk-artifact.js:1903:26
[PIPELINE FATAL ERROR] in phase: "phase01_week_npc_ai" TypeError: object is not iterable (cannot read property Symbol(Symbol.iterator))
    at new Map (<anonymous>)
    at phase (/Users/amauricia/Documents/GitHub/sumo-manager-pro/src/engine/tick/phases/phase01_week_npc_ai.ts:29:30)
    at reduce (/Users/amauricia/Documents/GitHub/sumo-manager-pro/src/engine/tick/pipelineRunner.ts:37:25)
    at Array.reduce (<anonymous>)
    at runPipeline (/Users/amauricia/Documents/GitHub/sumo-manager-pro/src/engine/tick/pipelineRunner.ts:35:17)
    at advanceOneDay (/Users/amauricia/Documents/GitHub/sumo-manager-pro/src/engine/tick/tickDaily.ts:127:19)
    at simDays (/Users/amauricia/Documents/GitHub/sumo-manager-pro/src/engine/__tests__/simulationDeterminism.test.ts:63:13)
    at /Users/amauricia/Documents/GitHub/sumo-manager-pro/src/engine/__tests__/simulationDeterminism.test.ts:87:26
    at file:///Users/amauricia/Documents/GitHub/sumo-manager-pro/node_modules/@vitest/runner/dist/chunk-artifact.js:302:11
    at file:///Users/amauricia/Documents/GitHub/sumo-manager-pro/node_modules/@vitest/runner/dist/chunk-artifact.js:1903:26
[PIPELINE FATAL ERROR] in phase: "phase01_week_npc_ai" TypeError: object is not iterable (cannot read property Symbol(Symbol.iterator))
    at new Map (<anonymous>)
    at phase (/Users/amauricia/Documents/GitHub/sumo-manager-pro/src/engine/tick/phases/phase01_week_npc_ai.ts:29:30)
    at reduce (/Users/amauricia/Documents/GitHub/sumo-manager-pro/src/engine/tick/pipelineRunner.ts:37:25)
    at Array.reduce (<anonymous>)
    at runPipeline (/Users/amauricia/Documents/GitHub/sumo-manager-pro/src/engine/tick/pipelineRunner.ts:35:17)
    at advanceOneDay (/Users/amauricia/Documents/GitHub/sumo-manager-pro/src/engine/tick/tickDaily.ts:127:19)
    at simDays (/Users/amauricia/Documents/GitHub/sumo-manager-pro/src/engine/__tests__/simulationDeterminism.test.ts:63:13)
    at /Users/amauricia/Documents/GitHub/sumo-manager-pro/src/engine/__tests__/simulationDeterminism.test.ts:87:26
    at file:///Users/amauricia/Documents/GitHub/sumo-manager-pro/node_modules/@vitest/runner/dist/chunk-artifact.js:302:11
    at file:///Users/amauricia/Documents/GitHub/sumo-manager-pro/node_modules/@vitest/runner/dist/chunk-artifact.js:1903:26
[PIPELINE FATAL ERROR] in phase: "phase01_week_npc_ai" TypeError: object is not iterable (cannot read property Symbol(Symbol.iterator))
    at new Map (<anonymous>)
    at phase (/Users/amauricia/Documents/GitHub/sumo-manager-pro/src/engine/tick/phases/phase01_week_npc_ai.ts:29:30)
    at reduce (/Users/amauricia/Documents/GitHub/sumo-manager-pro/src/engine/tick/pipelineRunner.ts:37:25)
    at Array.reduce (<anonymous>)
    at runPipeline (/Users/amauricia/Documents/GitHub/sumo-manager-pro/src/engine/tick/pipelineRunner.ts:35:17)
    at advanceOneDay (/Users/amauricia/Documents/GitHub/sumo-manager-pro/src/engine/tick/tickDaily.ts:127:19)
    at simDays (/Users/amauricia/Documents/GitHub/sumo-manager-pro/src/engine/__tests__/simulationDeterminism.test.ts:63:13)
    at /Users/amauricia/Documents/GitHub/sumo-manager-pro/src/engine/__tests__/simulationDeterminism.test.ts:87:26
    at file:///Users/amauricia/Documents/GitHub/sumo-manager-pro/node_modules/@vitest/runner/dist/chunk-artifact.js:302:11
    at file:///Users/amauricia/Documents/GitHub/sumo-manager-pro/node_modules/@vitest/runner/dist/chunk-artifact.js:1903:26
[PIPELINE FATAL ERROR] in phase: "phase01_week_npc_ai" TypeError: object is not iterable (cannot read property Symbol(Symbol.iterator))
    at new Map (<anonymous>)
    at phase (/Users/amauricia/Documents/GitHub/sumo-manager-pro/src/engine/tick/phases/phase01_week_npc_ai.ts:29:30)
    at reduce (/Users/amauricia/Documents/GitHub/sumo-manager-pro/src/engine/tick/pipelineRunner.ts:37:25)
    at Array.reduce (<anonymous>)
    at runPipeline (/Users/amauricia/Documents/GitHub/sumo-manager-pro/src/engine/tick/pipelineRunner.ts:35:17)
    at advanceOneDay (/Users/amauricia/Documents/GitHub/sumo-manager-pro/src/engine/tick/tickDaily.ts:127:19)
    at simDays (/Users/amauricia/Documents/GitHub/sumo-manager-pro/src/engine/__tests__/simulationDeterminism.test.ts:63:13)
    at /Users/amauricia/Documents/GitHub/sumo-manager-pro/src/engine/__tests__/simulationDeterminism.test.ts:87:26
    at file:///Users/amauricia/Documents/GitHub/sumo-manager-pro/node_modules/@vitest/runner/dist/chunk-artifact.js:302:11
    at file:///Users/amauricia/Documents/GitHub/sumo-manager-pro/node_modules/@vitest/runner/dist/chunk-artifact.js:1903:26
BardEngine: No options found at path "events.basho.status_title" (Intensity: 2)
BardEngine: No options found at path "events.basho.status_summary" (Intensity: 2)
[PIPELINE FATAL ERROR] in phase: "phase01_week_npc_ai" TypeError: object is not iterable (cannot read property Symbol(Symbol.iterator))
    at new Map (<anonymous>)
    at phase (/Users/amauricia/Documents/GitHub/sumo-manager-pro/src/engine/tick/phases/phase01_week_npc_ai.ts:29:30)
    at reduce (/Users/amauricia/Documents/GitHub/sumo-manager-pro/src/engine/tick/pipelineRunner.ts:37:25)
    at Array.reduce (<anonymous>)
    at runPipeline (/Users/amauricia/Documents/GitHub/sumo-manager-pro/src/engine/tick/pipelineRunner.ts:35:17)
    at advanceOneDay (/Users/amauricia/Documents/GitHub/sumo-manager-pro/src/engine/tick/tickDaily.ts:127:19)
    at simDays (/Users/amauricia/Documents/GitHub/sumo-manager-pro/src/engine/__tests__/simulationDeterminism.test.ts:63:13)
    at /Users/amauricia/Documents/GitHub/sumo-manager-pro/src/engine/__tests__/simulationDeterminism.test.ts:87:26
    at file:///Users/amauricia/Documents/GitHub/sumo-manager-pro/node_modules/@vitest/runner/dist/chunk-artifact.js:302:11
    at file:///Users/amauricia/Documents/GitHub/sumo-manager-pro/node_modules/@vitest/runner/dist/chunk-artifact.js:1903:26
[PIPELINE FATAL ERROR] in phase: "phase01_week_npc_ai" TypeError: object is not iterable (cannot read property Symbol(Symbol.iterator))
    at new Map (<anonymous>)
    at phase (/Users/amauricia/Documents/GitHub/sumo-manager-pro/src/engine/tick/phases/phase01_week_npc_ai.ts:29:30)
    at reduce (/Users/amauricia/Documents/GitHub/sumo-manager-pro/src/engine/tick/pipelineRunner.ts:37:25)
    at Array.reduce (<anonymous>)
    at runPipeline (/Users/amauricia/Documents/GitHub/sumo-manager-pro/src/engine/tick/pipelineRunner.ts:35:17)
    at advanceOneDay (/Users/amauricia/Documents/GitHub/sumo-manager-pro/src/engine/tick/tickDaily.ts:127:19)
    at simDays (/Users/amauricia/Documents/GitHub/sumo-manager-pro/src/engine/__tests__/simulationDeterminism.test.ts:63:13)
    at /Users/amauricia/Documents/GitHub/sumo-manager-pro/src/engine/__tests__/simulationDeterminism.test.ts:87:26
    at file:///Users/amauricia/Documents/GitHub/sumo-manager-pro/node_modules/@vitest/runner/dist/chunk-artifact.js:302:11
    at file:///Users/amauricia/Documents/GitHub/sumo-manager-pro/node_modules/@vitest/runner/dist/chunk-artifact.js:1903:26
BardEngine: No options found at path "events.basho.status_title" (Intensity: 2)
BardEngine: No options found at path "events.basho.status_summary" (Intensity: 2)
BardEngine: No options found at path "events.basho.status_title" (Intensity: 2)
BardEngine: No options found at path "events.basho.status_summary" (Intensity: 2)
BardEngine: No options found at path "events.lifecycle.title" (Intensity: 2)
BardEngine: No options found at path "events.lifecycle.summary" (Intensity: 2)
BardEngine: No options found at path "events.lifecycle.title" (Intensity: 2)
BardEngine: No options found at path "events.lifecycle.summary" (Intensity: 2)
[PIPELINE FATAL ERROR] in phase: "phase01_week_npc_ai" TypeError: object is not iterable (cannot read property Symbol(Symbol.iterator))
    at new Map (<anonymous>)
    at phase (/Users/amauricia/Documents/GitHub/sumo-manager-pro/src/engine/tick/phases/phase01_week_npc_ai.ts:29:30)
    at reduce (/Users/amauricia/Documents/GitHub/sumo-manager-pro/src/engine/tick/pipelineRunner.ts:37:25)
    at Array.reduce (<anonymous>)
    at runPipeline (/Users/amauricia/Documents/GitHub/sumo-manager-pro/src/engine/tick/pipelineRunner.ts:35:17)
    at advanceOneDay (/Users/amauricia/Documents/GitHub/sumo-manager-pro/src/engine/tick/tickDaily.ts:127:19)
    at /Users/amauricia/Documents/GitHub/sumo-manager-pro/src/engine/__tests__/simulationDeterminism.test.ts:92:15
    at file:///Users/amauricia/Documents/GitHub/sumo-manager-pro/node_modules/@vitest/runner/dist/chunk-artifact.js:302:11
    at file:///Users/amauricia/Documents/GitHub/sumo-manager-pro/node_modules/@vitest/runner/dist/chunk-artifact.js:1903:26
    at file:///Users/amauricia/Documents/GitHub/sumo-manager-pro/node_modules/@vitest/runner/dist/chunk-artifact.js:2326:20
BardEngine: No options found at path "events.basho.status_title" (Intensity: 2)
BardEngine: No options found at path "events.basho.status_summary" (Intensity: 2)
BardEngine: No options found at path "events.basho.status_title" (Intensity: 2)
BardEngine: No options found at path "events.basho.status_summary" (Intensity: 2)
BardEngine: No options found at path "events.training.title" (Intensity: 2)
BardEngine: No options found at path "events.training.summary" (Intensity: 2)
BardEngine: No options found at path "events.training.title" (Intensity: 2)
BardEngine: No options found at path "events.training.summary" (Intensity: 2)
BardEngine: No options found at path "events.training.title" (Intensity: 2)
BardEngine: No options found at path "events.training.summary" (Intensity: 2)
BardEngine: No options found at path "events.training.title" (Intensity: 2)
BardEngine: No options found at path "events.training.summary" (Intensity: 2)
BardEngine: No options found at path "events.training.title" (Intensity: 2)
BardEngine: No options found at path "events.training.summary" (Intensity: 2)
BardEngine: No options found at path "events.training.title" (Intensity: 2)
BardEngine: No options found at path "events.training.summary" (Intensity: 2)
BardEngine: No options found at path "events.training.title" (Intensity: 2)
BardEngine: No options found at path "events.training.summary" (Intensity: 2)
BardEngine: No options found at path "events.training.title" (Intensity: 2)
BardEngine: No options found at path "events.training.summary" (Intensity: 2)
BardEngine: No options found at path "events.training.title" (Intensity: 2)
BardEngine: No options found at path "events.training.summary" (Intensity: 2)
BardEngine: No options found at path "events.training.title" (Intensity: 2)
BardEngine: No options found at path "events.training.summary" (Intensity: 2)
BardEngine: No options found at path "events.training.title" (Intensity: 2)
BardEngine: No options found at path "events.training.summary" (Intensity: 2)
BardEngine: No options found at path "events.training.title" (Intensity: 2)
BardEngine: No options found at path "events.training.summary" (Intensity: 2)
BardEngine: No options found at path "events.training.title" (Intensity: 2)
BardEngine: No options found at path "events.training.summary" (Intensity: 2)
BardEngine: No options found at path "events.training.title" (Intensity: 2)
BardEngine: No options found at path "events.training.summary" (Intensity: 2)
BardEngine: No options found at path "events.training.title" (Intensity: 2)
BardEngine: No options found at path "events.training.summary" (Intensity: 2)
BardEngine: No options found at path "events.training.title" (Intensity: 2)
BardEngine: No options found at path "events.training.summary" (Intensity: 2)
BardEngine: No options found at path "events.training.title" (Intensity: 2)
BardEngine: No options found at path "events.training.summary" (Intensity: 2)
BardEngine: No options found at path "events.training.title" (Intensity: 2)
BardEngine: No options found at path "events.training.summary" (Intensity: 2)
BardEngine: No options found at path "events.training.title" (Intensity: 2)
BardEngine: No options found at path "events.training.summary" (Intensity: 2)
BardEngine: No options found at path "events.training.title" (Intensity: 2)
BardEngine: No options found at path "events.training.summary" (Intensity: 2)
BardEngine: No options found at path "events.training.title" (Intensity: 2)
BardEngine: No options found at path "events.training.summary" (Intensity: 2)
BardEngine: No options found at path "events.training.title" (Intensity: 2)
BardEngine: No options found at path "events.training.summary" (Intensity: 2)
BardEngine: No options found at path "events.training.title" (Intensity: 2)
BardEngine: No options found at path "events.training.summary" (Intensity: 2)
BardEngine: No options found at path "events.training.title" (Intensity: 2)
BardEngine: No options found at path "events.training.summary" (Intensity: 2)
BardEngine: No options found at path "events.training.title" (Intensity: 2)
BardEngine: No options found at path "events.training.summary" (Intensity: 2)
BardEngine: No options found at path "events.training.title" (Intensity: 2)
BardEngine: No options found at path "events.training.summary" (Intensity: 2)
BardEngine: No options found at path "events.training.title" (Intensity: 2)
BardEngine: No options found at path "events.training.summary" (Intensity: 2)
BardEngine: No options found at path "events.training.title" (Intensity: 2)
BardEngine: No options found at path "events.training.summary" (Intensity: 2)
BardEngine: No options found at path "events.training.title" (Intensity: 2)
BardEngine: No options found at path "events.training.summary" (Intensity: 2)
BardEngine: No options found at path "events.training.title" (Intensity: 2)
BardEngine: No options found at path "events.training.summary" (Intensity: 2)
BardEngine: No options found at path "events.training.title" (Intensity: 2)
BardEngine: No options found at path "events.training.summary" (Intensity: 2)
BardEngine: No options found at path "events.training.title" (Intensity: 2)
BardEngine: No options found at path "events.training.summary" (Intensity: 2)
BardEngine: No options found at path "events.training.title" (Intensity: 2)
BardEngine: No options found at path "events.training.summary" (Intensity: 2)
BardEngine: No options found at path "events.training.title" (Intensity: 2)
BardEngine: No options found at path "events.training.summary" (Intensity: 2)
BardEngine: No options found at path "events.training.title" (Intensity: 2)
BardEngine: No options found at path "events.training.summary" (Intensity: 2)
BardEngine: No options found at path "events.training.title" (Intensity: 2)
BardEngine: No options found at path "events.training.summary" (Intensity: 2)
BardEngine: No options found at path "events.training.title" (Intensity: 2)
BardEngine: No options found at path "events.training.summary" (Intensity: 2)
BardEngine: No options found at path "events.training.title" (Intensity: 2)
BardEngine: No options found at path "events.training.summary" (Intensity: 2)
BardEngine: No options found at path "events.training.title" (Intensity: 2)
BardEngine: No options found at path "events.training.summary" (Intensity: 2)
BardEngine: No options found at path "events.training.title" (Intensity: 2)
BardEngine: No options found at path "events.training.summary" (Intensity: 2)
BardEngine: No options found at path "events.training.title" (Intensity: 2)
BardEngine: No options found at path "events.training.summary" (Intensity: 2)
BardEngine: No options found at path "events.training.title" (Intensity: 2)
BardEngine: No options found at path "events.training.summary" (Intensity: 2)
BardEngine: No options found at path "events.training.title" (Intensity: 2)
BardEngine: No options found at path "events.training.summary" (Intensity: 2)
BardEngine: No options found at path "events.training.title" (Intensity: 2)
BardEngine: No options found at path "events.training.summary" (Intensity: 2)
BardEngine: No options found at path "events.training.title" (Intensity: 2)
BardEngine: No options found at path "events.training.summary" (Intensity: 2)
BardEngine: No options found at path "events.training.title" (Intensity: 2)
BardEngine: No options found at path "events.training.summary" (Intensity: 2)
BardEngine: No options found at path "events.training.title" (Intensity: 2)
BardEngine: No options found at path "events.training.summary" (Intensity: 2)
BardEngine: No options found at path "events.training.title" (Intensity: 2)
BardEngine: No options found at path "events.training.summary" (Intensity: 2)
BardEngine: No options found at path "events.training.title" (Intensity: 2)
BardEngine: No options found at path "events.training.summary" (Intensity: 2)
BardEngine: No options found at path "events.training.title" (Intensity: 2)
BardEngine: No options found at path "events.training.summary" (Intensity: 2)
BardEngine: No options found at path "events.training.title" (Intensity: 2)
BardEngine: No options found at path "events.training.summary" (Intensity: 2)
BardEngine: No options found at path "events.training.title" (Intensity: 2)
BardEngine: No options found at path "events.training.summary" (Intensity: 2)
BardEngine: No options found at path "events.training.title" (Intensity: 2)
BardEngine: No options found at path "events.training.summary" (Intensity: 2)
BardEngine: No options found at path "events.training.title" (Intensity: 2)
BardEngine: No options found at path "events.training.summary" (Intensity: 2)
BardEngine: No options found at path "events.training.title" (Intensity: 2)
BardEngine: No options found at path "events.training.summary" (Intensity: 2)
BardEngine: No options found at path "events.training.title" (Intensity: 2)
BardEngine: No options found at path "events.training.summary" (Intensity: 2)
BardEngine: No options found at path "events.training.title" (Intensity: 2)
BardEngine: No options found at path "events.training.summary" (Intensity: 2)
BardEngine: No options found at path "events.training.title" (Intensity: 2)
BardEngine: No options found at path "events.training.summary" (Intensity: 2)
BardEngine: No options found at path "events.training.title" (Intensity: 2)
BardEngine: No options found at path "events.training.summary" (Intensity: 2)
BardEngine: No options found at path "events.training.title" (Intensity: 2)
BardEngine: No options found at path "events.training.summary" (Intensity: 2)
BardEngine: No options found at path "events.training.title" (Intensity: 2)
BardEngine: No options found at path "events.training.summary" (Intensity: 2)
BardEngine: No options found at path "events.training.title" (Intensity: 2)
BardEngine: No options found at path "events.training.summary" (Intensity: 2)
BardEngine: No options found at path "events.training.title" (Intensity: 2)
BardEngine: No options found at path "events.training.summary" (Intensity: 2)
BardEngine: No options found at path "events.training.title" (Intensity: 2)
BardEngine: No options found at path "events.training.summary" (Intensity: 2)
BardEngine: No options found at path "events.training.title" (Intensity: 2)
BardEngine: No options found at path "events.training.summary" (Intensity: 2)
BardEngine: No options found at path "events.training.title" (Intensity: 2)
BardEngine: No options found at path "events.training.summary" (Intensity: 2)
BardEngine: No options found at path "events.training.title" (Intensity: 2)
BardEngine: No options found at path "events.training.summary" (Intensity: 2)
BardEngine: No options found at path "events.training.title" (Intensity: 2)
BardEngine: No options found at path "events.training.summary" (Intensity: 2)
BardEngine: No options found at path "events.training.title" (Intensity: 2)
BardEngine: No options found at path "events.training.summary" (Intensity: 2)
BardEngine: No options found at path "events.training.title" (Intensity: 2)
BardEngine: No options found at path "events.training.summary" (Intensity: 2)
BardEngine: No options found at path "events.training.title" (Intensity: 2)
BardEngine: No options found at path "events.training.summary" (Intensity: 2)
BardEngine: No options found at path "events.training.title" (Intensity: 2)
BardEngine: No options found at path "events.training.summary" (Intensity: 2)
BardEngine: No options found at path "events.training.title" (Intensity: 2)
BardEngine: No options found at path "events.training.summary" (Intensity: 2)
BardEngine: No options found at path "events.training.title" (Intensity: 2)
BardEngine: No options found at path "events.training.summary" (Intensity: 2)
BardEngine: No options found at path "events.training.title" (Intensity: 2)
BardEngine: No options found at path "events.training.summary" (Intensity: 2)
BardEngine: No options found at path "events.training.title" (Intensity: 2)
BardEngine: No options found at path "events.training.summary" (Intensity: 2)
BardEngine: No options found at path "events.training.title" (Intensity: 2)
BardEngine: No options found at path "events.training.summary" (Intensity: 2)
BardEngine: No options found at path "events.training.title" (Intensity: 2)
BardEngine: No options found at path "events.training.summary" (Intensity: 2)
BardEngine: No options found at path "events.training.title" (Intensity: 2)
BardEngine: No options found at path "events.training.summary" (Intensity: 2)
BardEngine: No options found at path "events.training.title" (Intensity: 2)
BardEngine: No options found at path "events.training.summary" (Intensity: 2)
BardEngine: No options found at path "events.lifecycle.title" (Intensity: 2)
BardEngine: No options found at path "events.lifecycle.summary" (Intensity: 2)
BardEngine: No options found at path "events.lifecycle.title" (Intensity: 2)
BardEngine: No options found at path "events.lifecycle.summary" (Intensity: 2)
[PIPELINE FATAL ERROR] in phase: "phase01_week_npc_ai" TypeError: object is not iterable (cannot read property Symbol(Symbol.iterator))
    at new Map (<anonymous>)
    at phase (/Users/amauricia/Documents/GitHub/sumo-manager-pro/src/engine/tick/phases/phase01_week_npc_ai.ts:29:30)
    at reduce (/Users/amauricia/Documents/GitHub/sumo-manager-pro/src/engine/tick/pipelineRunner.ts:37:25)
    at Array.reduce (<anonymous>)
    at runPipeline (/Users/amauricia/Documents/GitHub/sumo-manager-pro/src/engine/tick/pipelineRunner.ts:35:17)
    at advanceOneDay (/Users/amauricia/Documents/GitHub/sumo-manager-pro/src/engine/tick/tickDaily.ts:127:19)
    at /Users/amauricia/Documents/GitHub/sumo-manager-pro/src/engine/__tests__/simulationDeterminism.test.ts:92:15
    at file:///Users/amauricia/Documents/GitHub/sumo-manager-pro/node_modules/@vitest/runner/dist/chunk-artifact.js:302:11
    at file:///Users/amauricia/Documents/GitHub/sumo-manager-pro/node_modules/@vitest/runner/dist/chunk-artifact.js:1903:26
    at file:///Users/amauricia/Documents/GitHub/sumo-manager-pro/node_modules/@vitest/runner/dist/chunk-artifact.js:2326:20
[PIPELINE FATAL ERROR] in phase: "phase01_week_npc_ai" TypeError: object is not iterable (cannot read property Symbol(Symbol.iterator))
    at new Map (<anonymous>)
    at phase (/Users/amauricia/Documents/GitHub/sumo-manager-pro/src/engine/tick/phases/phase01_week_npc_ai.ts:29:30)
    at reduce (/Users/amauricia/Documents/GitHub/sumo-manager-pro/src/engine/tick/pipelineRunner.ts:37:25)
    at Array.reduce (<anonymous>)
    at runPipeline (/Users/amauricia/Documents/GitHub/sumo-manager-pro/src/engine/tick/pipelineRunner.ts:35:17)
    at advanceOneDay (/Users/amauricia/Documents/GitHub/sumo-manager-pro/src/engine/tick/tickDaily.ts:127:19)
    at /Users/amauricia/Documents/GitHub/sumo-manager-pro/src/engine/__tests__/simulationDeterminism.test.ts:92:15
    at file:///Users/amauricia/Documents/GitHub/sumo-manager-pro/node_modules/@vitest/runner/dist/chunk-artifact.js:302:11
    at file:///Users/amauricia/Documents/GitHub/sumo-manager-pro/node_modules/@vitest/runner/dist/chunk-artifact.js:1903:26
    at file:///Users/amauricia/Documents/GitHub/sumo-manager-pro/node_modules/@vitest/runner/dist/chunk-artifact.js:2326:20
[PIPELINE FATAL ERROR] in phase: "phase01_week_npc_ai" TypeError: object is not iterable (cannot read property Symbol(Symbol.iterator))
    at new Map (<anonymous>)
    at phase (/Users/amauricia/Documents/GitHub/sumo-manager-pro/src/engine/tick/phases/phase01_week_npc_ai.ts:29:30)
    at reduce (/Users/amauricia/Documents/GitHub/sumo-manager-pro/src/engine/tick/pipelineRunner.ts:37:25)
    at Array.reduce (<anonymous>)
    at runPipeline (/Users/amauricia/Documents/GitHub/sumo-manager-pro/src/engine/tick/pipelineRunner.ts:35:17)
    at advanceOneDay (/Users/amauricia/Documents/GitHub/sumo-manager-pro/src/engine/tick/tickDaily.ts:127:19)
    at /Users/amauricia/Documents/GitHub/sumo-manager-pro/src/engine/__tests__/simulationDeterminism.test.ts:92:15
    at file:///Users/amauricia/Documents/GitHub/sumo-manager-pro/node_modules/@vitest/runner/dist/chunk-artifact.js:302:11
    at file:///Users/amauricia/Documents/GitHub/sumo-manager-pro/node_modules/@vitest/runner/dist/chunk-artifact.js:1903:26
    at file:///Users/amauricia/Documents/GitHub/sumo-manager-pro/node_modules/@vitest/runner/dist/chunk-artifact.js:2326:20
[PIPELINE FATAL ERROR] in phase: "phase01_week_npc_ai" TypeError: object is not iterable (cannot read property Symbol(Symbol.iterator))
    at new Map (<anonymous>)
    at phase (/Users/amauricia/Documents/GitHub/sumo-manager-pro/src/engine/tick/phases/phase01_week_npc_ai.ts:29:30)
    at reduce (/Users/amauricia/Documents/GitHub/sumo-manager-pro/src/engine/tick/pipelineRunner.ts:37:25)
    at Array.reduce (<anonymous>)
    at runPipeline (/Users/amauricia/Documents/GitHub/sumo-manager-pro/src/engine/tick/pipelineRunner.ts:35:17)
    at advanceOneDay (/Users/amauricia/Documents/GitHub/sumo-manager-pro/src/engine/tick/tickDaily.ts:127:19)
    at /Users/amauricia/Documents/GitHub/sumo-manager-pro/src/engine/__tests__/simulationDeterminism.test.ts:92:15
    at file:///Users/amauricia/Documents/GitHub/sumo-manager-pro/node_modules/@vitest/runner/dist/chunk-artifact.js:302:11
    at file:///Users/amauricia/Documents/GitHub/sumo-manager-pro/node_modules/@vitest/runner/dist/chunk-artifact.js:1903:26
    at file:///Users/amauricia/Documents/GitHub/sumo-manager-pro/node_modules/@vitest/runner/dist/chunk-artifact.js:2326:20
[PIPELINE FATAL ERROR] in phase: "phase01_week_npc_ai" TypeError: object is not iterable (cannot read property Symbol(Symbol.iterator))
    at new Map (<anonymous>)
    at phase (/Users/amauricia/Documents/GitHub/sumo-manager-pro/src/engine/tick/phases/phase01_week_npc_ai.ts:29:30)
    at reduce (/Users/amauricia/Documents/GitHub/sumo-manager-pro/src/engine/tick/pipelineRunner.ts:37:25)
    at Array.reduce (<anonymous>)
    at runPipeline (/Users/amauricia/Documents/GitHub/sumo-manager-pro/src/engine/tick/pipelineRunner.ts:35:17)
    at advanceOneDay (/Users/amauricia/Documents/GitHub/sumo-manager-pro/src/engine/tick/tickDaily.ts:127:19)
    at /Users/amauricia/Documents/GitHub/sumo-manager-pro/src/engine/__tests__/simulationDeterminism.test.ts:92:15
    at file:///Users/amauricia/Documents/GitHub/sumo-manager-pro/node_modules/@vitest/runner/dist/chunk-artifact.js:302:11
    at file:///Users/amauricia/Documents/GitHub/sumo-manager-pro/node_modules/@vitest/runner/dist/chunk-artifact.js:1903:26
    at file:///Users/amauricia/Documents/GitHub/sumo-manager-pro/node_modules/@vitest/runner/dist/chunk-artifact.js:2326:20
BardEngine: No options found at path "events.basho.status_title" (Intensity: 2)
BardEngine: No options found at path "events.basho.status_summary" (Intensity: 2)
[PIPELINE FATAL ERROR] in phase: "phase01_week_npc_ai" TypeError: object is not iterable (cannot read property Symbol(Symbol.iterator))
    at new Map (<anonymous>)
    at phase (/Users/amauricia/Documents/GitHub/sumo-manager-pro/src/engine/tick/phases/phase01_week_npc_ai.ts:29:30)
    at reduce (/Users/amauricia/Documents/GitHub/sumo-manager-pro/src/engine/tick/pipelineRunner.ts:37:25)
    at Array.reduce (<anonymous>)
    at runPipeline (/Users/amauricia/Documents/GitHub/sumo-manager-pro/src/engine/tick/pipelineRunner.ts:35:17)
    at advanceOneDay (/Users/amauricia/Documents/GitHub/sumo-manager-pro/src/engine/tick/tickDaily.ts:127:19)
    at /Users/amauricia/Documents/GitHub/sumo-manager-pro/src/engine/__tests__/simulationDeterminism.test.ts:92:15
    at file:///Users/amauricia/Documents/GitHub/sumo-manager-pro/node_modules/@vitest/runner/dist/chunk-artifact.js:302:11
    at file:///Users/amauricia/Documents/GitHub/sumo-manager-pro/node_modules/@vitest/runner/dist/chunk-artifact.js:1903:26
    at file:///Users/amauricia/Documents/GitHub/sumo-manager-pro/node_modules/@vitest/runner/dist/chunk-artifact.js:2326:20
[PIPELINE FATAL ERROR] in phase: "phase01_week_npc_ai" TypeError: object is not iterable (cannot read property Symbol(Symbol.iterator))
    at new Map (<anonymous>)
    at phase (/Users/amauricia/Documents/GitHub/sumo-manager-pro/src/engine/tick/phases/phase01_week_npc_ai.ts:29:30)
    at reduce (/Users/amauricia/Documents/GitHub/sumo-manager-pro/src/engine/tick/pipelineRunner.ts:37:25)
    at Array.reduce (<anonymous>)
    at runPipeline (/Users/amauricia/Documents/GitHub/sumo-manager-pro/src/engine/tick/pipelineRunner.ts:35:17)
    at advanceOneDay (/Users/amauricia/Documents/GitHub/sumo-manager-pro/src/engine/tick/tickDaily.ts:127:19)
    at /Users/amauricia/Documents/GitHub/sumo-manager-pro/src/engine/__tests__/simulationDeterminism.test.ts:92:15
    at file:///Users/amauricia/Documents/GitHub/sumo-manager-pro/node_modules/@vitest/runner/dist/chunk-artifact.js:302:11
    at file:///Users/amauricia/Documents/GitHub/sumo-manager-pro/node_modules/@vitest/runner/dist/chunk-artifact.js:1903:26
    at file:///Users/amauricia/Documents/GitHub/sumo-manager-pro/node_modules/@vitest/runner/dist/chunk-artifact.js:2326:20

stderr | src/engine/__tests__/simulationDeterminism.test.ts > Simulation determinism > different seeds produce different checksums at day 50
BardEngine: No options found at path "events.basho.status_title" (Intensity: 2)
BardEngine: No options found at path "events.basho.status_summary" (Intensity: 2)
BardEngine: No options found at path "events.basho.status_title" (Intensity: 2)
BardEngine: No options found at path "events.basho.status_summary" (Intensity: 2)
BardEngine: No options found at path "events.basho.status_title" (Intensity: 2)
BardEngine: No options found at path "events.basho.status_summary" (Intensity: 2)
BardEngine: No options found at path "events.lifecycle.title" (Intensity: 2)
BardEngine: No options found at path "events.lifecycle.summary" (Intensity: 2)
BardEngine: No options found at path "events.lifecycle.title" (Intensity: 2)
BardEngine: No options found at path "events.lifecycle.summary" (Intensity: 2)
[PIPELINE FATAL ERROR] in phase: "phase01_week_npc_ai" TypeError: object is not iterable (cannot read property Symbol(Symbol.iterator))
    at new Map (<anonymous>)
    at phase (/Users/amauricia/Documents/GitHub/sumo-manager-pro/src/engine/tick/phases/phase01_week_npc_ai.ts:29:30)
    at reduce (/Users/amauricia/Documents/GitHub/sumo-manager-pro/src/engine/tick/pipelineRunner.ts:37:25)
    at Array.reduce (<anonymous>)
    at runPipeline (/Users/amauricia/Documents/GitHub/sumo-manager-pro/src/engine/tick/pipelineRunner.ts:35:17)
    at advanceOneDay (/Users/amauricia/Documents/GitHub/sumo-manager-pro/src/engine/tick/tickDaily.ts:127:19)
    at /Users/amauricia/Documents/GitHub/sumo-manager-pro/src/engine/__tests__/simulationDeterminism.test.ts:104:16
    at file:///Users/amauricia/Documents/GitHub/sumo-manager-pro/node_modules/@vitest/runner/dist/chunk-artifact.js:302:11
    at file:///Users/amauricia/Documents/GitHub/sumo-manager-pro/node_modules/@vitest/runner/dist/chunk-artifact.js:1903:26
    at file:///Users/amauricia/Documents/GitHub/sumo-manager-pro/node_modules/@vitest/runner/dist/chunk-artifact.js:2326:20
BardEngine: No options found at path "events.basho.status_title" (Intensity: 2)
BardEngine: No options found at path "events.basho.status_summary" (Intensity: 2)
BardEngine: No options found at path "events.lifecycle.title" (Intensity: 2)
BardEngine: No options found at path "events.lifecycle.summary" (Intensity: 2)
BardEngine: No options found at path "events.lifecycle.title" (Intensity: 2)
BardEngine: No options found at path "events.lifecycle.summary" (Intensity: 2)
[PIPELINE FATAL ERROR] in phase: "phase01_week_npc_ai" TypeError: object is not iterable (cannot read property Symbol(Symbol.iterator))
    at new Map (<anonymous>)
    at phase (/Users/amauricia/Documents/GitHub/sumo-manager-pro/src/engine/tick/phases/phase01_week_npc_ai.ts:29:30)
    at reduce (/Users/amauricia/Documents/GitHub/sumo-manager-pro/src/engine/tick/pipelineRunner.ts:37:25)
    at Array.reduce (<anonymous>)
    at runPipeline (/Users/amauricia/Documents/GitHub/sumo-manager-pro/src/engine/tick/pipelineRunner.ts:35:17)
    at advanceOneDay (/Users/amauricia/Documents/GitHub/sumo-manager-pro/src/engine/tick/tickDaily.ts:127:19)
    at /Users/amauricia/Documents/GitHub/sumo-manager-pro/src/engine/__tests__/simulationDeterminism.test.ts:105:16
    at file:///Users/amauricia/Documents/GitHub/sumo-manager-pro/node_modules/@vitest/runner/dist/chunk-artifact.js:302:11
    at file:///Users/amauricia/Documents/GitHub/sumo-manager-pro/node_modules/@vitest/runner/dist/chunk-artifact.js:1903:26
    at file:///Users/amauricia/Documents/GitHub/sumo-manager-pro/node_modules/@vitest/runner/dist/chunk-artifact.js:2326:20
BardEngine: No options found at path "events.basho.status_title" (Intensity: 2)
BardEngine: No options found at path "events.basho.status_summary" (Intensity: 2)
BardEngine: No options found at path "events.basho.status_title" (Intensity: 2)
BardEngine: No options found at path "events.basho.status_summary" (Intensity: 2)
BardEngine: No options found at path "events.training.title" (Intensity: 2)
BardEngine: No options found at path "events.training.summary" (Intensity: 2)
BardEngine: No options found at path "events.training.title" (Intensity: 2)
BardEngine: No options found at path "events.training.summary" (Intensity: 2)
BardEngine: No options found at path "events.training.title" (Intensity: 2)
BardEngine: No options found at path "events.training.summary" (Intensity: 2)
BardEngine: No options found at path "events.training.title" (Intensity: 2)
BardEngine: No options found at path "events.training.summary" (Intensity: 2)
BardEngine: No options found at path "events.training.title" (Intensity: 2)
BardEngine: No options found at path "events.training.summary" (Intensity: 2)
BardEngine: No options found at path "events.training.title" (Intensity: 2)
BardEngine: No options found at path "events.training.summary" (Intensity: 2)
BardEngine: No options found at path "events.training.title" (Intensity: 2)
BardEngine: No options found at path "events.training.summary" (Intensity: 2)
BardEngine: No options found at path "events.training.title" (Intensity: 2)
BardEngine: No options found at path "events.training.summary" (Intensity: 2)
BardEngine: No options found at path "events.training.title" (Intensity: 2)
BardEngine: No options found at path "events.training.summary" (Intensity: 2)
BardEngine: No options found at path "events.training.title" (Intensity: 2)
BardEngine: No options found at path "events.training.summary" (Intensity: 2)
BardEngine: No options found at path "events.training.title" (Intensity: 2)
BardEngine: No options found at path "events.training.summary" (Intensity: 2)
BardEngine: No options found at path "events.training.title" (Intensity: 2)
BardEngine: No options found at path "events.training.summary" (Intensity: 2)
BardEngine: No options found at path "events.training.title" (Intensity: 2)
BardEngine: No options found at path "events.training.summary" (Intensity: 2)
BardEngine: No options found at path "events.training.title" (Intensity: 2)
BardEngine: No options found at path "events.training.summary" (Intensity: 2)
BardEngine: No options found at path "events.training.title" (Intensity: 2)
BardEngine: No options found at path "events.training.summary" (Intensity: 2)
BardEngine: No options found at path "events.training.title" (Intensity: 2)
BardEngine: No options found at path "events.training.summary" (Intensity: 2)
BardEngine: No options found at path "events.training.title" (Intensity: 2)
BardEngine: No options found at path "events.training.summary" (Intensity: 2)
BardEngine: No options found at path "events.training.title" (Intensity: 2)
BardEngine: No options found at path "events.training.summary" (Intensity: 2)
BardEngine: No options found at path "events.training.title" (Intensity: 2)
BardEngine: No options found at path "events.training.summary" (Intensity: 2)
BardEngine: No options found at path "events.training.title" (Intensity: 2)
BardEngine: No options found at path "events.training.summary" (Intensity: 2)
BardEngine: No options found at path "events.training.title" (Intensity: 2)
BardEngine: No options found at path "events.training.summary" (Intensity: 2)
BardEngine: No options found at path "events.training.title" (Intensity: 2)
BardEngine: No options found at path "events.training.summary" (Intensity: 2)
BardEngine: No options found at path "events.training.title" (Intensity: 2)
BardEngine: No options found at path "events.training.summary" (Intensity: 2)
BardEngine: No options found at path "events.training.title" (Intensity: 2)
BardEngine: No options found at path "events.training.summary" (Intensity: 2)
BardEngine: No options found at path "events.training.title" (Intensity: 2)
BardEngine: No options found at path "events.training.summary" (Intensity: 2)
BardEngine: No options found at path "events.training.title" (Intensity: 2)
BardEngine: No options found at path "events.training.summary" (Intensity: 2)
BardEngine: No options found at path "events.training.title" (Intensity: 2)
BardEngine: No options found at path "events.training.summary" (Intensity: 2)
BardEngine: No options found at path "events.training.title" (Intensity: 2)
BardEngine: No options found at path "events.training.summary" (Intensity: 2)
BardEngine: No options found at path "events.training.title" (Intensity: 2)
BardEngine: No options found at path "events.training.summary" (Intensity: 2)
BardEngine: No options found at path "events.training.title" (Intensity: 2)
BardEngine: No options found at path "events.training.summary" (Intensity: 2)
BardEngine: No options found at path "events.training.title" (Intensity: 2)
BardEngine: No options found at path "events.training.summary" (Intensity: 2)
BardEngine: No options found at path "events.training.title" (Intensity: 2)
BardEngine: No options found at path "events.training.summary" (Intensity: 2)
BardEngine: No options found at path "events.training.title" (Intensity: 2)
BardEngine: No options found at path "events.training.summary" (Intensity: 2)
BardEngine: No options found at path "events.training.title" (Intensity: 2)
BardEngine: No options found at path "events.training.summary" (Intensity: 2)
BardEngine: No options found at path "events.training.title" (Intensity: 2)
BardEngine: No options found at path "events.training.summary" (Intensity: 2)
BardEngine: No options found at path "events.training.title" (Intensity: 2)
BardEngine: No options found at path "events.training.summary" (Intensity: 2)
BardEngine: No options found at path "events.training.title" (Intensity: 2)
BardEngine: No options found at path "events.training.summary" (Intensity: 2)
BardEngine: No options found at path "events.training.title" (Intensity: 2)
BardEngine: No options found at path "events.training.summary" (Intensity: 2)
BardEngine: No options found at path "events.training.title" (Intensity: 2)
BardEngine: No options found at path "events.training.summary" (Intensity: 2)
BardEngine: No options found at path "events.training.title" (Intensity: 2)
BardEngine: No options found at path "events.training.summary" (Intensity: 2)
BardEngine: No options found at path "events.training.title" (Intensity: 2)
BardEngine: No options found at path "events.training.summary" (Intensity: 2)
BardEngine: No options found at path "events.training.title" (Intensity: 2)
BardEngine: No options found at path "events.training.summary" (Intensity: 2)
BardEngine: No options found at path "events.training.title" (Intensity: 2)
BardEngine: No options found at path "events.training.summary" (Intensity: 2)
BardEngine: No options found at path "events.training.title" (Intensity: 2)
BardEngine: No options found at path "events.training.summary" (Intensity: 2)
BardEngine: No options found at path "events.training.title" (Intensity: 2)
BardEngine: No options found at path "events.training.summary" (Intensity: 2)
BardEngine: No options found at path "events.training.title" (Intensity: 2)
BardEngine: No options found at path "events.training.summary" (Intensity: 2)
BardEngine: No options found at path "events.training.title" (Intensity: 2)
BardEngine: No options found at path "events.training.summary" (Intensity: 2)
BardEngine: No options found at path "events.training.title" (Intensity: 2)
BardEngine: No options found at path "events.training.summary" (Intensity: 2)
BardEngine: No options found at path "events.training.title" (Intensity: 2)
BardEngine: No options found at path "events.training.summary" (Intensity: 2)
BardEngine: No options found at path "events.training.title" (Intensity: 2)
BardEngine: No options found at path "events.training.summary" (Intensity: 2)
BardEngine: No options found at path "events.training.title" (Intensity: 2)
BardEngine: No options found at path "events.training.summary" (Intensity: 2)
BardEngine: No options found at path "events.training.title" (Intensity: 2)
BardEngine: No options found at path "events.training.summary" (Intensity: 2)
BardEngine: No options found at path "events.training.title" (Intensity: 2)
BardEngine: No options found at path "events.training.summary" (Intensity: 2)
BardEngine: No options found at path "events.training.title" (Intensity: 2)
BardEngine: No options found at path "events.training.summary" (Intensity: 2)
BardEngine: No options found at path "events.training.title" (Intensity: 2)
BardEngine: No options found at path "events.training.summary" (Intensity: 2)
BardEngine: No options found at path "events.training.title" (Intensity: 2)
BardEngine: No options found at path "events.training.summary" (Intensity: 2)
BardEngine: No options found at path "events.training.title" (Intensity: 2)
BardEngine: No options found at path "events.training.summary" (Intensity: 2)
BardEngine: No options found at path "events.training.title" (Intensity: 2)
BardEngine: No options found at path "events.training.summary" (Intensity: 2)
BardEngine: No options found at path "events.training.title" (Intensity: 2)
BardEngine: No options found at path "events.training.summary" (Intensity: 2)
BardEngine: No options found at path "events.training.title" (Intensity: 2)
BardEngine: No options found at path "events.training.summary" (Intensity: 2)
BardEngine: No options found at path "events.training.title" (Intensity: 2)
BardEngine: No options found at path "events.training.summary" (Intensity: 2)
BardEngine: No options found at path "events.training.title" (Intensity: 2)
BardEngine: No options found at path "events.training.summary" (Intensity: 2)
BardEngine: No options found at path "events.training.title" (Intensity: 2)
BardEngine: No options found at path "events.training.summary" (Intensity: 2)
BardEngine: No options found at path "events.training.title" (Intensity: 2)
BardEngine: No options found at path "events.training.summary" (Intensity: 2)
BardEngine: No options found at path "events.training.title" (Intensity: 2)
BardEngine: No options found at path "events.training.summary" (Intensity: 2)
BardEngine: No options found at path "events.lifecycle.title" (Intensity: 2)
BardEngine: No options found at path "events.lifecycle.summary" (Intensity: 2)
BardEngine: No options found at path "events.lifecycle.title" (Intensity: 2)
BardEngine: No options found at path "events.lifecycle.summary" (Intensity: 2)
[PIPELINE FATAL ERROR] in phase: "phase01_week_npc_ai" TypeError: object is not iterable (cannot read property Symbol(Symbol.iterator))
    at new Map (<anonymous>)
    at phase (/Users/amauricia/Documents/GitHub/sumo-manager-pro/src/engine/tick/phases/phase01_week_npc_ai.ts:29:30)
    at reduce (/Users/amauricia/Documents/GitHub/sumo-manager-pro/src/engine/tick/pipelineRunner.ts:37:25)
    at Array.reduce (<anonymous>)
    at runPipeline (/Users/amauricia/Documents/GitHub/sumo-manager-pro/src/engine/tick/pipelineRunner.ts:35:17)
    at advanceOneDay (/Users/amauricia/Documents/GitHub/sumo-manager-pro/src/engine/tick/tickDaily.ts:127:19)
    at /Users/amauricia/Documents/GitHub/sumo-manager-pro/src/engine/__tests__/simulationDeterminism.test.ts:104:16
    at file:///Users/amauricia/Documents/GitHub/sumo-manager-pro/node_modules/@vitest/runner/dist/chunk-artifact.js:302:11
    at file:///Users/amauricia/Documents/GitHub/sumo-manager-pro/node_modules/@vitest/runner/dist/chunk-artifact.js:1903:26
    at file:///Users/amauricia/Documents/GitHub/sumo-manager-pro/node_modules/@vitest/runner/dist/chunk-artifact.js:2326:20
BardEngine: No options found at path "events.basho.status_title" (Intensity: 2)
BardEngine: No options found at path "events.basho.status_summary" (Intensity: 2)
BardEngine: No options found at path "events.basho.status_title" (Intensity: 2)
BardEngine: No options found at path "events.basho.status_summary" (Intensity: 2)
BardEngine: No options found at path "events.training.title" (Intensity: 2)
BardEngine: No options found at path "events.training.summary" (Intensity: 2)
BardEngine: No options found at path "events.training.title" (Intensity: 2)
BardEngine: No options found at path "events.training.summary" (Intensity: 2)
BardEngine: No options found at path "events.training.title" (Intensity: 2)
BardEngine: No options found at path "events.training.summary" (Intensity: 2)
BardEngine: No options found at path "events.training.title" (Intensity: 2)
BardEngine: No options found at path "events.training.summary" (Intensity: 2)
BardEngine: No options found at path "events.training.title" (Intensity: 2)
BardEngine: No options found at path "events.training.summary" (Intensity: 2)
BardEngine: No options found at path "events.training.title" (Intensity: 2)
BardEngine: No options found at path "events.training.summary" (Intensity: 2)
BardEngine: No options found at path "events.training.title" (Intensity: 2)
BardEngine: No options found at path "events.training.summary" (Intensity: 2)
BardEngine: No options found at path "events.training.title" (Intensity: 2)
BardEngine: No options found at path "events.training.summary" (Intensity: 2)
BardEngine: No options found at path "events.training.title" (Intensity: 2)
BardEngine: No options found at path "events.training.summary" (Intensity: 2)
BardEngine: No options found at path "events.training.title" (Intensity: 2)
BardEngine: No options found at path "events.training.summary" (Intensity: 2)
BardEngine: No options found at path "events.training.title" (Intensity: 2)
BardEngine: No options found at path "events.training.summary" (Intensity: 2)
BardEngine: No options found at path "events.training.title" (Intensity: 2)
BardEngine: No options found at path "events.training.summary" (Intensity: 2)
BardEngine: No options found at path "events.training.title" (Intensity: 2)
BardEngine: No options found at path "events.training.summary" (Intensity: 2)
BardEngine: No options found at path "events.training.title" (Intensity: 2)
BardEngine: No options found at path "events.training.summary" (Intensity: 2)
BardEngine: No options found at path "events.training.title" (Intensity: 2)
BardEngine: No options found at path "events.training.summary" (Intensity: 2)
BardEngine: No options found at path "events.training.title" (Intensity: 2)
BardEngine: No options found at path "events.training.summary" (Intensity: 2)
BardEngine: No options found at path "events.training.title" (Intensity: 2)
BardEngine: No options found at path "events.training.summary" (Intensity: 2)
BardEngine: No options found at path "events.training.title" (Intensity: 2)
BardEngine: No options found at path "events.training.summary" (Intensity: 2)
BardEngine: No options found at path "events.training.title" (Intensity: 2)
BardEngine: No options found at path "events.training.summary" (Intensity: 2)
BardEngine: No options found at path "events.training.title" (Intensity: 2)
BardEngine: No options found at path "events.training.summary" (Intensity: 2)
BardEngine: No options found at path "events.training.title" (Intensity: 2)
BardEngine: No options found at path "events.training.summary" (Intensity: 2)
BardEngine: No options found at path "events.training.title" (Intensity: 2)
BardEngine: No options found at path "events.training.summary" (Intensity: 2)
BardEngine: No options found at path "events.training.title" (Intensity: 2)
BardEngine: No options found at path "events.training.summary" (Intensity: 2)
BardEngine: No options found at path "events.training.title" (Intensity: 2)
BardEngine: No options found at path "events.training.summary" (Intensity: 2)
BardEngine: No options found at path "events.training.title" (Intensity: 2)
BardEngine: No options found at path "events.training.summary" (Intensity: 2)
BardEngine: No options found at path "events.training.title" (Intensity: 2)
BardEngine: No options found at path "events.training.summary" (Intensity: 2)
BardEngine: No options found at path "events.training.title" (Intensity: 2)
BardEngine: No options found at path "events.training.summary" (Intensity: 2)
BardEngine: No options found at path "events.training.title" (Intensity: 2)
BardEngine: No options found at path "events.training.summary" (Intensity: 2)
BardEngine: No options found at path "events.training.title" (Intensity: 2)
BardEngine: No options found at path "events.training.summary" (Intensity: 2)
BardEngine: No options found at path "events.training.title" (Intensity: 2)
BardEngine: No options found at path "events.training.summary" (Intensity: 2)
BardEngine: No options found at path "events.training.title" (Intensity: 2)
BardEngine: No options found at path "events.training.summary" (Intensity: 2)
BardEngine: No options found at path "events.training.title" (Intensity: 2)
BardEngine: No options found at path "events.training.summary" (Intensity: 2)
BardEngine: No options found at path "events.training.title" (Intensity: 2)
BardEngine: No options found at path "events.training.summary" (Intensity: 2)
BardEngine: No options found at path "events.training.title" (Intensity: 2)
BardEngine: No options found at path "events.training.summary" (Intensity: 2)
BardEngine: No options found at path "events.training.title" (Intensity: 2)
BardEngine: No options found at path "events.training.summary" (Intensity: 2)
BardEngine: No options found at path "events.training.title" (Intensity: 2)
BardEngine: No options found at path "events.training.summary" (Intensity: 2)
BardEngine: No options found at path "events.training.title" (Intensity: 2)
BardEngine: No options found at path "events.training.summary" (Intensity: 2)
BardEngine: No options found at path "events.training.title" (Intensity: 2)
BardEngine: No options found at path "events.training.summary" (Intensity: 2)
BardEngine: No options found at path "events.training.title" (Intensity: 2)
BardEngine: No options found at path "events.training.summary" (Intensity: 2)
BardEngine: No options found at path "events.training.title" (Intensity: 2)
BardEngine: No options found at path "events.training.summary" (Intensity: 2)
BardEngine: No options found at path "events.training.title" (Intensity: 2)
BardEngine: No options found at path "events.training.summary" (Intensity: 2)
BardEngine: No options found at path "events.training.title" (Intensity: 2)
BardEngine: No options found at path "events.training.summary" (Intensity: 2)
BardEngine: No options found at path "events.training.title" (Intensity: 2)
BardEngine: No options found at path "events.training.summary" (Intensity: 2)
BardEngine: No options found at path "events.training.title" (Intensity: 2)
BardEngine: No options found at path "events.training.summary" (Intensity: 2)
BardEngine: No options found at path "events.training.title" (Intensity: 2)
BardEngine: No options found at path "events.training.summary" (Intensity: 2)
BardEngine: No options found at path "events.training.title" (Intensity: 2)
BardEngine: No options found at path "events.training.summary" (Intensity: 2)
BardEngine: No options found at path "events.training.title" (Intensity: 2)
BardEngine: No options found at path "events.training.summary" (Intensity: 2)
BardEngine: No options found at path "events.training.title" (Intensity: 2)
BardEngine: No options found at path "events.training.summary" (Intensity: 2)
BardEngine: No options found at path "events.training.title" (Intensity: 2)
BardEngine: No options found at path "events.training.summary" (Intensity: 2)
BardEngine: No options found at path "events.training.title" (Intensity: 2)
BardEngine: No options found at path "events.training.summary" (Intensity: 2)
BardEngine: No options found at path "events.training.title" (Intensity: 2)
BardEngine: No options found at path "events.training.summary" (Intensity: 2)
BardEngine: No options found at path "events.training.title" (Intensity: 2)
BardEngine: No options found at path "events.training.summary" (Intensity: 2)
BardEngine: No options found at path "events.training.title" (Intensity: 2)
BardEngine: No options found at path "events.training.summary" (Intensity: 2)
BardEngine: No options found at path "events.training.title" (Intensity: 2)
BardEngine: No options found at path "events.training.summary" (Intensity: 2)
BardEngine: No options found at path "events.training.title" (Intensity: 2)
BardEngine: No options found at path "events.training.summary" (Intensity: 2)
BardEngine: No options found at path "events.training.title" (Intensity: 2)
BardEngine: No options found at path "events.training.summary" (Intensity: 2)
BardEngine: No options found at path "events.training.title" (Intensity: 2)
BardEngine: No options found at path "events.training.summary" (Intensity: 2)
BardEngine: No options found at path "events.training.title" (Intensity: 2)
BardEngine: No options found at path "events.training.summary" (Intensity: 2)
BardEngine: No options found at path "events.training.title" (Intensity: 2)
BardEngine: No options found at path "events.training.summary" (Intensity: 2)
BardEngine: No options found at path "events.training.title" (Intensity: 2)
BardEngine: No options found at path "events.training.summary" (Intensity: 2)
BardEngine: No options found at path "events.training.title" (Intensity: 2)
BardEngine: No options found at path "events.training.summary" (Intensity: 2)
BardEngine: No options found at path "events.training.title" (Intensity: 2)
BardEngine: No options found at path "events.training.summary" (Intensity: 2)
BardEngine: No options found at path "events.training.title" (Intensity: 2)
BardEngine: No options found at path "events.training.summary" (Intensity: 2)
BardEngine: No options found at path "events.training.title" (Intensity: 2)
BardEngine: No options found at path "events.training.summary" (Intensity: 2)
BardEngine: No options found at path "events.training.title" (Intensity: 2)
BardEngine: No options found at path "events.training.summary" (Intensity: 2)
BardEngine: No options found at path "events.lifecycle.title" (Intensity: 2)
BardEngine: No options found at path "events.lifecycle.summary" (Intensity: 2)
BardEngine: No options found at path "events.lifecycle.title" (Intensity: 2)
BardEngine: No options found at path "events.lifecycle.summary" (Intensity: 2)
BardEngine: No options found at path "events.lifecycle.title" (Intensity: 2)
BardEngine: No options found at path "events.lifecycle.summary" (Intensity: 2)
BardEngine: No options found at path "events.lifecycle.title" (Intensity: 2)
BardEngine: No options found at path "events.lifecycle.summary" (Intensity: 2)
[PIPELINE FATAL ERROR] in phase: "phase01_week_npc_ai" TypeError: object is not iterable (cannot read property Symbol(Symbol.iterator))
    at new Map (<anonymous>)
    at phase (/Users/amauricia/Documents/GitHub/sumo-manager-pro/src/engine/tick/phases/phase01_week_npc_ai.ts:29:30)
    at reduce (/Users/amauricia/Documents/GitHub/sumo-manager-pro/src/engine/tick/pipelineRunner.ts:37:25)
    at Array.reduce (<anonymous>)
    at runPipeline (/Users/amauricia/Documents/GitHub/sumo-manager-pro/src/engine/tick/pipelineRunner.ts:35:17)
    at advanceOneDay (/Users/amauricia/Documents/GitHub/sumo-manager-pro/src/engine/tick/tickDaily.ts:127:19)
    at /Users/amauricia/Documents/GitHub/sumo-manager-pro/src/engine/__tests__/simulationDeterminism.test.ts:105:16
    at file:///Users/amauricia/Documents/GitHub/sumo-manager-pro/node_modules/@vitest/runner/dist/chunk-artifact.js:302:11
    at file:///Users/amauricia/Documents/GitHub/sumo-manager-pro/node_modules/@vitest/runner/dist/chunk-artifact.js:1903:26
    at file:///Users/amauricia/Documents/GitHub/sumo-manager-pro/node_modules/@vitest/runner/dist/chunk-artifact.js:2326:20
[PIPELINE FATAL ERROR] in phase: "phase01_week_npc_ai" TypeError: object is not iterable (cannot read property Symbol(Symbol.iterator))
    at new Map (<anonymous>)
    at phase (/Users/amauricia/Documents/GitHub/sumo-manager-pro/src/engine/tick/phases/phase01_week_npc_ai.ts:29:30)
    at reduce (/Users/amauricia/Documents/GitHub/sumo-manager-pro/src/engine/tick/pipelineRunner.ts:37:25)
    at Array.reduce (<anonymous>)
    at runPipeline (/Users/amauricia/Documents/GitHub/sumo-manager-pro/src/engine/tick/pipelineRunner.ts:35:17)
    at advanceOneDay (/Users/amauricia/Documents/GitHub/sumo-manager-pro/src/engine/tick/tickDaily.ts:127:19)
    at /Users/amauricia/Documents/GitHub/sumo-manager-pro/src/engine/__tests__/simulationDeterminism.test.ts:104:16
    at file:///Users/amauricia/Documents/GitHub/sumo-manager-pro/node_modules/@vitest/runner/dist/chunk-artifact.js:302:11
    at file:///Users/amauricia/Documents/GitHub/sumo-manager-pro/node_modules/@vitest/runner/dist/chunk-artifact.js:1903:26
    at file:///Users/amauricia/Documents/GitHub/sumo-manager-pro/node_modules/@vitest/runner/dist/chunk-artifact.js:2326:20
[PIPELINE FATAL ERROR] in phase: "phase01_week_npc_ai" TypeError: object is not iterable (cannot read property Symbol(Symbol.iterator))
    at new Map (<anonymous>)
    at phase (/Users/amauricia/Documents/GitHub/sumo-manager-pro/src/engine/tick/phases/phase01_week_npc_ai.ts:29:30)
    at reduce (/Users/amauricia/Documents/GitHub/sumo-manager-pro/src/engine/tick/pipelineRunner.ts:37:25)
    at Array.reduce (<anonymous>)
    at runPipeline (/Users/amauricia/Documents/GitHub/sumo-manager-pro/src/engine/tick/pipelineRunner.ts:35:17)
    at advanceOneDay (/Users/amauricia/Documents/GitHub/sumo-manager-pro/src/engine/tick/tickDaily.ts:127:19)
    at /Users/amauricia/Documents/GitHub/sumo-manager-pro/src/engine/__tests__/simulationDeterminism.test.ts:105:16
    at file:///Users/amauricia/Documents/GitHub/sumo-manager-pro/node_modules/@vitest/runner/dist/chunk-artifact.js:302:11
    at file:///Users/amauricia/Documents/GitHub/sumo-manager-pro/node_modules/@vitest/runner/dist/chunk-artifact.js:1903:26
    at file:///Users/amauricia/Documents/GitHub/sumo-manager-pro/node_modules/@vitest/runner/dist/chunk-artifact.js:2326:20
[PIPELINE FATAL ERROR] in phase: "phase01_week_npc_ai" TypeError: object is not iterable (cannot read property Symbol(Symbol.iterator))
    at new Map (<anonymous>)
    at phase (/Users/amauricia/Documents/GitHub/sumo-manager-pro/src/engine/tick/phases/phase01_week_npc_ai.ts:29:30)
    at reduce (/Users/amauricia/Documents/GitHub/sumo-manager-pro/src/engine/tick/pipelineRunner.ts:37:25)
    at Array.reduce (<anonymous>)
    at runPipeline (/Users/amauricia/Documents/GitHub/sumo-manager-pro/src/engine/tick/pipelineRunner.ts:35:17)
    at advanceOneDay (/Users/amauricia/Documents/GitHub/sumo-manager-pro/src/engine/tick/tickDaily.ts:127:19)
    at /Users/amauricia/Documents/GitHub/sumo-manager-pro/src/engine/__tests__/simulationDeterminism.test.ts:104:16
    at file:///Users/amauricia/Documents/GitHub/sumo-manager-pro/node_modules/@vitest/runner/dist/chunk-artifact.js:302:11
    at file:///Users/amauricia/Documents/GitHub/sumo-manager-pro/node_modules/@vitest/runner/dist/chunk-artifact.js:1903:26
    at file:///Users/amauricia/Documents/GitHub/sumo-manager-pro/node_modules/@vitest/runner/dist/chunk-artifact.js:2326:20
[PIPELINE FATAL ERROR] in phase: "phase01_week_npc_ai" TypeError: object is not iterable (cannot read property Symbol(Symbol.iterator))
    at new Map (<anonymous>)
    at phase (/Users/amauricia/Documents/GitHub/sumo-manager-pro/src/engine/tick/phases/phase01_week_npc_ai.ts:29:30)
    at reduce (/Users/amauricia/Documents/GitHub/sumo-manager-pro/src/engine/tick/pipelineRunner.ts:37:25)
    at Array.reduce (<anonymous>)
    at runPipeline (/Users/amauricia/Documents/GitHub/sumo-manager-pro/src/engine/tick/pipelineRunner.ts:35:17)
    at advanceOneDay (/Users/amauricia/Documents/GitHub/sumo-manager-pro/src/engine/tick/tickDaily.ts:127:19)
    at /Users/amauricia/Documents/GitHub/sumo-manager-pro/src/engine/__tests__/simulationDeterminism.test.ts:105:16
    at file:///Users/amauricia/Documents/GitHub/sumo-manager-pro/node_modules/@vitest/runner/dist/chunk-artifact.js:302:11
    at file:///Users/amauricia/Documents/GitHub/sumo-manager-pro/node_modules/@vitest/runner/dist/chunk-artifact.js:1903:26
    at file:///Users/amauricia/Documents/GitHub/sumo-manager-pro/node_modules/@vitest/runner/dist/chunk-artifact.js:2326:20
[PIPELINE FATAL ERROR] in phase: "phase01_week_npc_ai" TypeError: object is not iterable (cannot read property Symbol(Symbol.iterator))
    at new Map (<anonymous>)
    at phase (/Users/amauricia/Documents/GitHub/sumo-manager-pro/src/engine/tick/phases/phase01_week_npc_ai.ts:29:30)
    at reduce (/Users/amauricia/Documents/GitHub/sumo-manager-pro/src/engine/tick/pipelineRunner.ts:37:25)
    at Array.reduce (<anonymous>)
    at runPipeline (/Users/amauricia/Documents/GitHub/sumo-manager-pro/src/engine/tick/pipelineRunner.ts:35:17)
    at advanceOneDay (/Users/amauricia/Documents/GitHub/sumo-manager-pro/src/engine/tick/tickDaily.ts:127:19)
    at /Users/amauricia/Documents/GitHub/sumo-manager-pro/src/engine/__tests__/simulationDeterminism.test.ts:104:16
    at file:///Users/amauricia/Documents/GitHub/sumo-manager-pro/node_modules/@vitest/runner/dist/chunk-artifact.js:302:11
    at file:///Users/amauricia/Documents/GitHub/sumo-manager-pro/node_modules/@vitest/runner/dist/chunk-artifact.js:1903:26
    at file:///Users/amauricia/Documents/GitHub/sumo-manager-pro/node_modules/@vitest/runner/dist/chunk-artifact.js:2326:20
[PIPELINE FATAL ERROR] in phase: "phase01_week_npc_ai" TypeError: object is not iterable (cannot read property Symbol(Symbol.iterator))
    at new Map (<anonymous>)
    at phase (/Users/amauricia/Documents/GitHub/sumo-manager-pro/src/engine/tick/phases/phase01_week_npc_ai.ts:29:30)
    at reduce (/Users/amauricia/Documents/GitHub/sumo-manager-pro/src/engine/tick/pipelineRunner.ts:37:25)
    at Array.reduce (<anonymous>)
    at runPipeline (/Users/amauricia/Documents/GitHub/sumo-manager-pro/src/engine/tick/pipelineRunner.ts:35:17)
    at advanceOneDay (/Users/amauricia/Documents/GitHub/sumo-manager-pro/src/engine/tick/tickDaily.ts:127:19)
    at /Users/amauricia/Documents/GitHub/sumo-manager-pro/src/engine/__tests__/simulationDeterminism.test.ts:105:16
    at file:///Users/amauricia/Documents/GitHub/sumo-manager-pro/node_modules/@vitest/runner/dist/chunk-artifact.js:302:11
    at file:///Users/amauricia/Documents/GitHub/sumo-manager-pro/node_modules/@vitest/runner/dist/chunk-artifact.js:1903:26
    at file:///Users/amauricia/Documents/GitHub/sumo-manager-pro/node_modules/@vitest/runner/dist/chunk-artifact.js:2326:20
[PIPELINE FATAL ERROR] in phase: "phase01_week_npc_ai" TypeError: object is not iterable (cannot read property Symbol(Symbol.iterator))
    at new Map (<anonymous>)
    at phase (/Users/amauricia/Documents/GitHub/sumo-manager-pro/src/engine/tick/phases/phase01_week_npc_ai.ts:29:30)
    at reduce (/Users/amauricia/Documents/GitHub/sumo-manager-pro/src/engine/tick/pipelineRunner.ts:37:25)
    at Array.reduce (<anonymous>)
    at runPipeline (/Users/amauricia/Documents/GitHub/sumo-manager-pro/src/engine/tick/pipelineRunner.ts:35:17)
    at advanceOneDay (/Users/amauricia/Documents/GitHub/sumo-manager-pro/src/engine/tick/tickDaily.ts:127:19)
    at /Users/amauricia/Documents/GitHub/sumo-manager-pro/src/engine/__tests__/simulationDeterminism.test.ts:104:16
    at file:///Users/amauricia/Documents/GitHub/sumo-manager-pro/node_modules/@vitest/runner/dist/chunk-artifact.js:302:11
    at file:///Users/amauricia/Documents/GitHub/sumo-manager-pro/node_modules/@vitest/runner/dist/chunk-artifact.js:1903:26
    at file:///Users/amauricia/Documents/GitHub/sumo-manager-pro/node_modules/@vitest/runner/dist/chunk-artifact.js:2326:20
BardEngine: No options found at path "events.basho.status_title" (Intensity: 2)
BardEngine: No options found at path "events.basho.status_summary" (Intensity: 2)
[PIPELINE FATAL ERROR] in phase: "phase01_week_npc_ai" TypeError: object is not iterable (cannot read property Symbol(Symbol.iterator))
    at new Map (<anonymous>)
    at phase (/Users/amauricia/Documents/GitHub/sumo-manager-pro/src/engine/tick/phases/phase01_week_npc_ai.ts:29:30)
    at reduce (/Users/amauricia/Documents/GitHub/sumo-manager-pro/src/engine/tick/pipelineRunner.ts:37:25)
    at Array.reduce (<anonymous>)
    at runPipeline (/Users/amauricia/Documents/GitHub/sumo-manager-pro/src/engine/tick/pipelineRunner.ts:35:17)
    at advanceOneDay (/Users/amauricia/Documents/GitHub/sumo-manager-pro/src/engine/tick/tickDaily.ts:127:19)
    at /Users/amauricia/Documents/GitHub/sumo-manager-pro/src/engine/__tests__/simulationDeterminism.test.ts:105:16
    at file:///Users/amauricia/Documents/GitHub/sumo-manager-pro/node_modules/@vitest/runner/dist/chunk-artifact.js:302:11
    at file:///Users/amauricia/Documents/GitHub/sumo-manager-pro/node_modules/@vitest/runner/dist/chunk-artifact.js:1903:26
    at file:///Users/amauricia/Documents/GitHub/sumo-manager-pro/node_modules/@vitest/runner/dist/chunk-artifact.js:2326:20
BardEngine: No options found at path "events.basho.status_title" (Intensity: 2)
BardEngine: No options found at path "events.basho.status_summary" (Intensity: 2)
[PIPELINE FATAL ERROR] in phase: "phase01_week_npc_ai" TypeError: object is not iterable (cannot read property Symbol(Symbol.iterator))
    at new Map (<anonymous>)
    at phase (/Users/amauricia/Documents/GitHub/sumo-manager-pro/src/engine/tick/phases/phase01_week_npc_ai.ts:29:30)
    at reduce (/Users/amauricia/Documents/GitHub/sumo-manager-pro/src/engine/tick/pipelineRunner.ts:37:25)
    at Array.reduce (<anonymous>)
    at runPipeline (/Users/amauricia/Documents/GitHub/sumo-manager-pro/src/engine/tick/pipelineRunner.ts:35:17)
    at advanceOneDay (/Users/amauricia/Documents/GitHub/sumo-manager-pro/src/engine/tick/tickDaily.ts:127:19)
    at /Users/amauricia/Documents/GitHub/sumo-manager-pro/src/engine/__tests__/simulationDeterminism.test.ts:104:16
    at file:///Users/amauricia/Documents/GitHub/sumo-manager-pro/node_modules/@vitest/runner/dist/chunk-artifact.js:302:11
    at file:///Users/amauricia/Documents/GitHub/sumo-manager-pro/node_modules/@vitest/runner/dist/chunk-artifact.js:1903:26
    at file:///Users/amauricia/Documents/GitHub/sumo-manager-pro/node_modules/@vitest/runner/dist/chunk-artifact.js:2326:20
[PIPELINE FATAL ERROR] in phase: "phase01_week_npc_ai" TypeError: object is not iterable (cannot read property Symbol(Symbol.iterator))
    at new Map (<anonymous>)
    at phase (/Users/amauricia/Documents/GitHub/sumo-manager-pro/src/engine/tick/phases/phase01_week_npc_ai.ts:29:30)
    at reduce (/Users/amauricia/Documents/GitHub/sumo-manager-pro/src/engine/tick/pipelineRunner.ts:37:25)
    at Array.reduce (<anonymous>)
    at runPipeline (/Users/amauricia/Documents/GitHub/sumo-manager-pro/src/engine/tick/pipelineRunner.ts:35:17)
    at advanceOneDay (/Users/amauricia/Documents/GitHub/sumo-manager-pro/src/engine/tick/tickDaily.ts:127:19)
    at /Users/amauricia/Documents/GitHub/sumo-manager-pro/src/engine/__tests__/simulationDeterminism.test.ts:105:16
    at file:///Users/amauricia/Documents/GitHub/sumo-manager-pro/node_modules/@vitest/runner/dist/chunk-artifact.js:302:11
    at file:///Users/amauricia/Documents/GitHub/sumo-manager-pro/node_modules/@vitest/runner/dist/chunk-artifact.js:1903:26
    at file:///Users/amauricia/Documents/GitHub/sumo-manager-pro/node_modules/@vitest/runner/dist/chunk-artifact.js:2326:20
[PIPELINE FATAL ERROR] in phase: "phase01_week_npc_ai" TypeError: object is not iterable (cannot read property Symbol(Symbol.iterator))
    at new Map (<anonymous>)
    at phase (/Users/amauricia/Documents/GitHub/sumo-manager-pro/src/engine/tick/phases/phase01_week_npc_ai.ts:29:30)
    at reduce (/Users/amauricia/Documents/GitHub/sumo-manager-pro/src/engine/tick/pipelineRunner.ts:37:25)
    at Array.reduce (<anonymous>)
    at runPipeline (/Users/amauricia/Documents/GitHub/sumo-manager-pro/src/engine/tick/pipelineRunner.ts:35:17)
    at advanceOneDay (/Users/amauricia/Documents/GitHub/sumo-manager-pro/src/engine/tick/tickDaily.ts:127:19)
    at /Users/amauricia/Documents/GitHub/sumo-manager-pro/src/engine/__tests__/simulationDeterminism.test.ts:104:16
    at file:///Users/amauricia/Documents/GitHub/sumo-manager-pro/node_modules/@vitest/runner/dist/chunk-artifact.js:302:11
    at file:///Users/amauricia/Documents/GitHub/sumo-manager-pro/node_modules/@vitest/runner/dist/chunk-artifact.js:1903:26
    at file:///Users/amauricia/Documents/GitHub/sumo-manager-pro/node_modules/@vitest/runner/dist/chunk-artifact.js:2326:20
[PIPELINE FATAL ERROR] in phase: "phase01_week_npc_ai" TypeError: object is not iterable (cannot read property Symbol(Symbol.iterator))
    at new Map (<anonymous>)
    at phase (/Users/amauricia/Documents/GitHub/sumo-manager-pro/src/engine/tick/phases/phase01_week_npc_ai.ts:29:30)
    at reduce (/Users/amauricia/Documents/GitHub/sumo-manager-pro/src/engine/tick/pipelineRunner.ts:37:25)
    at Array.reduce (<anonymous>)
    at runPipeline (/Users/amauricia/Documents/GitHub/sumo-manager-pro/src/engine/tick/pipelineRunner.ts:35:17)
    at advanceOneDay (/Users/amauricia/Documents/GitHub/sumo-manager-pro/src/engine/tick/tickDaily.ts:127:19)
    at /Users/amauricia/Documents/GitHub/sumo-manager-pro/src/engine/__tests__/simulationDeterminism.test.ts:105:16
    at file:///Users/amauricia/Documents/GitHub/sumo-manager-pro/node_modules/@vitest/runner/dist/chunk-artifact.js:302:11
    at file:///Users/amauricia/Documents/GitHub/sumo-manager-pro/node_modules/@vitest/runner/dist/chunk-artifact.js:1903:26
    at file:///Users/amauricia/Documents/GitHub/sumo-manager-pro/node_modules/@vitest/runner/dist/chunk-artifact.js:2326:20

 ✓ src/engine/__tests__/simulationDeterminism.test.ts (4 tests) 4271ms
     ✓ produces identical checksum at day 50 on two independent runs  1240ms
     ✓ produces identical checksum at day 100 on two independent runs  1918ms
     ✓ day-50 checkpoint in a 100-day run matches standalone 50-day run  628ms
     ✓ different seeds produce different checksums at day 50  479ms

⎯⎯⎯⎯⎯⎯ Failed Suites 6 ⎯⎯⎯⎯⎯⎯⎯

 FAIL  src/__tests__/routes.test.tsx [ src/__tests__/routes.test.tsx ]
Error: Failed to resolve import "../tick/orchestrator" from "src/engine/persistence/SerializationService.ts". Does the file exist?
  Plugin: vite:import-analysis
  File: /Users/amauricia/Documents/GitHub/sumo-manager-pro/src/engine/persistence/SerializationService.ts:2:40
  1  |  import { stableTieBreak } from "../utils/sort";
  2  |  import { rebuildTransientContext } from "../tick/orchestrator";
     |                                           ^
  3  |  /**
  4  |   * Serialization Service handles the transformation between runtime Maps
 ❯ TransformPluginContext._formatLog node_modules/vitest/node_modules/vite/dist/node/chunks/node.js:30354:39
 ❯ TransformPluginContext.error node_modules/vitest/node_modules/vite/dist/node/chunks/node.js:30351:14
 ❯ normalizeUrl node_modules/vitest/node_modules/vite/dist/node/chunks/node.js:27633:18
 ❯ node_modules/vitest/node_modules/vite/dist/node/chunks/node.js:27696:30
 ❯ TransformPluginContext.transform node_modules/vitest/node_modules/vite/dist/node/chunks/node.js:27664:4
 ❯ EnvironmentPluginContainer.transform node_modules/vitest/node_modules/vite/dist/node/chunks/node.js:30143:14
 ❯ loadAndTransform node_modules/vitest/node_modules/vite/dist/node/chunks/node.js:24468:26

⎯⎯⎯⎯⎯⎯⎯⎯⎯⎯⎯⎯⎯⎯⎯⎯⎯⎯⎯⎯⎯⎯⎯[1/21]⎯

 FAIL  src/contexts/__tests__/financeSlice.test.ts [ src/contexts/__tests__/financeSlice.test.ts ]
Error: Failed to resolve import "@/engine/tick/tickOrchestrator" from "src/contexts/financeSlice.ts". Does the file exist?
  Plugin: vite:import-analysis
  File: /Users/amauricia/Documents/GitHub/sumo-manager-pro/src/contexts/financeSlice.ts:1:34
  1  |  import { cloneWorldForTick } from "@/engine/tick/tickOrchestrator";
     |                                     ^
  2  |  import { investInFacility } from "@/engine/facilities";
  3  |  import { hireStaff } from "@/engine/staff";
 ❯ TransformPluginContext._formatLog node_modules/vitest/node_modules/vite/dist/node/chunks/node.js:30354:39
 ❯ TransformPluginContext.error node_modules/vitest/node_modules/vite/dist/node/chunks/node.js:30351:14
 ❯ normalizeUrl node_modules/vitest/node_modules/vite/dist/node/chunks/node.js:27633:18
 ❯ node_modules/vitest/node_modules/vite/dist/node/chunks/node.js:27696:30
 ❯ TransformPluginContext.transform node_modules/vitest/node_modules/vite/dist/node/chunks/node.js:27664:4
 ❯ EnvironmentPluginContainer.transform node_modules/vitest/node_modules/vite/dist/node/chunks/node.js:30143:14
 ❯ loadAndTransform node_modules/vitest/node_modules/vite/dist/node/chunks/node.js:24468:26

⎯⎯⎯⎯⎯⎯⎯⎯⎯⎯⎯⎯⎯⎯⎯⎯⎯⎯⎯⎯⎯⎯⎯[2/21]⎯

 FAIL  src/contexts/__tests__/gameReducer.test.ts [ src/contexts/__tests__/gameReducer.test.ts ]
Error: Failed to resolve import "@/engine/tick/tickOrchestrator" from "src/contexts/gameReducer.ts". Does the file exist?
  Plugin: vite:import-analysis
  File: /Users/amauricia/Documents/GitHub/sumo-manager-pro/src/contexts/gameReducer.ts:18:52
  12 |  import { bashoSlice } from "./bashoSlice";
  13 |  import { mediaSlice } from "./mediaSlice";
  14 |  import { tickOrchestrator } from "@/engine/tick/tickOrchestrator";
     |                                    ^
  15 |  import { advanceOneDay } from "@/engine/tick/tickDaily";
  16 |  /** 
 ❯ TransformPluginContext._formatLog node_modules/vitest/node_modules/vite/dist/node/chunks/node.js:30354:39
 ❯ TransformPluginContext.error node_modules/vitest/node_modules/vite/dist/node/chunks/node.js:30351:14
 ❯ normalizeUrl node_modules/vitest/node_modules/vite/dist/node/chunks/node.js:27633:18
 ❯ node_modules/vitest/node_modules/vite/dist/node/chunks/node.js:27696:30
 ❯ TransformPluginContext.transform node_modules/vitest/node_modules/vite/dist/node/chunks/node.js:27664:4
 ❯ EnvironmentPluginContainer.transform node_modules/vitest/node_modules/vite/dist/node/chunks/node.js:30143:14
 ❯ loadAndTransform node_modules/vitest/node_modules/vite/dist/node/chunks/node.js:24468:26

⎯⎯⎯⎯⎯⎯⎯⎯⎯⎯⎯⎯⎯⎯⎯⎯⎯⎯⎯⎯⎯⎯⎯[3/21]⎯

 FAIL  src/presenters/__tests__/selectors.test.ts [ src/presenters/__tests__/selectors.test.ts ]
 FAIL  src/presenters/__tests__/uiDigest.test.ts [ src/presenters/__tests__/uiDigest.test.ts ]
Error:   x Expression expected
     ,-[/Users/amauricia/Documents/GitHub/sumo-manager-pro/src/engine/systems/recruitment/ScoutingService.ts:153:1]
 150 |   },
 151 | 
 152 |   }
 153 | };
     : ^
     `----


Caused by:
    Syntax Error
  Plugin: vite:react-swc
  File: /Users/amauricia/Documents/GitHub/sumo-manager-pro/src/engine/systems/recruitment/ScoutingService.ts
⎯⎯⎯⎯⎯⎯⎯⎯⎯⎯⎯⎯⎯⎯⎯⎯⎯⎯⎯⎯⎯⎯⎯[4/21]⎯

 FAIL  src/engine/__tests__/events.test.ts [ src/engine/__tests__/events.test.ts ]
Error:   x Expected '}', got '<eof>'
     ,-[/Users/amauricia/Documents/GitHub/sumo-manager-pro/src/engine/__tests__/events.test.ts:278:5]
 276 |     });
 277 |   });
 278 | });
     `----
  x Expected ',', got '<eof>'
     ,-[/Users/amauricia/Documents/GitHub/sumo-manager-pro/src/engine/__tests__/events.test.ts:278:5]
 276 |     });
 277 |   });
 278 | });
     `----


Caused by:
    Syntax Error
  Plugin: vite:react-swc
  File: /Users/amauricia/Documents/GitHub/sumo-manager-pro/src/engine/__tests__/events.test.ts
⎯⎯⎯⎯⎯⎯⎯⎯⎯⎯⎯⎯⎯⎯⎯⎯⎯⎯⎯⎯⎯⎯⎯[5/21]⎯


⎯⎯⎯⎯⎯⎯ Failed Tests 15 ⎯⎯⎯⎯⎯⎯⎯

 FAIL  src/presenters/__tests__/rikishiUI.test.ts > projectRosterEntry > should map base rikishi properties correctly
AssertionError: expected undefined to be defined
 ❯ src/presenters/__tests__/rikishiUI.test.ts:98:34
     96|     expect(entry.balanceBand).toEqual(expect.any(String));
     97|     expect(entry.potentialBand).toEqual(expect.any(String));
     98|     expect(entry.archetypeLabel).toBeDefined();
       |                                  ^
     99|   });
    100|

⎯⎯⎯⎯⎯⎯⎯⎯⎯⎯⎯⎯⎯⎯⎯⎯⎯⎯⎯⎯⎯⎯⎯[6/21]⎯

 FAIL  src/engine/__tests__/h2h.test.ts > generateH2HCommentary > is deterministic for identical inputs
AssertionError: expected 'A true rivalry! The record stands at …' to be 'Neither man has been able to gain a d…' // Object.is equality

Expected: "Neither man has been able to gain a decisive edge in this series."
Received: "A true rivalry! The record stands at 5 wins to 5."

 ❯ src/engine/__tests__/h2h.test.ts:260:41
    258|     const b = mockRikishi("b");
    259|
    260|     expect(generateH2HCommentary(a, b)).toBe(generateH2HCommentary(a, …
       |                                         ^
    261|   });
    262| });

⎯⎯⎯⎯⎯⎯⎯⎯⎯⎯⎯⎯⎯⎯⎯⎯⎯⎯⎯⎯⎯⎯⎯[7/21]⎯

 FAIL  src/test/engine/utils/string.test.ts > String Utilities > formatCurrency > should format a number as Japanese Yen
AssertionError: expected '¥1,000' to be '￥1,000' // Object.is equality

Expected: "￥1,000"
Received: "¥1,000"

 ❯ src/test/engine/utils/string.test.ts:23:36
     21|   describe('formatCurrency', () => {
     22|     it('should format a number as Japanese Yen', () => {
     23|       expect(formatCurrency(1000)).toBe('￥1,000');
       |                                    ^
     24|     });
     25|

⎯⎯⎯⎯⎯⎯⎯⎯⎯⎯⎯⎯⎯⎯⎯⎯⎯⎯⎯⎯⎯⎯⎯[8/21]⎯

 FAIL  src/test/engine/utils/string.test.ts > String Utilities > formatCurrency > should format 0 as Japanese Yen
AssertionError: expected '¥0' to be '￥0' // Object.is equality

Expected: "￥0"
Received: "¥0"

 ❯ src/test/engine/utils/string.test.ts:27:33
     25|
     26|     it('should format 0 as Japanese Yen', () => {
     27|       expect(formatCurrency(0)).toBe('￥0');
       |                                 ^
     28|     });
     29|

⎯⎯⎯⎯⎯⎯⎯⎯⎯⎯⎯⎯⎯⎯⎯⎯⎯⎯⎯⎯⎯⎯⎯[9/21]⎯

 FAIL  src/test/engine/utils/string.test.ts > String Utilities > formatCurrency > should format negative numbers as Japanese Yen
AssertionError: expected '-¥1,000' to be '-￥1,000' // Object.is equality

Expected: "-￥1,000"
Received: "-¥1,000"

 ❯ src/test/engine/utils/string.test.ts:31:37
     29|
     30|     it('should format negative numbers as Japanese Yen', () => {
     31|       expect(formatCurrency(-1000)).toBe('-￥1,000');
       |                                     ^
     32|     });
     33|   });

⎯⎯⎯⎯⎯⎯⎯⎯⎯⎯⎯⎯⎯⎯⎯⎯⎯⎯⎯⎯⎯⎯[10/21]⎯

 FAIL  src/engine/__tests__/governance/GovernanceService.test.ts > reportScandal — score bumps > adds 5 for minor severity
TypeError: Cannot read properties of undefined (reading 'mediaState')
 ❯ generateGovernanceHeadline src/engine/systems/media/MediaService.ts:321:14
    319| }): void {
    320|   const { world, heyaId, templatePath, severity = 'minor' } = args;
    321|   if (!world.mediaState) return;
       |              ^
    322|
    323|   const heya = world.heyas.get(heyaId);
 ❯ reportScandal src/engine/governance/GovernanceService.ts:48:3
 ❯ src/engine/__tests__/governance/GovernanceService.test.ts:33:5

⎯⎯⎯⎯⎯⎯⎯⎯⎯⎯⎯⎯⎯⎯⎯⎯⎯⎯⎯⎯⎯⎯[11/21]⎯

 FAIL  src/engine/__tests__/governance/GovernanceService.test.ts > reportScandal — score bumps > adds 15 for major severity
TypeError: Cannot read properties of undefined (reading 'mediaState')
 ❯ generateGovernanceHeadline src/engine/systems/media/MediaService.ts:321:14
    319| }): void {
    320|   const { world, heyaId, templatePath, severity = 'minor' } = args;
    321|   if (!world.mediaState) return;
       |              ^
    322|
    323|   const heya = world.heyas.get(heyaId);
 ❯ reportScandal src/engine/governance/GovernanceService.ts:48:3
 ❯ src/engine/__tests__/governance/GovernanceService.test.ts:39:5

⎯⎯⎯⎯⎯⎯⎯⎯⎯⎯⎯⎯⎯⎯⎯⎯⎯⎯⎯⎯⎯⎯[12/21]⎯

 FAIL  src/engine/__tests__/governance/GovernanceService.test.ts > reportScandal — score bumps > adds 30 for critical severity
TypeError: Cannot read properties of undefined (reading 'mediaState')
 ❯ generateGovernanceHeadline src/engine/systems/media/MediaService.ts:321:14
    319| }): void {
    320|   const { world, heyaId, templatePath, severity = 'minor' } = args;
    321|   if (!world.mediaState) return;
       |              ^
    322|
    323|   const heya = world.heyas.get(heyaId);
 ❯ reportScandal src/engine/governance/GovernanceService.ts:48:3
 ❯ src/engine/__tests__/governance/GovernanceService.test.ts:45:5

⎯⎯⎯⎯⎯⎯⎯⎯⎯⎯⎯⎯⎯⎯⎯⎯⎯⎯⎯⎯⎯⎯[13/21]⎯

 FAIL  src/engine/__tests__/governance/GovernanceService.test.ts > reportScandal — score bumps > accumulates across multiple scandals
TypeError: Cannot read properties of undefined (reading 'mediaState')
 ❯ generateGovernanceHeadline src/engine/systems/media/MediaService.ts:321:14
    319| }): void {
    320|   const { world, heyaId, templatePath, severity = 'minor' } = args;
    321|   if (!world.mediaState) return;
       |              ^
    322|
    323|   const heya = world.heyas.get(heyaId);
 ❯ reportScandal src/engine/governance/GovernanceService.ts:48:3
 ❯ src/engine/__tests__/governance/GovernanceService.test.ts:51:5

⎯⎯⎯⎯⎯⎯⎯⎯⎯⎯⎯⎯⎯⎯⎯⎯⎯⎯⎯⎯⎯⎯[14/21]⎯

 FAIL  src/engine/__tests__/governance/GovernanceService.test.ts > reportScandal — governance log > creates a ruling entry in world.governanceLog
TypeError: Cannot read properties of undefined (reading 'mediaState')
 ❯ generateGovernanceHeadline src/engine/systems/media/MediaService.ts:321:14
    319| }): void {
    320|   const { world, heyaId, templatePath, severity = 'minor' } = args;
    321|   if (!world.mediaState) return;
       |              ^
    322|
    323|   const heya = world.heyas.get(heyaId);
 ❯ reportScandal src/engine/governance/GovernanceService.ts:48:3
 ❯ src/engine/__tests__/governance/GovernanceService.test.ts:65:5

⎯⎯⎯⎯⎯⎯⎯⎯⎯⎯⎯⎯⎯⎯⎯⎯⎯⎯⎯⎯⎯⎯[15/21]⎯

 FAIL  src/engine/__tests__/governance/GovernanceService.test.ts > reportScandal — governance log > ruling records the correct scandalScoreDelta
TypeError: Cannot read properties of undefined (reading 'mediaState')
 ❯ generateGovernanceHeadline src/engine/systems/media/MediaService.ts:321:14
    319| }): void {
    320|   const { world, heyaId, templatePath, severity = 'minor' } = args;
    321|   if (!world.mediaState) return;
       |              ^
    322|
    323|   const heya = world.heyas.get(heyaId);
 ❯ reportScandal src/engine/governance/GovernanceService.ts:48:3
 ❯ src/engine/__tests__/governance/GovernanceService.test.ts:72:5

⎯⎯⎯⎯⎯⎯⎯⎯⎯⎯⎯⎯⎯⎯⎯⎯⎯⎯⎯⎯⎯⎯[16/21]⎯

 FAIL  src/engine/__tests__/governance/GovernanceService.test.ts > reportScandal — governance log > ruling severity maps: critical→high, major→medium, minor→low
TypeError: Cannot read properties of undefined (reading 'mediaState')
 ❯ generateGovernanceHeadline src/engine/systems/media/MediaService.ts:321:14
    319| }): void {
    320|   const { world, heyaId, templatePath, severity = 'minor' } = args;
    321|   if (!world.mediaState) return;
       |              ^
    322|
    323|   const heya = world.heyas.get(heyaId);
 ❯ reportScandal src/engine/governance/GovernanceService.ts:48:3
 ❯ src/engine/__tests__/governance/GovernanceService.test.ts:78:5

⎯⎯⎯⎯⎯⎯⎯⎯⎯⎯⎯⎯⎯⎯⎯⎯⎯⎯⎯⎯⎯⎯[17/21]⎯

 FAIL  src/engine/__tests__/governance/GovernanceService.test.ts > tickWeekGovernance — status threshold transitions > transitions to 'probation' when post-decay score is 30
TypeError: Cannot read properties of undefined (reading 'mediaState')
 ❯ generateGovernanceHeadline src/engine/systems/media/MediaService.ts:321:14
    319| }): void {
    320|   const { world, heyaId, templatePath, severity = 'minor' } = args;
    321|   if (!world.mediaState) return;
       |              ^
    322|
    323|   const heya = world.heyas.get(heyaId);
 ❯ tickWeekGovernance src/engine/governance/GovernanceService.ts:88:9
 ❯ src/engine/__tests__/governance/GovernanceService.test.ts:125:5

⎯⎯⎯⎯⎯⎯⎯⎯⎯⎯⎯⎯⎯⎯⎯⎯⎯⎯⎯⎯⎯⎯[18/21]⎯

 FAIL  src/engine/__tests__/governance/GovernanceService.test.ts > tickWeekGovernance — status threshold transitions > transitions to 'sanctioned' when post-decay score is 60
TypeError: Cannot read properties of undefined (reading 'mediaState')
 ❯ generateGovernanceHeadline src/engine/systems/media/MediaService.ts:321:14
    319| }): void {
    320|   const { world, heyaId, templatePath, severity = 'minor' } = args;
    321|   if (!world.mediaState) return;
       |              ^
    322|
    323|   const heya = world.heyas.get(heyaId);
 ❯ tickWeekGovernance src/engine/governance/GovernanceService.ts:88:9
 ❯ src/engine/__tests__/governance/GovernanceService.test.ts:131:5

⎯⎯⎯⎯⎯⎯⎯⎯⎯⎯⎯⎯⎯⎯⎯⎯⎯⎯⎯⎯⎯⎯[19/21]⎯

 FAIL  src/engine/__tests__/governance/GovernanceService.test.ts > tickWeekGovernance — status threshold transitions > handles multiple heyas independently
TypeError: Cannot read properties of undefined (reading 'mediaState')
 ❯ generateGovernanceHeadline src/engine/systems/media/MediaService.ts:321:14
    319| }): void {
    320|   const { world, heyaId, templatePath, severity = 'minor' } = args;
    321|   if (!world.mediaState) return;
       |              ^
    322|
    323|   const heya = world.heyas.get(heyaId);
 ❯ tickWeekGovernance src/engine/governance/GovernanceService.ts:88:9
 ❯ src/engine/__tests__/governance/GovernanceService.test.ts:148:5

⎯⎯⎯⎯⎯⎯⎯⎯⎯⎯⎯⎯⎯⎯⎯⎯⎯⎯⎯⎯⎯⎯[20/21]⎯


 Test Files  10 failed | 43 passed (53)
      Tests  15 failed | 394 passed (409)
   Start at  07:41:42
   Duration  7.79s (transform 5.49s, setup 0ms, import 6.41s, tests 4.82s, environment 40.79s)

