// Bun Snapshot v1, https://bun.sh/docs/test/snapshots

exports[`BoutResult snapshot BoutResult shape snapshot 1`] = `
{
  "boutId": "test-001",
  "duration": 120,
  "excitementScore": 20,
  "isKinboshi": false,
  "kenshoEnvelopes": 0,
  "kimarite": "oshitaoshi",
  "kimariteName": "oshitaoshi",
  "log": [
    {
      "clock": 0,
      "data": {
        "margin": 0,
        "tachiaiWinner": "east",
      },
      "phase": "tachiai",
    },
    {
      "clock": 10,
      "data": {
        "attackerSide": "east",
        "eastLateral": 0,
        "engagementAngle": 0,
        "family": "push",
        "forceDiff": 1.2000000000000002,
        "lateralOffsetDiff": 0,
        "tick": 5,
        "westLateral": 0,
      },
      "phase": "engagement",
    },
    {
      "clock": 20,
      "data": {
        "attackerSide": "east",
        "eastLateral": 0,
        "engagementAngle": 0,
        "family": "push",
        "forceDiff": 1.2000000000000002,
        "lateralOffsetDiff": 0,
        "tick": 10,
        "westLateral": 0,
      },
      "phase": "engagement",
    },
    {
      "clock": 30,
      "data": {
        "attackerSide": "east",
        "eastLateral": 0,
        "engagementAngle": 0,
        "family": "push",
        "forceDiff": 1.2000000000000002,
        "lateralOffsetDiff": 0,
        "tick": 15,
        "westLateral": 0,
      },
      "phase": "engagement",
    },
    {
      "clock": 40,
      "data": {
        "attackerSide": "east",
        "eastLateral": 0,
        "engagementAngle": 0,
        "family": "push",
        "forceDiff": 1.2000000000000002,
        "lateralOffsetDiff": 0,
        "tick": 20,
        "westLateral": 0,
      },
      "phase": "engagement",
    },
    {
      "clock": 50,
      "data": {
        "attackerSide": "east",
        "eastLateral": 0,
        "engagementAngle": 0,
        "family": "push",
        "forceDiff": 1.2000000000000002,
        "lateralOffsetDiff": 0,
        "tick": 25,
        "westLateral": 0,
      },
      "phase": "engagement",
    },
    {
      "clock": 60,
      "data": {
        "attackerSide": "east",
        "eastLateral": 0,
        "engagementAngle": 0,
        "family": "push",
        "forceDiff": 1.2000000000000002,
        "lateralOffsetDiff": 0,
        "tick": 30,
        "westLateral": 0,
      },
      "phase": "engagement",
    },
    {
      "clock": 70,
      "data": {
        "attackerSide": "east",
        "eastLateral": 0,
        "engagementAngle": 0,
        "family": "push",
        "forceDiff": 1.2000000000000002,
        "lateralOffsetDiff": 0,
        "tick": 35,
        "westLateral": 0,
      },
      "phase": "engagement",
    },
    {
      "clock": 80,
      "data": {
        "attackerSide": "east",
        "eastLateral": 0,
        "engagementAngle": 0,
        "family": "push",
        "forceDiff": 1.2000000000000002,
        "lateralOffsetDiff": 0,
        "tick": 40,
        "westLateral": 0,
      },
      "phase": "engagement",
    },
    {
      "clock": 90,
      "data": {
        "attackerSide": "east",
        "eastLateral": 0,
        "engagementAngle": 0,
        "family": "push",
        "forceDiff": 1.2000000000000002,
        "lateralOffsetDiff": 0,
        "tick": 45,
        "westLateral": 0,
      },
      "phase": "engagement",
    },
    {
      "clock": 100,
      "data": {
        "attackerSide": "east",
        "eastLateral": 0,
        "engagementAngle": 0,
        "family": "push",
        "forceDiff": 1.2000000000000002,
        "lateralOffsetDiff": 0,
        "tick": 50,
        "westLateral": 0,
      },
      "phase": "engagement",
    },
    {
      "clock": 110,
      "data": {
        "attackerSide": "east",
        "eastLateral": 0,
        "engagementAngle": 0,
        "family": "push",
        "forceDiff": 1.2000000000000002,
        "lateralOffsetDiff": 0,
        "tick": 55,
        "westLateral": 0,
      },
      "phase": "engagement",
    },
    {
      "clock": 120,
      "data": {
        "attackerSide": "east",
        "eastLateral": 0,
        "engagementAngle": 0,
        "family": "push",
        "forceDiff": 1.2000000000000002,
        "lateralOffsetDiff": 0,
        "tick": 60,
        "westLateral": 0,
      },
      "phase": "engagement",
    },
  ],
  "loserRikishiId": "r2",
  "stance": "push-dominant",
  "tachiaiWinner": "east",
  "upset": false,
  "winner": "east",
  "winnerRikishiId": "r1",
}
`;
