// Vitest Snapshot v1, https://vitest.dev/guide/snapshot.html

exports[`BoutResult snapshot > BoutResult shape snapshot 1`] = `
{
  "archetypeMatchup": {
    "counterActivated": true,
    "eastArchetype": "all_rounder",
    "westArchetype": "all_rounder",
  },
  "boutId": "test-001",
  "day": 1,
  "duration": 240,
  "excitementScore": 40,
  "inBoutInjury": null,
  "isKinboshi": false,
  "isTimeout": true,
  "kenshoEnvelopes": 0,
  "kimarite": "yorikiri",
  "kimariteName": "yorikiri",
  "log": [
    {
      "clock": 0,
      "data": {
        "contactPoint": "chest",
        "eastArchetype": "all_rounder",
        "eastPower": 50.3,
        "eastTachiaiBonus": 0,
        "intensity": "even",
        "margin": 3.851194899579788,
        "speedRating": 50,
        "tachiaiType": "chest_clash",
        "tachiaiWinner": "east",
        "westArchetype": "all_rounder",
        "westPower": 46.5,
        "westTachiaiBonus": 0,
      },
      "phase": "tachiai",
    },
    {
      "clock": 10,
      "data": {
        "attackerSide": "east",
        "eastAngularAuthority": 0.001028818735175662,
        "eastDepth": "standard",
        "eastFacingAngle": 0,
        "eastFatigue": 2.5,
        "eastGripClass": "shitate",
        "eastLateral": 0,
        "eastTorque": 24.587024722429465,
        "family": "belt",
        "tick": 5,
        "torqueAdvantage": 0.514409367587831,
        "westAngularAuthority": 0,
        "westDepth": "standard",
        "westFacingAngle": -0.0038083924156055676,
        "westFatigue": 2.5,
        "westGripClass": "outside",
        "westLateral": -0.0009012552387827863,
        "westTorque": 24.072615354841634,
      },
      "phase": "engagement",
    },
    {
      "clock": 20,
      "data": {
        "eastFatigue": 4.5,
        "fatigueDelta": 0,
        "westFatigue": 4.5,
      },
      "phase": "fatigue",
    },
    {
      "clock": 20,
      "data": {
        "attackerSide": "east",
        "eastAngularAuthority": 0.0010043611649709022,
        "eastDepth": "standard",
        "eastFacingAngle": 0,
        "eastFatigue": 5,
        "eastGripClass": "shitate",
        "eastLateral": 0,
        "eastTorque": 24.002530231110995,
        "family": "belt",
        "tick": 10,
        "torqueAdvantage": 0.502180582485451,
        "westAngularAuthority": 0,
        "westDepth": "standard",
        "westFacingAngle": -0.0059868572663647895,
        "westFatigue": 5,
        "westGripClass": "outside",
        "westLateral": -0.0021021296234296867,
        "westTorque": 23.500349648625544,
      },
      "phase": "engagement",
    },
    {
      "clock": 30,
      "data": {
        "attackerSide": "east",
        "eastAngularAuthority": 0.0009657956193380528,
        "eastDepth": "standard",
        "eastFacingAngle": 0,
        "eastFatigue": 7.5,
        "eastGripClass": "shitate",
        "eastLateral": 0,
        "eastTorque": 23.08087902911683,
        "family": "belt",
        "tick": 15,
        "torqueAdvantage": 0.4828978096690264,
        "westAngularAuthority": 0,
        "westDepth": "standard",
        "westFacingAngle": -0.007149321999070692,
        "westFatigue": 7.5,
        "westGripClass": "outside",
        "westLateral": -0.0028849688047321597,
        "westTorque": 22.597981219447803,
      },
      "phase": "engagement",
    },
    {
      "clock": 40,
      "data": {
        "eastFatigue": 9.5,
        "fatigueDelta": 0,
        "westFatigue": 9.5,
      },
      "phase": "fatigue",
    },
    {
      "clock": 40,
      "data": {
        "attackerSide": "east",
        "eastAngularAuthority": 0.0009147553765041465,
        "eastDepth": "standard",
        "eastFacingAngle": 0,
        "eastFatigue": 10,
        "eastGripClass": "shitate",
        "eastLateral": 0,
        "eastTorque": 21.861103698935114,
        "family": "belt",
        "tick": 20,
        "torqueAdvantage": 0.45737768825207326,
        "westAngularAuthority": 0,
        "westDepth": "standard",
        "westFacingAngle": -0.007663565589372029,
        "westFatigue": 10,
        "westGripClass": "outside",
        "westLateral": -0.003296566132979261,
        "westTorque": 21.40372601068304,
      },
      "phase": "engagement",
    },
    {
      "clock": 50,
      "data": {
        "attackerSide": "east",
        "eastAngularAuthority": 0.0008533538613275766,
        "eastDepth": "standard",
        "eastFacingAngle": 0,
        "eastFatigue": 12.5,
        "eastGripClass": "shitate",
        "eastLateral": 0,
        "eastTorque": 20.393711514068585,
        "family": "belt",
        "tick": 25,
        "torqueAdvantage": 0.4266769306637883,
        "westAngularAuthority": 0,
        "westDepth": "standard",
        "westFacingAngle": -0.007753950417510551,
        "westFatigue": 12.5,
        "westGripClass": "outside",
        "westLateral": -0.003456244699056597,
        "westTorque": 19.967034583404796,
      },
      "phase": "engagement",
    },
    {
      "clock": 60,
      "data": {
        "attackerSide": "east",
        "eastAngularAuthority": 0.0007840390588472701,
        "eastDepth": "standard",
        "eastFacingAngle": 0,
        "eastFatigue": 15,
        "eastGripClass": "shitate",
        "eastLateral": 0,
        "eastTorque": 18.737205169515704,
        "family": "belt",
        "tick": 30,
        "torqueAdvantage": 0.39201952942363505,
        "westAngularAuthority": 0,
        "westDepth": "standard",
        "westFacingAngle": -0.007561584603596782,
        "westFatigue": 15,
        "westGripClass": "outside",
        "westLateral": -0.0034489563068113667,
        "westTorque": 18.34518564009207,
      },
      "phase": "engagement",
    },
    {
      "clock": 70,
      "data": {
        "attackerSide": "east",
        "eastAngularAuthority": 0.0007094313496030793,
        "eastDepth": "standard",
        "eastFacingAngle": 0,
        "eastFatigue": 17.5,
        "eastGripClass": "shitate",
        "eastLateral": 0,
        "eastTorque": 16.954207320669305,
        "family": "belt",
        "tick": 35,
        "torqueAdvantage": 0.35471567480153965,
        "westAngularAuthority": 0,
        "westDepth": "standard",
        "westFacingAngle": -0.007179267339018509,
        "westFatigue": 17.5,
        "westGripClass": "outside",
        "westLateral": -0.003330064722038299,
        "westTorque": 16.599491645867765,
      },
      "phase": "engagement",
    },
    {
      "clock": 80,
      "data": {
        "attackerSide": "east",
        "eastAngularAuthority": 0.0006321597619581247,
        "eastDepth": "standard",
        "eastFacingAngle": 0,
        "eastFatigue": 20,
        "eastGripClass": "shitate",
        "eastLateral": 0,
        "eastTorque": 15.107547291248828,
        "family": "belt",
        "tick": 40,
        "torqueAdvantage": 0.31607988097906237,
        "westAngularAuthority": 0,
        "westDepth": "standard",
        "westFacingAngle": -0.0066715181895709115,
        "westFatigue": 20,
        "westGripClass": "outside",
        "westLateral": -0.003136678088540247,
        "westTorque": 14.791467410269766,
      },
      "phase": "engagement",
    },
    {
      "clock": 90,
      "data": {
        "attackerSide": "east",
        "eastAngularAuthority": 0.0005547108380545253,
        "eastDepth": "standard",
        "eastFacingAngle": 0,
        "eastFatigue": 22.5,
        "eastGripClass": "shitate",
        "eastLateral": 0,
        "eastTorque": 13.256649225693923,
        "family": "belt",
        "tick": 45,
        "torqueAdvantage": 0.2773554190272627,
        "westAngularAuthority": 0,
        "westDepth": "standard",
        "westFacingAngle": -0.00608582684741392,
        "westFatigue": 22.5,
        "westGripClass": "outside",
        "westLateral": -0.0028950262667202,
        "westTorque": 12.97929380666666,
      },
      "phase": "engagement",
    },
    {
      "clock": 100,
      "data": {
        "attackerSide": "east",
        "eastAngularAuthority": 0.0004793019447968412,
        "eastDepth": "standard",
        "eastFacingAngle": 0,
        "eastFatigue": 25,
        "eastGripClass": "shitate",
        "eastLateral": 0,
        "eastTorque": 11.454504436309794,
        "family": "belt",
        "tick": 50,
        "torqueAdvantage": 0.2396509723984206,
        "westAngularAuthority": 0,
        "westDepth": "standard",
        "westFacingAngle": -0.005458793972679437,
        "westFatigue": 25,
        "westGripClass": "outside",
        "westLateral": -0.0026246666701381463,
        "westTorque": 11.214853463911373,
      },
      "phase": "engagement",
    },
    {
      "clock": 110,
      "data": {
        "attackerSide": "east",
        "eastAngularAuthority": 0.00040778734943629045,
        "eastDepth": "standard",
        "eastFacingAngle": 0,
        "eastFatigue": 27.5,
        "eastGripClass": "shitate",
        "eastLateral": 0,
        "eastTorque": 9.745426768858437,
        "family": "belt",
        "tick": 55,
        "torqueAdvantage": 0.20389367471814523,
        "westAngularAuthority": 0,
        "westDepth": "standard",
        "westFacingAngle": -0.004819366144114731,
        "westFatigue": 27.5,
        "westGripClass": "outside",
        "westLateral": -0.002340771533904774,
        "westTorque": 9.541533094140291,
      },
      "phase": "engagement",
    },
    {
      "clock": 120,
      "data": {
        "attackerSide": "east",
        "eastAngularAuthority": 0.00034160126937434577,
        "eastDepth": "standard",
        "eastFacingAngle": 0,
        "eastFatigue": 30,
        "eastGripClass": "shitate",
        "eastLateral": 0,
        "eastTorque": 8.163691589350968,
        "family": "belt",
        "tick": 60,
        "torqueAdvantage": 0.17080063468717288,
        "westAngularAuthority": 0,
        "westDepth": "standard",
        "westFacingAngle": -0.004190486801878656,
        "westFatigue": 30,
        "westGripClass": "outside",
        "westLateral": -0.0020553276022897793,
        "westTorque": 7.992890954663795,
      },
      "phase": "engagement",
    },
    {
      "clock": 130,
      "data": {
        "attackerSide": "east",
        "eastAngularAuthority": 0.0002817379785941299,
        "eastDepth": "standard",
        "eastFacingAngle": 0,
        "eastFatigue": 32.5,
        "eastGripClass": "shitate",
        "eastLateral": 0,
        "eastTorque": 6.733060361462361,
        "family": "belt",
        "tick": 65,
        "torqueAdvantage": 0.14086898929706493,
        "westAngularAuthority": 0,
        "westDepth": "standard",
        "westFacingAngle": -0.003589949417509965,
        "westFatigue": 32.5,
        "westGripClass": "outside",
        "westLateral": -0.0017777530193059104,
        "westTorque": 6.5921913721652965,
      },
      "phase": "engagement",
    },
    {
      "clock": 140,
      "data": {
        "attackerSide": "east",
        "eastAngularAuthority": 0.00022876542929611433,
        "eastDepth": "standard",
        "eastFacingAngle": 0,
        "eastFatigue": 35,
        "eastGripClass": "shitate",
        "eastLateral": 0,
        "eastTorque": 5.4671061805462795,
        "family": "belt",
        "tick": 70,
        "torqueAdvantage": 0.11438271464805716,
        "westAngularAuthority": 0,
        "westDepth": "standard",
        "westFacingAngle": -0.003030908681907406,
        "westFatigue": 35,
        "westGripClass": "outside",
        "westLateral": -0.0015152301722684543,
        "westTorque": 5.352723465898222,
      },
      "phase": "engagement",
    },
    {
      "clock": 150,
      "data": {
        "attackerSide": "east",
        "eastAngularAuthority": 0.00018286611438984046,
        "eastDepth": "standard",
        "eastFacingAngle": 0,
        "eastFatigue": 37.5,
        "eastGripClass": "shitate",
        "eastLateral": 0,
        "eastTorque": 4.3701903179571415,
        "family": "belt",
        "tick": 75,
        "torqueAdvantage": 0.09143305719492023,
        "westAngularAuthority": 0,
        "westDepth": "standard",
        "westFacingAngle": -0.002522299045690895,
        "westFatigue": 37.5,
        "westGripClass": "outside",
        "westLateral": -0.001272925122516336,
        "westTorque": 4.278757260762221,
      },
      "phase": "engagement",
    },
    {
      "clock": 160,
      "data": {
        "attackerSide": "east",
        "eastAngularAuthority": 0.00014389726678227445,
        "eastDepth": "standard",
        "eastFacingAngle": 0,
        "eastFatigue": 40,
        "eastGripClass": "shitate",
        "eastLateral": 0,
        "eastTorque": 3.4389008820505977,
        "family": "belt",
        "tick": 80,
        "torqueAdvantage": 0.07194863339113722,
        "westAngularAuthority": 0,
        "westDepth": "standard",
        "westFacingAngle": -0.002069280540749256,
        "westFatigue": 40,
        "westGripClass": "outside",
        "westLateral": -0.0010541841654225512,
        "westTorque": 3.3669522486594605,
      },
      "phase": "engagement",
    },
    {
      "clock": 170,
      "data": {
        "attackerSide": "east",
        "eastAngularAuthority": 0.00011146199436431736,
        "eastDepth": "standard",
        "eastFacingAngle": 0,
        "eastFatigue": 42.5,
        "eastGripClass": "shitate",
        "eastLateral": 0,
        "eastTorque": 2.6637528238429544,
        "family": "belt",
        "tick": 85,
        "torqueAdvantage": 0.05573099718215868,
        "westAngularAuthority": 0,
        "westDepth": "standard",
        "westFacingAngle": -0.0016737520886659723,
        "westFatigue": 42.5,
        "westGripClass": "outside",
        "westLateral": -0.0008607481591344847,
        "westTorque": 2.6080218266607957,
      },
      "phase": "engagement",
    },
    {
      "clock": 180,
      "data": {
        "attackerSide": "east",
        "eastAngularAuthority": 0.0000849834553448936,
        "eastDepth": "standard",
        "eastFacingAngle": 0,
        "eastFatigue": 45,
        "eastGripClass": "shitate",
        "eastLateral": 0,
        "eastTorque": 2.0309606018261315,
        "family": "belt",
        "tick": 90,
        "torqueAdvantage": 0.0424917276724468,
        "westAngularAuthority": 0,
        "westDepth": "standard",
        "westFacingAngle": -0.0013349260215810492,
        "westFatigue": 45,
        "westGripClass": "outside",
        "westLateral": -0.0006929950127889836,
        "westTorque": 1.9884688741536847,
      },
      "phase": "engagement",
    },
    {
      "clock": 190,
      "data": {
        "attackerSide": "east",
        "eastAngularAuthority": 0.00006377544369229016,
        "eastDepth": "standard",
        "eastFacingAngle": 0,
        "eastFatigue": 47.5,
        "eastGripClass": "shitate",
        "eastLateral": 0,
        "eastTorque": 1.5241250544280538,
        "family": "belt",
        "tick": 95,
        "torqueAdvantage": 0.03188772184614508,
        "westAngularAuthority": 0,
        "westDepth": "standard",
        "westFacingAngle": -0.0010499338343497356,
        "westFatigue": 47.5,
        "westGripClass": "outside",
        "westLateral": -0.0005502036932991438,
        "westTorque": 1.4922373325819087,
      },
      "phase": "engagement",
    },
    {
      "clock": 200,
      "data": {
        "attackerSide": "east",
        "eastAngularAuthority": 0.00004710447836579723,
        "eastDepth": "standard",
        "eastFacingAngle": 0,
        "eastFatigue": 50,
        "eastGripClass": "shitate",
        "eastLateral": 0,
        "eastTorque": 1.125717227456235,
        "family": "belt",
        "tick": 100,
        "torqueAdvantage": 0.023552239182898616,
        "westAngularAuthority": 0,
        "westDepth": "standard",
        "westFacingAngle": -0.0008144250230199907,
        "westFatigue": 50,
        "westGripClass": "outside",
        "westLateral": -0.0004308251015068,
        "westTorque": 1.1021649882733364,
      },
      "phase": "engagement",
    },
    {
      "clock": 210,
      "data": {
        "attackerSide": "east",
        "eastAngularAuthority": 0.00003424037037333694,
        "eastDepth": "standard",
        "eastFacingAngle": 0,
        "eastFatigue": 52.5,
        "eastGripClass": "shitate",
        "eastLateral": 0,
        "eastTorque": 0.8182868411028877,
        "family": "belt",
        "tick": 105,
        "torqueAdvantage": 0.01712018518666847,
        "westAngularAuthority": 0,
        "westDepth": "standard",
        "westFacingAngle": -0.0006231228477517776,
        "westFatigue": 52.5,
        "westGripClass": "outside",
        "westLateral": -0.0003327432243019582,
        "westTorque": 0.8011666559162193,
      },
      "phase": "engagement",
    },
    {
      "clock": 220,
      "data": {
        "attackerSide": "east",
        "eastAngularAuthority": 0.000024494019016792823,
        "eastDepth": "standard",
        "eastFacingAngle": 0,
        "eastFatigue": 55,
        "eastGripClass": "shitate",
        "eastLateral": 0,
        "eastTorque": 0.5853655561732183,
        "family": "belt",
        "tick": 110,
        "torqueAdvantage": 0.012247009508396411,
        "westAngularAuthority": 0,
        "westDepth": "standard",
        "westFacingAngle": -0.0004703087788556344,
        "westFatigue": 55,
        "westGripClass": "outside",
        "westLateral": -0.0002535118566431413,
        "westTorque": 0.5731185466648219,
      },
      "phase": "engagement",
    },
    {
      "clock": 230,
      "data": {
        "attackerSide": "east",
        "eastAngularAuthority": 0.000017242675065515466,
        "eastDepth": "standard",
        "eastFacingAngle": 0,
        "eastFatigue": 57.5,
        "eastGripClass": "shitate",
        "eastLateral": 0,
        "eastTorque": 0.41207072113072507,
        "family": "belt",
        "tick": 115,
        "torqueAdvantage": 0.008621337532757734,
        "westAngularAuthority": 0,
        "westDepth": "standard",
        "westFacingAngle": -0.00035021796453190514,
        "westFatigue": 57.5,
        "westGripClass": "outside",
        "westLateral": -0.0001905561717302754,
        "westTorque": 0.40344938359796734,
      },
      "phase": "engagement",
    },
    {
      "clock": 240,
      "data": {
        "attackerSide": "east",
        "eastAngularAuthority": 0.00001194399861441664,
        "eastDepth": "standard",
        "eastFacingAngle": 0,
        "eastFatigue": 60,
        "eastGripClass": "shitate",
        "eastLateral": 0,
        "eastTorque": 0.28544133108848996,
        "family": "belt",
        "tick": 120,
        "torqueAdvantage": 0.00597199930720832,
        "westAngularAuthority": 0,
        "westDepth": "standard",
        "westFacingAngle": -0.0002573388643862996,
        "westFatigue": 60,
        "westGripClass": "outside",
        "westLateral": -0.00014133317293442657,
        "westTorque": 0.27946933178128164,
      },
      "phase": "engagement",
    },
    {
      "clock": 240,
      "data": {
        "decisionBasis": "east_stability",
        "eastForce": 0,
        "eastMomentum": 0.2631143654392512,
        "westForce": 0,
        "westMomentum": 0,
      },
      "phase": "bout_timeout",
    },
  ],
  "loserRikishiId": "r2",
  "momentumScore": 0.2631143654392512,
  "monoii": false,
  "stance": "belt-dominant",
  "tachiaiWinner": "east",
  "upset": false,
  "winner": "east",
  "winnerRikishiId": "r1",
}
`;
