// Vitest Snapshot v1, https://vitest.dev/guide/snapshot.html

exports[`BoutResult snapshot > BoutResult shape snapshot 1`] = `
{
  "boutId": "test-001",
  "duration": 18,
  "excitementScore": 3,
  "isKinboshi": false,
  "kenshoEnvelopes": 0,
  "kimarite": "oshidashi",
  "kimariteName": "oshidashi",
  "log": [
    {
      "clock": 0,
      "data": {
        "margin": 5.091436603477604,
        "tachiaiWinner": "west",
      },
      "phase": "tachiai",
    },
    {
      "clock": 10,
      "data": {
        "attackerSide": "west",
        "eastLateral": 0.258768,
        "engagementAngle": 0.223776,
        "family": "push",
        "forceDiff": -6.502907118354688,
        "lateralOffsetDiff": 0.223776,
        "tick": 5,
        "westLateral": 0,
      },
      "phase": "engagement",
    },
  ],
  "loserRikishiId": "r1",
  "stance": "push-dominant",
  "tachiaiWinner": "west",
  "upset": false,
  "winner": "west",
  "winnerRikishiId": "r2",
}
`;
